Copyright 1986-2022 Xilinx, Inc. All Rights Reserved. Copyright 2022-2026 Advanced Micro Devices, Inc. All Rights Reserved.
---------------------------------------------------------------------------------------------------------------------------------------------------------------------------------------------
| Tool Version : Vivado v.2026.1 (win64) Build 6511674 Tue Jun 16 11:02:23 MDT 2026
| Date         : Tue Aug 11 23:02:01 2026
| Host         : DESKTOP-6U6OFON running 64-bit major release  (build 9200)
| Command      : report_timing -sort_by group -max_paths 1 -path_type full -input_pins -file C:/Python/5-stage-pipelined-processor-main/fpga/vivado/reports/inorder/200mhz/critical_path.rpt
| Design       : PIPELINED
| Device       : 7k325t-ffg900
| Speed File   : -2  PRODUCTION 1.12 2017-02-17
| Design State : Routed
---------------------------------------------------------------------------------------------------------------------------------------------------------------------------------------------

Timing Report

Slack (MET) :             0.306ns  (required time - arrival time)
  Source:                 gen_mmu_ptw_sv32.m_Ptw/FSM_sequential_state_reg[1]/C
                            (rising edge-triggered cell FDRE clocked by clk  {rise@0.000ns fall@2.500ns period=5.000ns})
  Destination:            gen_mmu_ptw_sv32.m_Ptw/pte_r_reg[0]/CE
                            (rising edge-triggered cell FDRE clocked by clk  {rise@0.000ns fall@2.500ns period=5.000ns})
  Path Group:             clk
  Path Type:              Setup (Max at Slow Process Corner)
  Requirement:            5.000ns  (clk rise@5.000ns - clk rise@0.000ns)
  Data Path Delay:        4.430ns  (logic 0.903ns (20.381%)  route 3.527ns (79.619%))
  Logic Levels:           9  (LUT2=3 LUT3=3 LUT4=2 LUT6=1)
  Clock Path Skew:        -0.027ns (DCD - SCD + CPR)
    Destination Clock Delay (DCD):    0.510ns = ( 5.510 - 5.000 ) 
    Source Clock Delay      (SCD):    0.537ns
    Clock Pessimism Removal (CPR):    0.000ns
  Clock Uncertainty:      0.035ns  ((TSJ^2 + TIJ^2)^1/2 + DJ) / 2 + PE
    Total System Jitter     (TSJ):    0.071ns
    Total Input Jitter      (TIJ):    0.000ns
    Discrete Jitter          (DJ):    0.000ns
    Phase Error              (PE):    0.000ns

    Location             Delay type                Incr(ns)  Path(ns)    Netlist Resource(s)
  -------------------------------------------------------------------    -------------------
                         (clock clk rise edge)        0.000     0.000 r  <hidden>
                         propagated clock network latency
                                                      0.537     0.537    <hidden>
    SLICE_X13Y191        FDRE                         0.000     0.537 r  gen_mmu_ptw_sv32.m_Ptw/FSM_sequential_state_reg[1]/C
    SLICE_X13Y191        FDRE (Prop_fdre_C_Q)         0.223     0.760 f  gen_mmu_ptw_sv32.m_Ptw/FSM_sequential_state_reg[1]/Q
                         net (fo=29, routed)          0.409     1.169    gen_mmu_ptw_sv32.m_Ptw/state[1]
    SLICE_X12Y190                                                     f  gen_mmu_ptw_sv32.m_Ptw/mailbox_m_addr[31]_INST_0_i_1/I0
    SLICE_X12Y190        LUT3 (Prop_lut3_I0_O)        0.043     1.212 r  gen_mmu_ptw_sv32.m_Ptw/mailbox_m_addr[31]_INST_0_i_1/O
                         net (fo=23, routed)          0.402     1.614    gen_mmu_ptw_sv32.m_Ptw/mailbox_m_addr[31]_INST_0_i_1_n_0
    SLICE_X12Y191                                                     r  gen_mmu_ptw_sv32.m_Ptw/mailbox_m_addr[18]_INST_0/I0
    SLICE_X12Y191        LUT3 (Prop_lut3_I0_O)        0.043     1.657 f  gen_mmu_ptw_sv32.m_Ptw/mailbox_m_addr[18]_INST_0/O
                         net (fo=3, routed)           0.373     2.030    gen_mmu_ptw_sv32.m_Ptw/D[13]
    SLICE_X12Y191                                                     f  gen_mmu_ptw_sv32.m_Ptw/mailbox_m_stb_INST_0_i_3/I0
    SLICE_X12Y191        LUT4 (Prop_lut4_I0_O)        0.043     2.073 f  gen_mmu_ptw_sv32.m_Ptw/mailbox_m_stb_INST_0_i_3/O
                         net (fo=2, routed)           0.342     2.415    gen_mmu_ptw_sv32.m_Ptw/mailbox_m_stb_INST_0_i_3_n_0
    SLICE_X12Y191                                                     f  gen_mmu_ptw_sv32.m_Ptw/pte_r[29]_i_9/I3
    SLICE_X12Y191        LUT4 (Prop_lut4_I3_O)        0.049     2.464 f  gen_mmu_ptw_sv32.m_Ptw/pte_r[29]_i_9/O
                         net (fo=2, routed)           0.417     2.881    gen_mmu_ptw_sv32.m_Ptw/pte_r[29]_i_9_n_0
    SLICE_X11Y190                                                     f  gen_mmu_ptw_sv32.m_Ptw/rx_ready_i_6/I2
    SLICE_X11Y190        LUT3 (Prop_lut3_I2_O)        0.141     3.022 f  gen_mmu_ptw_sv32.m_Ptw/rx_ready_i_6/O
                         net (fo=2, routed)           0.215     3.237    gen_mmu_ptw_sv32.m_Ptw/rx_ready_i_6_n_0
    SLICE_X12Y190                                                     f  gen_mmu_ptw_sv32.m_Ptw/rx_ready_i_2/I1
    SLICE_X12Y190        LUT2 (Prop_lut2_I1_O)        0.136     3.373 f  gen_mmu_ptw_sv32.m_Ptw/rx_ready_i_2/O
                         net (fo=1, routed)           0.359     3.732    gen_mmu_ptw_sv32.m_Ptw/rx_ready_i_2_n_0
    SLICE_X12Y190                                                     f  gen_mmu_ptw_sv32.m_Ptw/pte_r[0]_i_2/I1
    SLICE_X12Y190        LUT2 (Prop_lut2_I1_O)        0.050     3.782 f  gen_mmu_ptw_sv32.m_Ptw/pte_r[0]_i_2/O
                         net (fo=6, routed)           0.345     4.127    gen_mmu_ptw_sv32.m_Ptw/pte_r[0]_i_2_n_0
    SLICE_X12Y189                                                     f  gen_mmu_ptw_sv32.m_Ptw/FSM_sequential_state[2]_i_2/I0
    SLICE_X12Y189        LUT6 (Prop_lut6_I0_O)        0.132     4.259 r  gen_mmu_ptw_sv32.m_Ptw/FSM_sequential_state[2]_i_2/O
                         net (fo=4, routed)           0.351     4.611    gen_mmu_ptw_sv32.m_Ptw/FSM_sequential_state[2]_i_2_n_0
    SLICE_X12Y191                                                     r  gen_mmu_ptw_sv32.m_Ptw/pte_r[29]_i_1/I0
    SLICE_X12Y191        LUT2 (Prop_lut2_I0_O)        0.043     4.654 r  gen_mmu_ptw_sv32.m_Ptw/pte_r[29]_i_1/O
                         net (fo=25, routed)          0.314     4.967    gen_mmu_ptw_sv32.m_Ptw/pte_r[29]_i_1_n_0
    SLICE_X17Y191        FDRE                                         r  gen_mmu_ptw_sv32.m_Ptw/pte_r_reg[0]/CE
  -------------------------------------------------------------------    -------------------

                         (clock clk rise edge)        5.000     5.000 r  <hidden>
                         propagated clock network latency
                                                      0.510     5.510    <hidden>
                         clock pessimism              0.000     5.510    <hidden>
                         clock uncertainty           -0.035     5.475    <hidden>
    SLICE_X17Y191        FDRE (Setup_fdre_C_CE)      -0.201     5.274    gen_mmu_ptw_sv32.m_Ptw/pte_r_reg[0]
  -------------------------------------------------------------------
                         required time                          5.274    <hidden>
                         arrival time                          -4.967    <hidden>
  -------------------------------------------------------------------
                         slack                                  0.306    <hidden>




