Copyright 1986-2022 Xilinx, Inc. All Rights Reserved. Copyright 2022-2026 Advanced Micro Devices, Inc. All Rights Reserved.
------------------------------------------------------------------------------------------------------------------------------------------------------------
| Tool Version : Vivado v.2026.1 (win64) Build 6511674 Tue Jun 16 11:02:23 MDT 2026
| Date         : Tue Aug 11 23:02:01 2026
| Host         : DESKTOP-6U6OFON running 64-bit major release  (build 9200)
| Command      : report_timing_summary -file C:/Python/5-stage-pipelined-processor-main/fpga/vivado/reports/inorder/200mhz/timing_summary.rpt -max_paths 10
| Design       : PIPELINED
| Device       : 7k325t-ffg900
| Speed File   : -2  PRODUCTION 1.12 2017-02-17
| Design State : Routed
------------------------------------------------------------------------------------------------------------------------------------------------------------

Timing Summary Report

------------------------------------------------------------------------------------------------
| Timer Settings
| --------------
------------------------------------------------------------------------------------------------

  Enable Multi Corner Analysis               :  Yes
  Enable Pessimism Removal                   :  Yes
  Pessimism Removal Resolution               :  Nearest Common Node
  Enable Input Delay Default Clock           :  No
  Enable Preset / Clear Arcs                 :  No
  Disable Flight Delays                      :  No
  Ignore I/O Paths                           :  No
  Timing Early Launch at Borrowing Latches   :  No
  Borrow Time for Max Delay Exceptions       :  Yes
  Merge Timing Exceptions                    :  Yes
  Inter-SLR Compensation                     :  Conservative

  Corner  Analyze    Analyze    
  Name    Max Paths  Min Paths  
  ------  ---------  ---------  
  Slow    Yes        Yes        
  Fast    Yes        Yes        


------------------------------------------------------------------------------------------------
| Report Methodology
| ------------------
------------------------------------------------------------------------------------------------

Rule       Severity  Description                     Violations  
---------  --------  ------------------------------  ----------  
TIMING-18  Warning   Missing input or output delay   628         
TIMING-20  Warning   Non-clocked latch               1           
LATCH-1    Advisory  Existing latches in the design  1           

Note: This report is based on the most recent report_methodology run and may not be up-to-date. Run report_methodology on the current design for the latest report.



check_timing report

Table of Contents
-----------------
1. checking no_clock (1)
2. checking constant_clock (0)
3. checking pulse_width_clock (0)
4. checking unconstrained_internal_endpoints (2)
5. checking no_input_delay (28)
6. checking no_output_delay (477)
7. checking multiple_clock (0)
8. checking generated_clocks (0)
9. checking loops (0)
10. checking partial_input_delay (0)
11. checking partial_output_delay (0)
12. checking latch_loops (0)

1. checking no_clock (1)
------------------------
 There is 1 register/latch pin with no clock driven by root clock pin: m_reg2/ALUSrc_regde_reg/Q (HIGH)


2. checking constant_clock (0)
------------------------------
 There are 0 register/latch pins with constant_clock.


3. checking pulse_width_clock (0)
---------------------------------
 There are 0 register/latch pins which need pulse_width check


4. checking unconstrained_internal_endpoints (2)
------------------------------------------------
 There are 2 pins that are not constrained for maximum delay. (HIGH)

 There are 0 pins that are not constrained for maximum delay due to constant clock.


5. checking no_input_delay (28)
-------------------------------
 There are 28 input ports with no input delay specified. (HIGH)

 There are 0 input ports with no input delay but user has a false path constraint.


6. checking no_output_delay (477)
---------------------------------
 There are 477 ports with no output delay specified. (HIGH)

 There are 0 ports with no output delay but user has a false path constraint

 There are 0 ports with no output delay but with a timing clock defined on it or propagating through it


7. checking multiple_clock (0)
------------------------------
 There are 0 register/latch pins with multiple clocks.


8. checking generated_clocks (0)
--------------------------------
 There are 0 generated clocks that are not connected to a clock source.


9. checking loops (0)
---------------------
 There are 0 combinational loops in the design.


10. checking partial_input_delay (0)
------------------------------------
 There are 0 input ports with partial input delay specified.


11. checking partial_output_delay (0)
-------------------------------------
 There are 0 ports with partial output delay specified.


12. checking latch_loops (0)
----------------------------
 There are 0 combinational latch loops in the design through latch input



------------------------------------------------------------------------------------------------
| Design Timing Summary
| ---------------------
------------------------------------------------------------------------------------------------

    WNS(ns)      TNS(ns)  TNS Failing Endpoints  TNS Total Endpoints      WHS(ns)      THS(ns)  THS Failing Endpoints  THS Total Endpoints     WPWS(ns)     TPWS(ns)  TPWS Failing Endpoints  TPWS Total Endpoints  
    -------      -------  ---------------------  -------------------      -------      -------  ---------------------  -------------------     --------     --------  ----------------------  --------------------  
      0.306        0.000                      0                  864        0.094        0.000                      0                  864        1.732        0.000                       0                   583  


All user specified timing constraints are met.


------------------------------------------------------------------------------------------------
| Clock Summary
| -------------
------------------------------------------------------------------------------------------------

Clock  Waveform(ns)         Period(ns)      Frequency(MHz)
-----  ------------         ----------      --------------
clk    {0.000 2.500}        5.000           200.000         


------------------------------------------------------------------------------------------------
| Intra Clock Table
| -----------------
------------------------------------------------------------------------------------------------

Clock             WNS(ns)      TNS(ns)  TNS Failing Endpoints  TNS Total Endpoints      WHS(ns)      THS(ns)  THS Failing Endpoints  THS Total Endpoints     WPWS(ns)     TPWS(ns)  TPWS Failing Endpoints  TPWS Total Endpoints  
-----             -------      -------  ---------------------  -------------------      -------      -------  ---------------------  -------------------     --------     --------  ----------------------  --------------------  
clk                 0.306        0.000                      0                  864        0.094        0.000                      0                  864        1.732        0.000                       0                   583  


------------------------------------------------------------------------------------------------
| Inter Clock Table
| -----------------
------------------------------------------------------------------------------------------------

From Clock    To Clock          WNS(ns)      TNS(ns)  TNS Failing Endpoints  TNS Total Endpoints      WHS(ns)      THS(ns)  THS Failing Endpoints  THS Total Endpoints  
----------    --------          -------      -------  ---------------------  -------------------      -------      -------  ---------------------  -------------------  


------------------------------------------------------------------------------------------------
| Other Path Groups Table
| -----------------------
------------------------------------------------------------------------------------------------

Path Group    From Clock    To Clock          WNS(ns)      TNS(ns)  TNS Failing Endpoints  TNS Total Endpoints      WHS(ns)      THS(ns)  THS Failing Endpoints  THS Total Endpoints  
----------    ----------    --------          -------      -------  ---------------------  -------------------      -------      -------  ---------------------  -------------------  


------------------------------------------------------------------------------------------------
| Timing Details
| --------------
------------------------------------------------------------------------------------------------


---------------------------------------------------------------------------------------------------
From Clock:  clk
  To Clock:  clk

Setup :            0  Failing Endpoints,  Worst Slack        0.306ns,  Total Violation        0.000ns
Hold  :            0  Failing Endpoints,  Worst Slack        0.094ns,  Total Violation        0.000ns
PW    :            0  Failing Endpoints,  Worst Slack        1.732ns,  Total Violation        0.000ns
---------------------------------------------------------------------------------------------------


Max Delay Paths
--------------------------------------------------------------------------------------
Slack (MET) :             0.306ns  (required time - arrival time)
  Source:                 gen_mmu_ptw_sv32.m_Ptw/FSM_sequential_state_reg[1]/C
                            (rising edge-triggered cell FDRE clocked by clk  {rise@0.000ns fall@2.500ns period=5.000ns})
  Destination:            gen_mmu_ptw_sv32.m_Ptw/pte_r_reg[0]/CE
                            (rising edge-triggered cell FDRE clocked by clk  {rise@0.000ns fall@2.500ns period=5.000ns})
  Path Group:             clk
  Path Type:              Setup (Max at Slow Process Corner)
  Requirement:            5.000ns  (clk rise@5.000ns - clk rise@0.000ns)
  Data Path Delay:        4.430ns  (logic 0.903ns (20.381%)  route 3.527ns (79.619%))
  Logic Levels:           9  (LUT2=3 LUT3=3 LUT4=2 LUT6=1)
  Clock Path Skew:        -0.027ns (DCD - SCD + CPR)
    Destination Clock Delay (DCD):    0.510ns = ( 5.510 - 5.000 ) 
    Source Clock Delay      (SCD):    0.537ns
    Clock Pessimism Removal (CPR):    0.000ns
  Clock Uncertainty:      0.035ns  ((TSJ^2 + TIJ^2)^1/2 + DJ) / 2 + PE
    Total System Jitter     (TSJ):    0.071ns
    Total Input Jitter      (TIJ):    0.000ns
    Discrete Jitter          (DJ):    0.000ns
    Phase Error              (PE):    0.000ns

    Location             Delay type                Incr(ns)  Path(ns)    Netlist Resource(s)
  -------------------------------------------------------------------    -------------------
                         (clock clk rise edge)        0.000     0.000 r  <hidden>
                                                      0.000     0.000 r  clk
                         net (fo=582, unset)          0.537     0.537    gen_mmu_ptw_sv32.m_Ptw/clk
    SLICE_X13Y191        FDRE                                         r  gen_mmu_ptw_sv32.m_Ptw/FSM_sequential_state_reg[1]/C
  -------------------------------------------------------------------    -------------------
    SLICE_X13Y191        FDRE (Prop_fdre_C_Q)         0.223     0.760 f  gen_mmu_ptw_sv32.m_Ptw/FSM_sequential_state_reg[1]/Q
                         net (fo=29, routed)          0.409     1.169    gen_mmu_ptw_sv32.m_Ptw/state[1]
    SLICE_X12Y190        LUT3 (Prop_lut3_I0_O)        0.043     1.212 r  gen_mmu_ptw_sv32.m_Ptw/mailbox_m_addr[31]_INST_0_i_1/O
                         net (fo=23, routed)          0.402     1.614    gen_mmu_ptw_sv32.m_Ptw/mailbox_m_addr[31]_INST_0_i_1_n_0
    SLICE_X12Y191        LUT3 (Prop_lut3_I0_O)        0.043     1.657 f  gen_mmu_ptw_sv32.m_Ptw/mailbox_m_addr[18]_INST_0/O
                         net (fo=3, routed)           0.373     2.030    gen_mmu_ptw_sv32.m_Ptw/D[13]
    SLICE_X12Y191        LUT4 (Prop_lut4_I0_O)        0.043     2.073 f  gen_mmu_ptw_sv32.m_Ptw/mailbox_m_stb_INST_0_i_3/O
                         net (fo=2, routed)           0.342     2.415    gen_mmu_ptw_sv32.m_Ptw/mailbox_m_stb_INST_0_i_3_n_0
    SLICE_X12Y191        LUT4 (Prop_lut4_I3_O)        0.049     2.464 f  gen_mmu_ptw_sv32.m_Ptw/pte_r[29]_i_9/O
                         net (fo=2, routed)           0.417     2.881    gen_mmu_ptw_sv32.m_Ptw/pte_r[29]_i_9_n_0
    SLICE_X11Y190        LUT3 (Prop_lut3_I2_O)        0.141     3.022 f  gen_mmu_ptw_sv32.m_Ptw/rx_ready_i_6/O
                         net (fo=2, routed)           0.215     3.237    gen_mmu_ptw_sv32.m_Ptw/rx_ready_i_6_n_0
    SLICE_X12Y190        LUT2 (Prop_lut2_I1_O)        0.136     3.373 f  gen_mmu_ptw_sv32.m_Ptw/rx_ready_i_2/O
                         net (fo=1, routed)           0.359     3.732    gen_mmu_ptw_sv32.m_Ptw/rx_ready_i_2_n_0
    SLICE_X12Y190        LUT2 (Prop_lut2_I1_O)        0.050     3.782 f  gen_mmu_ptw_sv32.m_Ptw/pte_r[0]_i_2/O
                         net (fo=6, routed)           0.345     4.127    gen_mmu_ptw_sv32.m_Ptw/pte_r[0]_i_2_n_0
    SLICE_X12Y189        LUT6 (Prop_lut6_I0_O)        0.132     4.259 r  gen_mmu_ptw_sv32.m_Ptw/FSM_sequential_state[2]_i_2/O
                         net (fo=4, routed)           0.351     4.611    gen_mmu_ptw_sv32.m_Ptw/FSM_sequential_state[2]_i_2_n_0
    SLICE_X12Y191        LUT2 (Prop_lut2_I0_O)        0.043     4.654 r  gen_mmu_ptw_sv32.m_Ptw/pte_r[29]_i_1/O
                         net (fo=25, routed)          0.314     4.967    gen_mmu_ptw_sv32.m_Ptw/pte_r[29]_i_1_n_0
    SLICE_X17Y191        FDRE                                         r  gen_mmu_ptw_sv32.m_Ptw/pte_r_reg[0]/CE
  -------------------------------------------------------------------    -------------------

                         (clock clk rise edge)        5.000     5.000 r  <hidden>
                                                      0.000     5.000 r  clk
                         net (fo=582, unset)          0.510     5.510    gen_mmu_ptw_sv32.m_Ptw/clk
    SLICE_X17Y191        FDRE                                         r  gen_mmu_ptw_sv32.m_Ptw/pte_r_reg[0]/C
                         clock pessimism              0.000     5.510    <hidden>
                         clock uncertainty           -0.035     5.475    <hidden>
    SLICE_X17Y191        FDRE (Setup_fdre_C_CE)      -0.201     5.274    gen_mmu_ptw_sv32.m_Ptw/pte_r_reg[0]
  -------------------------------------------------------------------
                         required time                          5.274    <hidden>
                         arrival time                          -4.967    <hidden>
  -------------------------------------------------------------------
                         slack                                  0.306    <hidden>

Slack (MET) :             0.306ns  (required time - arrival time)
  Source:                 gen_mmu_ptw_sv32.m_Ptw/FSM_sequential_state_reg[1]/C
                            (rising edge-triggered cell FDRE clocked by clk  {rise@0.000ns fall@2.500ns period=5.000ns})
  Destination:            gen_mmu_ptw_sv32.m_Ptw/pte_r_reg[14]/CE
                            (rising edge-triggered cell FDRE clocked by clk  {rise@0.000ns fall@2.500ns period=5.000ns})
  Path Group:             clk
  Path Type:              Setup (Max at Slow Process Corner)
  Requirement:            5.000ns  (clk rise@5.000ns - clk rise@0.000ns)
  Data Path Delay:        4.430ns  (logic 0.903ns (20.381%)  route 3.527ns (79.619%))
  Logic Levels:           9  (LUT2=3 LUT3=3 LUT4=2 LUT6=1)
  Clock Path Skew:        -0.027ns (DCD - SCD + CPR)
    Destination Clock Delay (DCD):    0.510ns = ( 5.510 - 5.000 ) 
    Source Clock Delay      (SCD):    0.537ns
    Clock Pessimism Removal (CPR):    0.000ns
  Clock Uncertainty:      0.035ns  ((TSJ^2 + TIJ^2)^1/2 + DJ) / 2 + PE
    Total System Jitter     (TSJ):    0.071ns
    Total Input Jitter      (TIJ):    0.000ns
    Discrete Jitter          (DJ):    0.000ns
    Phase Error              (PE):    0.000ns

    Location             Delay type                Incr(ns)  Path(ns)    Netlist Resource(s)
  -------------------------------------------------------------------    -------------------
                         (clock clk rise edge)        0.000     0.000 r  <hidden>
                                                      0.000     0.000 r  clk
                         net (fo=582, unset)          0.537     0.537    gen_mmu_ptw_sv32.m_Ptw/clk
    SLICE_X13Y191        FDRE                                         r  gen_mmu_ptw_sv32.m_Ptw/FSM_sequential_state_reg[1]/C
  -------------------------------------------------------------------    -------------------
    SLICE_X13Y191        FDRE (Prop_fdre_C_Q)         0.223     0.760 f  gen_mmu_ptw_sv32.m_Ptw/FSM_sequential_state_reg[1]/Q
                         net (fo=29, routed)          0.409     1.169    gen_mmu_ptw_sv32.m_Ptw/state[1]
    SLICE_X12Y190        LUT3 (Prop_lut3_I0_O)        0.043     1.212 r  gen_mmu_ptw_sv32.m_Ptw/mailbox_m_addr[31]_INST_0_i_1/O
                         net (fo=23, routed)          0.402     1.614    gen_mmu_ptw_sv32.m_Ptw/mailbox_m_addr[31]_INST_0_i_1_n_0
    SLICE_X12Y191        LUT3 (Prop_lut3_I0_O)        0.043     1.657 f  gen_mmu_ptw_sv32.m_Ptw/mailbox_m_addr[18]_INST_0/O
                         net (fo=3, routed)           0.373     2.030    gen_mmu_ptw_sv32.m_Ptw/D[13]
    SLICE_X12Y191        LUT4 (Prop_lut4_I0_O)        0.043     2.073 f  gen_mmu_ptw_sv32.m_Ptw/mailbox_m_stb_INST_0_i_3/O
                         net (fo=2, routed)           0.342     2.415    gen_mmu_ptw_sv32.m_Ptw/mailbox_m_stb_INST_0_i_3_n_0
    SLICE_X12Y191        LUT4 (Prop_lut4_I3_O)        0.049     2.464 f  gen_mmu_ptw_sv32.m_Ptw/pte_r[29]_i_9/O
                         net (fo=2, routed)           0.417     2.881    gen_mmu_ptw_sv32.m_Ptw/pte_r[29]_i_9_n_0
    SLICE_X11Y190        LUT3 (Prop_lut3_I2_O)        0.141     3.022 f  gen_mmu_ptw_sv32.m_Ptw/rx_ready_i_6/O
                         net (fo=2, routed)           0.215     3.237    gen_mmu_ptw_sv32.m_Ptw/rx_ready_i_6_n_0
    SLICE_X12Y190        LUT2 (Prop_lut2_I1_O)        0.136     3.373 f  gen_mmu_ptw_sv32.m_Ptw/rx_ready_i_2/O
                         net (fo=1, routed)           0.359     3.732    gen_mmu_ptw_sv32.m_Ptw/rx_ready_i_2_n_0
    SLICE_X12Y190        LUT2 (Prop_lut2_I1_O)        0.050     3.782 f  gen_mmu_ptw_sv32.m_Ptw/pte_r[0]_i_2/O
                         net (fo=6, routed)           0.345     4.127    gen_mmu_ptw_sv32.m_Ptw/pte_r[0]_i_2_n_0
    SLICE_X12Y189        LUT6 (Prop_lut6_I0_O)        0.132     4.259 r  gen_mmu_ptw_sv32.m_Ptw/FSM_sequential_state[2]_i_2/O
                         net (fo=4, routed)           0.351     4.611    gen_mmu_ptw_sv32.m_Ptw/FSM_sequential_state[2]_i_2_n_0
    SLICE_X12Y191        LUT2 (Prop_lut2_I0_O)        0.043     4.654 r  gen_mmu_ptw_sv32.m_Ptw/pte_r[29]_i_1/O
                         net (fo=25, routed)          0.314     4.967    gen_mmu_ptw_sv32.m_Ptw/pte_r[29]_i_1_n_0
    SLICE_X17Y191        FDRE                                         r  gen_mmu_ptw_sv32.m_Ptw/pte_r_reg[14]/CE
  -------------------------------------------------------------------    -------------------

                         (clock clk rise edge)        5.000     5.000 r  <hidden>
                                                      0.000     5.000 r  clk
                         net (fo=582, unset)          0.510     5.510    gen_mmu_ptw_sv32.m_Ptw/clk
    SLICE_X17Y191        FDRE                                         r  gen_mmu_ptw_sv32.m_Ptw/pte_r_reg[14]/C
                         clock pessimism              0.000     5.510    <hidden>
                         clock uncertainty           -0.035     5.475    <hidden>
    SLICE_X17Y191        FDRE (Setup_fdre_C_CE)      -0.201     5.274    gen_mmu_ptw_sv32.m_Ptw/pte_r_reg[14]
  -------------------------------------------------------------------
                         required time                          5.274    <hidden>
                         arrival time                          -4.967    <hidden>
  -------------------------------------------------------------------
                         slack                                  0.306    <hidden>

Slack (MET) :             0.306ns  (required time - arrival time)
  Source:                 gen_mmu_ptw_sv32.m_Ptw/FSM_sequential_state_reg[1]/C
                            (rising edge-triggered cell FDRE clocked by clk  {rise@0.000ns fall@2.500ns period=5.000ns})
  Destination:            gen_mmu_ptw_sv32.m_Ptw/pte_r_reg[16]/CE
                            (rising edge-triggered cell FDRE clocked by clk  {rise@0.000ns fall@2.500ns period=5.000ns})
  Path Group:             clk
  Path Type:              Setup (Max at Slow Process Corner)
  Requirement:            5.000ns  (clk rise@5.000ns - clk rise@0.000ns)
  Data Path Delay:        4.430ns  (logic 0.903ns (20.381%)  route 3.527ns (79.619%))
  Logic Levels:           9  (LUT2=3 LUT3=3 LUT4=2 LUT6=1)
  Clock Path Skew:        -0.027ns (DCD - SCD + CPR)
    Destination Clock Delay (DCD):    0.510ns = ( 5.510 - 5.000 ) 
    Source Clock Delay      (SCD):    0.537ns
    Clock Pessimism Removal (CPR):    0.000ns
  Clock Uncertainty:      0.035ns  ((TSJ^2 + TIJ^2)^1/2 + DJ) / 2 + PE
    Total System Jitter     (TSJ):    0.071ns
    Total Input Jitter      (TIJ):    0.000ns
    Discrete Jitter          (DJ):    0.000ns
    Phase Error              (PE):    0.000ns

    Location             Delay type                Incr(ns)  Path(ns)    Netlist Resource(s)
  -------------------------------------------------------------------    -------------------
                         (clock clk rise edge)        0.000     0.000 r  <hidden>
                                                      0.000     0.000 r  clk
                         net (fo=582, unset)          0.537     0.537    gen_mmu_ptw_sv32.m_Ptw/clk
    SLICE_X13Y191        FDRE                                         r  gen_mmu_ptw_sv32.m_Ptw/FSM_sequential_state_reg[1]/C
  -------------------------------------------------------------------    -------------------
    SLICE_X13Y191        FDRE (Prop_fdre_C_Q)         0.223     0.760 f  gen_mmu_ptw_sv32.m_Ptw/FSM_sequential_state_reg[1]/Q
                         net (fo=29, routed)          0.409     1.169    gen_mmu_ptw_sv32.m_Ptw/state[1]
    SLICE_X12Y190        LUT3 (Prop_lut3_I0_O)        0.043     1.212 r  gen_mmu_ptw_sv32.m_Ptw/mailbox_m_addr[31]_INST_0_i_1/O
                         net (fo=23, routed)          0.402     1.614    gen_mmu_ptw_sv32.m_Ptw/mailbox_m_addr[31]_INST_0_i_1_n_0
    SLICE_X12Y191        LUT3 (Prop_lut3_I0_O)        0.043     1.657 f  gen_mmu_ptw_sv32.m_Ptw/mailbox_m_addr[18]_INST_0/O
                         net (fo=3, routed)           0.373     2.030    gen_mmu_ptw_sv32.m_Ptw/D[13]
    SLICE_X12Y191        LUT4 (Prop_lut4_I0_O)        0.043     2.073 f  gen_mmu_ptw_sv32.m_Ptw/mailbox_m_stb_INST_0_i_3/O
                         net (fo=2, routed)           0.342     2.415    gen_mmu_ptw_sv32.m_Ptw/mailbox_m_stb_INST_0_i_3_n_0
    SLICE_X12Y191        LUT4 (Prop_lut4_I3_O)        0.049     2.464 f  gen_mmu_ptw_sv32.m_Ptw/pte_r[29]_i_9/O
                         net (fo=2, routed)           0.417     2.881    gen_mmu_ptw_sv32.m_Ptw/pte_r[29]_i_9_n_0
    SLICE_X11Y190        LUT3 (Prop_lut3_I2_O)        0.141     3.022 f  gen_mmu_ptw_sv32.m_Ptw/rx_ready_i_6/O
                         net (fo=2, routed)           0.215     3.237    gen_mmu_ptw_sv32.m_Ptw/rx_ready_i_6_n_0
    SLICE_X12Y190        LUT2 (Prop_lut2_I1_O)        0.136     3.373 f  gen_mmu_ptw_sv32.m_Ptw/rx_ready_i_2/O
                         net (fo=1, routed)           0.359     3.732    gen_mmu_ptw_sv32.m_Ptw/rx_ready_i_2_n_0
    SLICE_X12Y190        LUT2 (Prop_lut2_I1_O)        0.050     3.782 f  gen_mmu_ptw_sv32.m_Ptw/pte_r[0]_i_2/O
                         net (fo=6, routed)           0.345     4.127    gen_mmu_ptw_sv32.m_Ptw/pte_r[0]_i_2_n_0
    SLICE_X12Y189        LUT6 (Prop_lut6_I0_O)        0.132     4.259 r  gen_mmu_ptw_sv32.m_Ptw/FSM_sequential_state[2]_i_2/O
                         net (fo=4, routed)           0.351     4.611    gen_mmu_ptw_sv32.m_Ptw/FSM_sequential_state[2]_i_2_n_0
    SLICE_X12Y191        LUT2 (Prop_lut2_I0_O)        0.043     4.654 r  gen_mmu_ptw_sv32.m_Ptw/pte_r[29]_i_1/O
                         net (fo=25, routed)          0.314     4.967    gen_mmu_ptw_sv32.m_Ptw/pte_r[29]_i_1_n_0
    SLICE_X17Y191        FDRE                                         r  gen_mmu_ptw_sv32.m_Ptw/pte_r_reg[16]/CE
  -------------------------------------------------------------------    -------------------

                         (clock clk rise edge)        5.000     5.000 r  <hidden>
                                                      0.000     5.000 r  clk
                         net (fo=582, unset)          0.510     5.510    gen_mmu_ptw_sv32.m_Ptw/clk
    SLICE_X17Y191        FDRE                                         r  gen_mmu_ptw_sv32.m_Ptw/pte_r_reg[16]/C
                         clock pessimism              0.000     5.510    <hidden>
                         clock uncertainty           -0.035     5.475    <hidden>
    SLICE_X17Y191        FDRE (Setup_fdre_C_CE)      -0.201     5.274    gen_mmu_ptw_sv32.m_Ptw/pte_r_reg[16]
  -------------------------------------------------------------------
                         required time                          5.274    <hidden>
                         arrival time                          -4.967    <hidden>
  -------------------------------------------------------------------
                         slack                                  0.306    <hidden>

Slack (MET) :             0.306ns  (required time - arrival time)
  Source:                 gen_mmu_ptw_sv32.m_Ptw/FSM_sequential_state_reg[1]/C
                            (rising edge-triggered cell FDRE clocked by clk  {rise@0.000ns fall@2.500ns period=5.000ns})
  Destination:            gen_mmu_ptw_sv32.m_Ptw/pte_r_reg[29]/CE
                            (rising edge-triggered cell FDRE clocked by clk  {rise@0.000ns fall@2.500ns period=5.000ns})
  Path Group:             clk
  Path Type:              Setup (Max at Slow Process Corner)
  Requirement:            5.000ns  (clk rise@5.000ns - clk rise@0.000ns)
  Data Path Delay:        4.430ns  (logic 0.903ns (20.381%)  route 3.527ns (79.619%))
  Logic Levels:           9  (LUT2=3 LUT3=3 LUT4=2 LUT6=1)
  Clock Path Skew:        -0.027ns (DCD - SCD + CPR)
    Destination Clock Delay (DCD):    0.510ns = ( 5.510 - 5.000 ) 
    Source Clock Delay      (SCD):    0.537ns
    Clock Pessimism Removal (CPR):    0.000ns
  Clock Uncertainty:      0.035ns  ((TSJ^2 + TIJ^2)^1/2 + DJ) / 2 + PE
    Total System Jitter     (TSJ):    0.071ns
    Total Input Jitter      (TIJ):    0.000ns
    Discrete Jitter          (DJ):    0.000ns
    Phase Error              (PE):    0.000ns

    Location             Delay type                Incr(ns)  Path(ns)    Netlist Resource(s)
  -------------------------------------------------------------------    -------------------
                         (clock clk rise edge)        0.000     0.000 r  <hidden>
                                                      0.000     0.000 r  clk
                         net (fo=582, unset)          0.537     0.537    gen_mmu_ptw_sv32.m_Ptw/clk
    SLICE_X13Y191        FDRE                                         r  gen_mmu_ptw_sv32.m_Ptw/FSM_sequential_state_reg[1]/C
  -------------------------------------------------------------------    -------------------
    SLICE_X13Y191        FDRE (Prop_fdre_C_Q)         0.223     0.760 f  gen_mmu_ptw_sv32.m_Ptw/FSM_sequential_state_reg[1]/Q
                         net (fo=29, routed)          0.409     1.169    gen_mmu_ptw_sv32.m_Ptw/state[1]
    SLICE_X12Y190        LUT3 (Prop_lut3_I0_O)        0.043     1.212 r  gen_mmu_ptw_sv32.m_Ptw/mailbox_m_addr[31]_INST_0_i_1/O
                         net (fo=23, routed)          0.402     1.614    gen_mmu_ptw_sv32.m_Ptw/mailbox_m_addr[31]_INST_0_i_1_n_0
    SLICE_X12Y191        LUT3 (Prop_lut3_I0_O)        0.043     1.657 f  gen_mmu_ptw_sv32.m_Ptw/mailbox_m_addr[18]_INST_0/O
                         net (fo=3, routed)           0.373     2.030    gen_mmu_ptw_sv32.m_Ptw/D[13]
    SLICE_X12Y191        LUT4 (Prop_lut4_I0_O)        0.043     2.073 f  gen_mmu_ptw_sv32.m_Ptw/mailbox_m_stb_INST_0_i_3/O
                         net (fo=2, routed)           0.342     2.415    gen_mmu_ptw_sv32.m_Ptw/mailbox_m_stb_INST_0_i_3_n_0
    SLICE_X12Y191        LUT4 (Prop_lut4_I3_O)        0.049     2.464 f  gen_mmu_ptw_sv32.m_Ptw/pte_r[29]_i_9/O
                         net (fo=2, routed)           0.417     2.881    gen_mmu_ptw_sv32.m_Ptw/pte_r[29]_i_9_n_0
    SLICE_X11Y190        LUT3 (Prop_lut3_I2_O)        0.141     3.022 f  gen_mmu_ptw_sv32.m_Ptw/rx_ready_i_6/O
                         net (fo=2, routed)           0.215     3.237    gen_mmu_ptw_sv32.m_Ptw/rx_ready_i_6_n_0
    SLICE_X12Y190        LUT2 (Prop_lut2_I1_O)        0.136     3.373 f  gen_mmu_ptw_sv32.m_Ptw/rx_ready_i_2/O
                         net (fo=1, routed)           0.359     3.732    gen_mmu_ptw_sv32.m_Ptw/rx_ready_i_2_n_0
    SLICE_X12Y190        LUT2 (Prop_lut2_I1_O)        0.050     3.782 f  gen_mmu_ptw_sv32.m_Ptw/pte_r[0]_i_2/O
                         net (fo=6, routed)           0.345     4.127    gen_mmu_ptw_sv32.m_Ptw/pte_r[0]_i_2_n_0
    SLICE_X12Y189        LUT6 (Prop_lut6_I0_O)        0.132     4.259 r  gen_mmu_ptw_sv32.m_Ptw/FSM_sequential_state[2]_i_2/O
                         net (fo=4, routed)           0.351     4.611    gen_mmu_ptw_sv32.m_Ptw/FSM_sequential_state[2]_i_2_n_0
    SLICE_X12Y191        LUT2 (Prop_lut2_I0_O)        0.043     4.654 r  gen_mmu_ptw_sv32.m_Ptw/pte_r[29]_i_1/O
                         net (fo=25, routed)          0.314     4.967    gen_mmu_ptw_sv32.m_Ptw/pte_r[29]_i_1_n_0
    SLICE_X17Y191        FDRE                                         r  gen_mmu_ptw_sv32.m_Ptw/pte_r_reg[29]/CE
  -------------------------------------------------------------------    -------------------

                         (clock clk rise edge)        5.000     5.000 r  <hidden>
                                                      0.000     5.000 r  clk
                         net (fo=582, unset)          0.510     5.510    gen_mmu_ptw_sv32.m_Ptw/clk
    SLICE_X17Y191        FDRE                                         r  gen_mmu_ptw_sv32.m_Ptw/pte_r_reg[29]/C
                         clock pessimism              0.000     5.510    <hidden>
                         clock uncertainty           -0.035     5.475    <hidden>
    SLICE_X17Y191        FDRE (Setup_fdre_C_CE)      -0.201     5.274    gen_mmu_ptw_sv32.m_Ptw/pte_r_reg[29]
  -------------------------------------------------------------------
                         required time                          5.274    <hidden>
                         arrival time                          -4.967    <hidden>
  -------------------------------------------------------------------
                         slack                                  0.306    <hidden>

Slack (MET) :             0.380ns  (required time - arrival time)
  Source:                 gen_mmu_ptw_sv32.m_Ptw/FSM_sequential_state_reg[1]/C
                            (rising edge-triggered cell FDRE clocked by clk  {rise@0.000ns fall@2.500ns period=5.000ns})
  Destination:            gen_mmu_ptw_sv32.m_Ptw/pte_r_reg[12]/CE
                            (rising edge-triggered cell FDRE clocked by clk  {rise@0.000ns fall@2.500ns period=5.000ns})
  Path Group:             clk
  Path Type:              Setup (Max at Slow Process Corner)
  Requirement:            5.000ns  (clk rise@5.000ns - clk rise@0.000ns)
  Data Path Delay:        4.357ns  (logic 0.903ns (20.726%)  route 3.454ns (79.274%))
  Logic Levels:           9  (LUT2=3 LUT3=3 LUT4=2 LUT6=1)
  Clock Path Skew:        -0.027ns (DCD - SCD + CPR)
    Destination Clock Delay (DCD):    0.510ns = ( 5.510 - 5.000 ) 
    Source Clock Delay      (SCD):    0.537ns
    Clock Pessimism Removal (CPR):    0.000ns
  Clock Uncertainty:      0.035ns  ((TSJ^2 + TIJ^2)^1/2 + DJ) / 2 + PE
    Total System Jitter     (TSJ):    0.071ns
    Total Input Jitter      (TIJ):    0.000ns
    Discrete Jitter          (DJ):    0.000ns
    Phase Error              (PE):    0.000ns

    Location             Delay type                Incr(ns)  Path(ns)    Netlist Resource(s)
  -------------------------------------------------------------------    -------------------
                         (clock clk rise edge)        0.000     0.000 r  <hidden>
                                                      0.000     0.000 r  clk
                         net (fo=582, unset)          0.537     0.537    gen_mmu_ptw_sv32.m_Ptw/clk
    SLICE_X13Y191        FDRE                                         r  gen_mmu_ptw_sv32.m_Ptw/FSM_sequential_state_reg[1]/C
  -------------------------------------------------------------------    -------------------
    SLICE_X13Y191        FDRE (Prop_fdre_C_Q)         0.223     0.760 f  gen_mmu_ptw_sv32.m_Ptw/FSM_sequential_state_reg[1]/Q
                         net (fo=29, routed)          0.409     1.169    gen_mmu_ptw_sv32.m_Ptw/state[1]
    SLICE_X12Y190        LUT3 (Prop_lut3_I0_O)        0.043     1.212 r  gen_mmu_ptw_sv32.m_Ptw/mailbox_m_addr[31]_INST_0_i_1/O
                         net (fo=23, routed)          0.402     1.614    gen_mmu_ptw_sv32.m_Ptw/mailbox_m_addr[31]_INST_0_i_1_n_0
    SLICE_X12Y191        LUT3 (Prop_lut3_I0_O)        0.043     1.657 f  gen_mmu_ptw_sv32.m_Ptw/mailbox_m_addr[18]_INST_0/O
                         net (fo=3, routed)           0.373     2.030    gen_mmu_ptw_sv32.m_Ptw/D[13]
    SLICE_X12Y191        LUT4 (Prop_lut4_I0_O)        0.043     2.073 f  gen_mmu_ptw_sv32.m_Ptw/mailbox_m_stb_INST_0_i_3/O
                         net (fo=2, routed)           0.342     2.415    gen_mmu_ptw_sv32.m_Ptw/mailbox_m_stb_INST_0_i_3_n_0
    SLICE_X12Y191        LUT4 (Prop_lut4_I3_O)        0.049     2.464 f  gen_mmu_ptw_sv32.m_Ptw/pte_r[29]_i_9/O
                         net (fo=2, routed)           0.417     2.881    gen_mmu_ptw_sv32.m_Ptw/pte_r[29]_i_9_n_0
    SLICE_X11Y190        LUT3 (Prop_lut3_I2_O)        0.141     3.022 f  gen_mmu_ptw_sv32.m_Ptw/rx_ready_i_6/O
                         net (fo=2, routed)           0.215     3.237    gen_mmu_ptw_sv32.m_Ptw/rx_ready_i_6_n_0
    SLICE_X12Y190        LUT2 (Prop_lut2_I1_O)        0.136     3.373 f  gen_mmu_ptw_sv32.m_Ptw/rx_ready_i_2/O
                         net (fo=1, routed)           0.359     3.732    gen_mmu_ptw_sv32.m_Ptw/rx_ready_i_2_n_0
    SLICE_X12Y190        LUT2 (Prop_lut2_I1_O)        0.050     3.782 f  gen_mmu_ptw_sv32.m_Ptw/pte_r[0]_i_2/O
                         net (fo=6, routed)           0.345     4.127    gen_mmu_ptw_sv32.m_Ptw/pte_r[0]_i_2_n_0
    SLICE_X12Y189        LUT6 (Prop_lut6_I0_O)        0.132     4.259 r  gen_mmu_ptw_sv32.m_Ptw/FSM_sequential_state[2]_i_2/O
                         net (fo=4, routed)           0.351     4.611    gen_mmu_ptw_sv32.m_Ptw/FSM_sequential_state[2]_i_2_n_0
    SLICE_X12Y191        LUT2 (Prop_lut2_I0_O)        0.043     4.654 r  gen_mmu_ptw_sv32.m_Ptw/pte_r[29]_i_1/O
                         net (fo=25, routed)          0.240     4.894    gen_mmu_ptw_sv32.m_Ptw/pte_r[29]_i_1_n_0
    SLICE_X13Y189        FDRE                                         r  gen_mmu_ptw_sv32.m_Ptw/pte_r_reg[12]/CE
  -------------------------------------------------------------------    -------------------

                         (clock clk rise edge)        5.000     5.000 r  <hidden>
                                                      0.000     5.000 r  clk
                         net (fo=582, unset)          0.510     5.510    gen_mmu_ptw_sv32.m_Ptw/clk
    SLICE_X13Y189        FDRE                                         r  gen_mmu_ptw_sv32.m_Ptw/pte_r_reg[12]/C
                         clock pessimism              0.000     5.510    <hidden>
                         clock uncertainty           -0.035     5.475    <hidden>
    SLICE_X13Y189        FDRE (Setup_fdre_C_CE)      -0.201     5.274    gen_mmu_ptw_sv32.m_Ptw/pte_r_reg[12]
  -------------------------------------------------------------------
                         required time                          5.274    <hidden>
                         arrival time                          -4.894    <hidden>
  -------------------------------------------------------------------
                         slack                                  0.380    <hidden>

Slack (MET) :             0.380ns  (required time - arrival time)
  Source:                 gen_mmu_ptw_sv32.m_Ptw/FSM_sequential_state_reg[1]/C
                            (rising edge-triggered cell FDRE clocked by clk  {rise@0.000ns fall@2.500ns period=5.000ns})
  Destination:            gen_mmu_ptw_sv32.m_Ptw/pte_r_reg[27]/CE
                            (rising edge-triggered cell FDRE clocked by clk  {rise@0.000ns fall@2.500ns period=5.000ns})
  Path Group:             clk
  Path Type:              Setup (Max at Slow Process Corner)
  Requirement:            5.000ns  (clk rise@5.000ns - clk rise@0.000ns)
  Data Path Delay:        4.357ns  (logic 0.903ns (20.726%)  route 3.454ns (79.274%))
  Logic Levels:           9  (LUT2=3 LUT3=3 LUT4=2 LUT6=1)
  Clock Path Skew:        -0.027ns (DCD - SCD + CPR)
    Destination Clock Delay (DCD):    0.510ns = ( 5.510 - 5.000 ) 
    Source Clock Delay      (SCD):    0.537ns
    Clock Pessimism Removal (CPR):    0.000ns
  Clock Uncertainty:      0.035ns  ((TSJ^2 + TIJ^2)^1/2 + DJ) / 2 + PE
    Total System Jitter     (TSJ):    0.071ns
    Total Input Jitter      (TIJ):    0.000ns
    Discrete Jitter          (DJ):    0.000ns
    Phase Error              (PE):    0.000ns

    Location             Delay type                Incr(ns)  Path(ns)    Netlist Resource(s)
  -------------------------------------------------------------------    -------------------
                         (clock clk rise edge)        0.000     0.000 r  <hidden>
                                                      0.000     0.000 r  clk
                         net (fo=582, unset)          0.537     0.537    gen_mmu_ptw_sv32.m_Ptw/clk
    SLICE_X13Y191        FDRE                                         r  gen_mmu_ptw_sv32.m_Ptw/FSM_sequential_state_reg[1]/C
  -------------------------------------------------------------------    -------------------
    SLICE_X13Y191        FDRE (Prop_fdre_C_Q)         0.223     0.760 f  gen_mmu_ptw_sv32.m_Ptw/FSM_sequential_state_reg[1]/Q
                         net (fo=29, routed)          0.409     1.169    gen_mmu_ptw_sv32.m_Ptw/state[1]
    SLICE_X12Y190        LUT3 (Prop_lut3_I0_O)        0.043     1.212 r  gen_mmu_ptw_sv32.m_Ptw/mailbox_m_addr[31]_INST_0_i_1/O
                         net (fo=23, routed)          0.402     1.614    gen_mmu_ptw_sv32.m_Ptw/mailbox_m_addr[31]_INST_0_i_1_n_0
    SLICE_X12Y191        LUT3 (Prop_lut3_I0_O)        0.043     1.657 f  gen_mmu_ptw_sv32.m_Ptw/mailbox_m_addr[18]_INST_0/O
                         net (fo=3, routed)           0.373     2.030    gen_mmu_ptw_sv32.m_Ptw/D[13]
    SLICE_X12Y191        LUT4 (Prop_lut4_I0_O)        0.043     2.073 f  gen_mmu_ptw_sv32.m_Ptw/mailbox_m_stb_INST_0_i_3/O
                         net (fo=2, routed)           0.342     2.415    gen_mmu_ptw_sv32.m_Ptw/mailbox_m_stb_INST_0_i_3_n_0
    SLICE_X12Y191        LUT4 (Prop_lut4_I3_O)        0.049     2.464 f  gen_mmu_ptw_sv32.m_Ptw/pte_r[29]_i_9/O
                         net (fo=2, routed)           0.417     2.881    gen_mmu_ptw_sv32.m_Ptw/pte_r[29]_i_9_n_0
    SLICE_X11Y190        LUT3 (Prop_lut3_I2_O)        0.141     3.022 f  gen_mmu_ptw_sv32.m_Ptw/rx_ready_i_6/O
                         net (fo=2, routed)           0.215     3.237    gen_mmu_ptw_sv32.m_Ptw/rx_ready_i_6_n_0
    SLICE_X12Y190        LUT2 (Prop_lut2_I1_O)        0.136     3.373 f  gen_mmu_ptw_sv32.m_Ptw/rx_ready_i_2/O
                         net (fo=1, routed)           0.359     3.732    gen_mmu_ptw_sv32.m_Ptw/rx_ready_i_2_n_0
    SLICE_X12Y190        LUT2 (Prop_lut2_I1_O)        0.050     3.782 f  gen_mmu_ptw_sv32.m_Ptw/pte_r[0]_i_2/O
                         net (fo=6, routed)           0.345     4.127    gen_mmu_ptw_sv32.m_Ptw/pte_r[0]_i_2_n_0
    SLICE_X12Y189        LUT6 (Prop_lut6_I0_O)        0.132     4.259 r  gen_mmu_ptw_sv32.m_Ptw/FSM_sequential_state[2]_i_2/O
                         net (fo=4, routed)           0.351     4.611    gen_mmu_ptw_sv32.m_Ptw/FSM_sequential_state[2]_i_2_n_0
    SLICE_X12Y191        LUT2 (Prop_lut2_I0_O)        0.043     4.654 r  gen_mmu_ptw_sv32.m_Ptw/pte_r[29]_i_1/O
                         net (fo=25, routed)          0.240     4.894    gen_mmu_ptw_sv32.m_Ptw/pte_r[29]_i_1_n_0
    SLICE_X13Y189        FDRE                                         r  gen_mmu_ptw_sv32.m_Ptw/pte_r_reg[27]/CE
  -------------------------------------------------------------------    -------------------

                         (clock clk rise edge)        5.000     5.000 r  <hidden>
                                                      0.000     5.000 r  clk
                         net (fo=582, unset)          0.510     5.510    gen_mmu_ptw_sv32.m_Ptw/clk
    SLICE_X13Y189        FDRE                                         r  gen_mmu_ptw_sv32.m_Ptw/pte_r_reg[27]/C
                         clock pessimism              0.000     5.510    <hidden>
                         clock uncertainty           -0.035     5.475    <hidden>
    SLICE_X13Y189        FDRE (Setup_fdre_C_CE)      -0.201     5.274    gen_mmu_ptw_sv32.m_Ptw/pte_r_reg[27]
  -------------------------------------------------------------------
                         required time                          5.274    <hidden>
                         arrival time                          -4.894    <hidden>
  -------------------------------------------------------------------
                         slack                                  0.380    <hidden>

Slack (MET) :             0.387ns  (required time - arrival time)
  Source:                 gen_mmu_ptw_sv32.m_Ptw/FSM_sequential_state_reg[1]/C
                            (rising edge-triggered cell FDRE clocked by clk  {rise@0.000ns fall@2.500ns period=5.000ns})
  Destination:            gen_mmu_ptw_sv32.m_Ptw/pte_r_reg[15]/CE
                            (rising edge-triggered cell FDRE clocked by clk  {rise@0.000ns fall@2.500ns period=5.000ns})
  Path Group:             clk
  Path Type:              Setup (Max at Slow Process Corner)
  Requirement:            5.000ns  (clk rise@5.000ns - clk rise@0.000ns)
  Data Path Delay:        4.350ns  (logic 0.903ns (20.761%)  route 3.447ns (79.239%))
  Logic Levels:           9  (LUT2=3 LUT3=3 LUT4=2 LUT6=1)
  Clock Path Skew:        -0.027ns (DCD - SCD + CPR)
    Destination Clock Delay (DCD):    0.510ns = ( 5.510 - 5.000 ) 
    Source Clock Delay      (SCD):    0.537ns
    Clock Pessimism Removal (CPR):    0.000ns
  Clock Uncertainty:      0.035ns  ((TSJ^2 + TIJ^2)^1/2 + DJ) / 2 + PE
    Total System Jitter     (TSJ):    0.071ns
    Total Input Jitter      (TIJ):    0.000ns
    Discrete Jitter          (DJ):    0.000ns
    Phase Error              (PE):    0.000ns

    Location             Delay type                Incr(ns)  Path(ns)    Netlist Resource(s)
  -------------------------------------------------------------------    -------------------
                         (clock clk rise edge)        0.000     0.000 r  <hidden>
                                                      0.000     0.000 r  clk
                         net (fo=582, unset)          0.537     0.537    gen_mmu_ptw_sv32.m_Ptw/clk
    SLICE_X13Y191        FDRE                                         r  gen_mmu_ptw_sv32.m_Ptw/FSM_sequential_state_reg[1]/C
  -------------------------------------------------------------------    -------------------
    SLICE_X13Y191        FDRE (Prop_fdre_C_Q)         0.223     0.760 f  gen_mmu_ptw_sv32.m_Ptw/FSM_sequential_state_reg[1]/Q
                         net (fo=29, routed)          0.409     1.169    gen_mmu_ptw_sv32.m_Ptw/state[1]
    SLICE_X12Y190        LUT3 (Prop_lut3_I0_O)        0.043     1.212 r  gen_mmu_ptw_sv32.m_Ptw/mailbox_m_addr[31]_INST_0_i_1/O
                         net (fo=23, routed)          0.402     1.614    gen_mmu_ptw_sv32.m_Ptw/mailbox_m_addr[31]_INST_0_i_1_n_0
    SLICE_X12Y191        LUT3 (Prop_lut3_I0_O)        0.043     1.657 f  gen_mmu_ptw_sv32.m_Ptw/mailbox_m_addr[18]_INST_0/O
                         net (fo=3, routed)           0.373     2.030    gen_mmu_ptw_sv32.m_Ptw/D[13]
    SLICE_X12Y191        LUT4 (Prop_lut4_I0_O)        0.043     2.073 f  gen_mmu_ptw_sv32.m_Ptw/mailbox_m_stb_INST_0_i_3/O
                         net (fo=2, routed)           0.342     2.415    gen_mmu_ptw_sv32.m_Ptw/mailbox_m_stb_INST_0_i_3_n_0
    SLICE_X12Y191        LUT4 (Prop_lut4_I3_O)        0.049     2.464 f  gen_mmu_ptw_sv32.m_Ptw/pte_r[29]_i_9/O
                         net (fo=2, routed)           0.417     2.881    gen_mmu_ptw_sv32.m_Ptw/pte_r[29]_i_9_n_0
    SLICE_X11Y190        LUT3 (Prop_lut3_I2_O)        0.141     3.022 f  gen_mmu_ptw_sv32.m_Ptw/rx_ready_i_6/O
                         net (fo=2, routed)           0.215     3.237    gen_mmu_ptw_sv32.m_Ptw/rx_ready_i_6_n_0
    SLICE_X12Y190        LUT2 (Prop_lut2_I1_O)        0.136     3.373 f  gen_mmu_ptw_sv32.m_Ptw/rx_ready_i_2/O
                         net (fo=1, routed)           0.359     3.732    gen_mmu_ptw_sv32.m_Ptw/rx_ready_i_2_n_0
    SLICE_X12Y190        LUT2 (Prop_lut2_I1_O)        0.050     3.782 f  gen_mmu_ptw_sv32.m_Ptw/pte_r[0]_i_2/O
                         net (fo=6, routed)           0.345     4.127    gen_mmu_ptw_sv32.m_Ptw/pte_r[0]_i_2_n_0
    SLICE_X12Y189        LUT6 (Prop_lut6_I0_O)        0.132     4.259 r  gen_mmu_ptw_sv32.m_Ptw/FSM_sequential_state[2]_i_2/O
                         net (fo=4, routed)           0.351     4.611    gen_mmu_ptw_sv32.m_Ptw/FSM_sequential_state[2]_i_2_n_0
    SLICE_X12Y191        LUT2 (Prop_lut2_I0_O)        0.043     4.654 r  gen_mmu_ptw_sv32.m_Ptw/pte_r[29]_i_1/O
                         net (fo=25, routed)          0.233     4.887    gen_mmu_ptw_sv32.m_Ptw/pte_r[29]_i_1_n_0
    SLICE_X15Y190        FDRE                                         r  gen_mmu_ptw_sv32.m_Ptw/pte_r_reg[15]/CE
  -------------------------------------------------------------------    -------------------

                         (clock clk rise edge)        5.000     5.000 r  <hidden>
                                                      0.000     5.000 r  clk
                         net (fo=582, unset)          0.510     5.510    gen_mmu_ptw_sv32.m_Ptw/clk
    SLICE_X15Y190        FDRE                                         r  gen_mmu_ptw_sv32.m_Ptw/pte_r_reg[15]/C
                         clock pessimism              0.000     5.510    <hidden>
                         clock uncertainty           -0.035     5.475    <hidden>
    SLICE_X15Y190        FDRE (Setup_fdre_C_CE)      -0.201     5.274    gen_mmu_ptw_sv32.m_Ptw/pte_r_reg[15]
  -------------------------------------------------------------------
                         required time                          5.274    <hidden>
                         arrival time                          -4.887    <hidden>
  -------------------------------------------------------------------
                         slack                                  0.387    <hidden>

Slack (MET) :             0.387ns  (required time - arrival time)
  Source:                 gen_mmu_ptw_sv32.m_Ptw/FSM_sequential_state_reg[1]/C
                            (rising edge-triggered cell FDRE clocked by clk  {rise@0.000ns fall@2.500ns period=5.000ns})
  Destination:            gen_mmu_ptw_sv32.m_Ptw/pte_r_reg[17]/CE
                            (rising edge-triggered cell FDRE clocked by clk  {rise@0.000ns fall@2.500ns period=5.000ns})
  Path Group:             clk
  Path Type:              Setup (Max at Slow Process Corner)
  Requirement:            5.000ns  (clk rise@5.000ns - clk rise@0.000ns)
  Data Path Delay:        4.350ns  (logic 0.903ns (20.761%)  route 3.447ns (79.239%))
  Logic Levels:           9  (LUT2=3 LUT3=3 LUT4=2 LUT6=1)
  Clock Path Skew:        -0.027ns (DCD - SCD + CPR)
    Destination Clock Delay (DCD):    0.510ns = ( 5.510 - 5.000 ) 
    Source Clock Delay      (SCD):    0.537ns
    Clock Pessimism Removal (CPR):    0.000ns
  Clock Uncertainty:      0.035ns  ((TSJ^2 + TIJ^2)^1/2 + DJ) / 2 + PE
    Total System Jitter     (TSJ):    0.071ns
    Total Input Jitter      (TIJ):    0.000ns
    Discrete Jitter          (DJ):    0.000ns
    Phase Error              (PE):    0.000ns

    Location             Delay type                Incr(ns)  Path(ns)    Netlist Resource(s)
  -------------------------------------------------------------------    -------------------
                         (clock clk rise edge)        0.000     0.000 r  <hidden>
                                                      0.000     0.000 r  clk
                         net (fo=582, unset)          0.537     0.537    gen_mmu_ptw_sv32.m_Ptw/clk
    SLICE_X13Y191        FDRE                                         r  gen_mmu_ptw_sv32.m_Ptw/FSM_sequential_state_reg[1]/C
  -------------------------------------------------------------------    -------------------
    SLICE_X13Y191        FDRE (Prop_fdre_C_Q)         0.223     0.760 f  gen_mmu_ptw_sv32.m_Ptw/FSM_sequential_state_reg[1]/Q
                         net (fo=29, routed)          0.409     1.169    gen_mmu_ptw_sv32.m_Ptw/state[1]
    SLICE_X12Y190        LUT3 (Prop_lut3_I0_O)        0.043     1.212 r  gen_mmu_ptw_sv32.m_Ptw/mailbox_m_addr[31]_INST_0_i_1/O
                         net (fo=23, routed)          0.402     1.614    gen_mmu_ptw_sv32.m_Ptw/mailbox_m_addr[31]_INST_0_i_1_n_0
    SLICE_X12Y191        LUT3 (Prop_lut3_I0_O)        0.043     1.657 f  gen_mmu_ptw_sv32.m_Ptw/mailbox_m_addr[18]_INST_0/O
                         net (fo=3, routed)           0.373     2.030    gen_mmu_ptw_sv32.m_Ptw/D[13]
    SLICE_X12Y191        LUT4 (Prop_lut4_I0_O)        0.043     2.073 f  gen_mmu_ptw_sv32.m_Ptw/mailbox_m_stb_INST_0_i_3/O
                         net (fo=2, routed)           0.342     2.415    gen_mmu_ptw_sv32.m_Ptw/mailbox_m_stb_INST_0_i_3_n_0
    SLICE_X12Y191        LUT4 (Prop_lut4_I3_O)        0.049     2.464 f  gen_mmu_ptw_sv32.m_Ptw/pte_r[29]_i_9/O
                         net (fo=2, routed)           0.417     2.881    gen_mmu_ptw_sv32.m_Ptw/pte_r[29]_i_9_n_0
    SLICE_X11Y190        LUT3 (Prop_lut3_I2_O)        0.141     3.022 f  gen_mmu_ptw_sv32.m_Ptw/rx_ready_i_6/O
                         net (fo=2, routed)           0.215     3.237    gen_mmu_ptw_sv32.m_Ptw/rx_ready_i_6_n_0
    SLICE_X12Y190        LUT2 (Prop_lut2_I1_O)        0.136     3.373 f  gen_mmu_ptw_sv32.m_Ptw/rx_ready_i_2/O
                         net (fo=1, routed)           0.359     3.732    gen_mmu_ptw_sv32.m_Ptw/rx_ready_i_2_n_0
    SLICE_X12Y190        LUT2 (Prop_lut2_I1_O)        0.050     3.782 f  gen_mmu_ptw_sv32.m_Ptw/pte_r[0]_i_2/O
                         net (fo=6, routed)           0.345     4.127    gen_mmu_ptw_sv32.m_Ptw/pte_r[0]_i_2_n_0
    SLICE_X12Y189        LUT6 (Prop_lut6_I0_O)        0.132     4.259 r  gen_mmu_ptw_sv32.m_Ptw/FSM_sequential_state[2]_i_2/O
                         net (fo=4, routed)           0.351     4.611    gen_mmu_ptw_sv32.m_Ptw/FSM_sequential_state[2]_i_2_n_0
    SLICE_X12Y191        LUT2 (Prop_lut2_I0_O)        0.043     4.654 r  gen_mmu_ptw_sv32.m_Ptw/pte_r[29]_i_1/O
                         net (fo=25, routed)          0.233     4.887    gen_mmu_ptw_sv32.m_Ptw/pte_r[29]_i_1_n_0
    SLICE_X15Y190        FDRE                                         r  gen_mmu_ptw_sv32.m_Ptw/pte_r_reg[17]/CE
  -------------------------------------------------------------------    -------------------

                         (clock clk rise edge)        5.000     5.000 r  <hidden>
                                                      0.000     5.000 r  clk
                         net (fo=582, unset)          0.510     5.510    gen_mmu_ptw_sv32.m_Ptw/clk
    SLICE_X15Y190        FDRE                                         r  gen_mmu_ptw_sv32.m_Ptw/pte_r_reg[17]/C
                         clock pessimism              0.000     5.510    <hidden>
                         clock uncertainty           -0.035     5.475    <hidden>
    SLICE_X15Y190        FDRE (Setup_fdre_C_CE)      -0.201     5.274    gen_mmu_ptw_sv32.m_Ptw/pte_r_reg[17]
  -------------------------------------------------------------------
                         required time                          5.274    <hidden>
                         arrival time                          -4.887    <hidden>
  -------------------------------------------------------------------
                         slack                                  0.387    <hidden>

Slack (MET) :             0.387ns  (required time - arrival time)
  Source:                 gen_mmu_ptw_sv32.m_Ptw/FSM_sequential_state_reg[1]/C
                            (rising edge-triggered cell FDRE clocked by clk  {rise@0.000ns fall@2.500ns period=5.000ns})
  Destination:            gen_mmu_ptw_sv32.m_Ptw/pte_r_reg[19]/CE
                            (rising edge-triggered cell FDRE clocked by clk  {rise@0.000ns fall@2.500ns period=5.000ns})
  Path Group:             clk
  Path Type:              Setup (Max at Slow Process Corner)
  Requirement:            5.000ns  (clk rise@5.000ns - clk rise@0.000ns)
  Data Path Delay:        4.350ns  (logic 0.903ns (20.761%)  route 3.447ns (79.239%))
  Logic Levels:           9  (LUT2=3 LUT3=3 LUT4=2 LUT6=1)
  Clock Path Skew:        -0.027ns (DCD - SCD + CPR)
    Destination Clock Delay (DCD):    0.510ns = ( 5.510 - 5.000 ) 
    Source Clock Delay      (SCD):    0.537ns
    Clock Pessimism Removal (CPR):    0.000ns
  Clock Uncertainty:      0.035ns  ((TSJ^2 + TIJ^2)^1/2 + DJ) / 2 + PE
    Total System Jitter     (TSJ):    0.071ns
    Total Input Jitter      (TIJ):    0.000ns
    Discrete Jitter          (DJ):    0.000ns
    Phase Error              (PE):    0.000ns

    Location             Delay type                Incr(ns)  Path(ns)    Netlist Resource(s)
  -------------------------------------------------------------------    -------------------
                         (clock clk rise edge)        0.000     0.000 r  <hidden>
                                                      0.000     0.000 r  clk
                         net (fo=582, unset)          0.537     0.537    gen_mmu_ptw_sv32.m_Ptw/clk
    SLICE_X13Y191        FDRE                                         r  gen_mmu_ptw_sv32.m_Ptw/FSM_sequential_state_reg[1]/C
  -------------------------------------------------------------------    -------------------
    SLICE_X13Y191        FDRE (Prop_fdre_C_Q)         0.223     0.760 f  gen_mmu_ptw_sv32.m_Ptw/FSM_sequential_state_reg[1]/Q
                         net (fo=29, routed)          0.409     1.169    gen_mmu_ptw_sv32.m_Ptw/state[1]
    SLICE_X12Y190        LUT3 (Prop_lut3_I0_O)        0.043     1.212 r  gen_mmu_ptw_sv32.m_Ptw/mailbox_m_addr[31]_INST_0_i_1/O
                         net (fo=23, routed)          0.402     1.614    gen_mmu_ptw_sv32.m_Ptw/mailbox_m_addr[31]_INST_0_i_1_n_0
    SLICE_X12Y191        LUT3 (Prop_lut3_I0_O)        0.043     1.657 f  gen_mmu_ptw_sv32.m_Ptw/mailbox_m_addr[18]_INST_0/O
                         net (fo=3, routed)           0.373     2.030    gen_mmu_ptw_sv32.m_Ptw/D[13]
    SLICE_X12Y191        LUT4 (Prop_lut4_I0_O)        0.043     2.073 f  gen_mmu_ptw_sv32.m_Ptw/mailbox_m_stb_INST_0_i_3/O
                         net (fo=2, routed)           0.342     2.415    gen_mmu_ptw_sv32.m_Ptw/mailbox_m_stb_INST_0_i_3_n_0
    SLICE_X12Y191        LUT4 (Prop_lut4_I3_O)        0.049     2.464 f  gen_mmu_ptw_sv32.m_Ptw/pte_r[29]_i_9/O
                         net (fo=2, routed)           0.417     2.881    gen_mmu_ptw_sv32.m_Ptw/pte_r[29]_i_9_n_0
    SLICE_X11Y190        LUT3 (Prop_lut3_I2_O)        0.141     3.022 f  gen_mmu_ptw_sv32.m_Ptw/rx_ready_i_6/O
                         net (fo=2, routed)           0.215     3.237    gen_mmu_ptw_sv32.m_Ptw/rx_ready_i_6_n_0
    SLICE_X12Y190        LUT2 (Prop_lut2_I1_O)        0.136     3.373 f  gen_mmu_ptw_sv32.m_Ptw/rx_ready_i_2/O
                         net (fo=1, routed)           0.359     3.732    gen_mmu_ptw_sv32.m_Ptw/rx_ready_i_2_n_0
    SLICE_X12Y190        LUT2 (Prop_lut2_I1_O)        0.050     3.782 f  gen_mmu_ptw_sv32.m_Ptw/pte_r[0]_i_2/O
                         net (fo=6, routed)           0.345     4.127    gen_mmu_ptw_sv32.m_Ptw/pte_r[0]_i_2_n_0
    SLICE_X12Y189        LUT6 (Prop_lut6_I0_O)        0.132     4.259 r  gen_mmu_ptw_sv32.m_Ptw/FSM_sequential_state[2]_i_2/O
                         net (fo=4, routed)           0.351     4.611    gen_mmu_ptw_sv32.m_Ptw/FSM_sequential_state[2]_i_2_n_0
    SLICE_X12Y191        LUT2 (Prop_lut2_I0_O)        0.043     4.654 r  gen_mmu_ptw_sv32.m_Ptw/pte_r[29]_i_1/O
                         net (fo=25, routed)          0.233     4.887    gen_mmu_ptw_sv32.m_Ptw/pte_r[29]_i_1_n_0
    SLICE_X15Y190        FDRE                                         r  gen_mmu_ptw_sv32.m_Ptw/pte_r_reg[19]/CE
  -------------------------------------------------------------------    -------------------

                         (clock clk rise edge)        5.000     5.000 r  <hidden>
                                                      0.000     5.000 r  clk
                         net (fo=582, unset)          0.510     5.510    gen_mmu_ptw_sv32.m_Ptw/clk
    SLICE_X15Y190        FDRE                                         r  gen_mmu_ptw_sv32.m_Ptw/pte_r_reg[19]/C
                         clock pessimism              0.000     5.510    <hidden>
                         clock uncertainty           -0.035     5.475    <hidden>
    SLICE_X15Y190        FDRE (Setup_fdre_C_CE)      -0.201     5.274    gen_mmu_ptw_sv32.m_Ptw/pte_r_reg[19]
  -------------------------------------------------------------------
                         required time                          5.274    <hidden>
                         arrival time                          -4.887    <hidden>
  -------------------------------------------------------------------
                         slack                                  0.387    <hidden>

Slack (MET) :             0.387ns  (required time - arrival time)
  Source:                 gen_mmu_ptw_sv32.m_Ptw/FSM_sequential_state_reg[1]/C
                            (rising edge-triggered cell FDRE clocked by clk  {rise@0.000ns fall@2.500ns period=5.000ns})
  Destination:            gen_mmu_ptw_sv32.m_Ptw/pte_r_reg[1]/CE
                            (rising edge-triggered cell FDRE clocked by clk  {rise@0.000ns fall@2.500ns period=5.000ns})
  Path Group:             clk
  Path Type:              Setup (Max at Slow Process Corner)
  Requirement:            5.000ns  (clk rise@5.000ns - clk rise@0.000ns)
  Data Path Delay:        4.350ns  (logic 0.903ns (20.761%)  route 3.447ns (79.239%))
  Logic Levels:           9  (LUT2=3 LUT3=3 LUT4=2 LUT6=1)
  Clock Path Skew:        -0.027ns (DCD - SCD + CPR)
    Destination Clock Delay (DCD):    0.510ns = ( 5.510 - 5.000 ) 
    Source Clock Delay      (SCD):    0.537ns
    Clock Pessimism Removal (CPR):    0.000ns
  Clock Uncertainty:      0.035ns  ((TSJ^2 + TIJ^2)^1/2 + DJ) / 2 + PE
    Total System Jitter     (TSJ):    0.071ns
    Total Input Jitter      (TIJ):    0.000ns
    Discrete Jitter          (DJ):    0.000ns
    Phase Error              (PE):    0.000ns

    Location             Delay type                Incr(ns)  Path(ns)    Netlist Resource(s)
  -------------------------------------------------------------------    -------------------
                         (clock clk rise edge)        0.000     0.000 r  <hidden>
                                                      0.000     0.000 r  clk
                         net (fo=582, unset)          0.537     0.537    gen_mmu_ptw_sv32.m_Ptw/clk
    SLICE_X13Y191        FDRE                                         r  gen_mmu_ptw_sv32.m_Ptw/FSM_sequential_state_reg[1]/C
  -------------------------------------------------------------------    -------------------
    SLICE_X13Y191        FDRE (Prop_fdre_C_Q)         0.223     0.760 f  gen_mmu_ptw_sv32.m_Ptw/FSM_sequential_state_reg[1]/Q
                         net (fo=29, routed)          0.409     1.169    gen_mmu_ptw_sv32.m_Ptw/state[1]
    SLICE_X12Y190        LUT3 (Prop_lut3_I0_O)        0.043     1.212 r  gen_mmu_ptw_sv32.m_Ptw/mailbox_m_addr[31]_INST_0_i_1/O
                         net (fo=23, routed)          0.402     1.614    gen_mmu_ptw_sv32.m_Ptw/mailbox_m_addr[31]_INST_0_i_1_n_0
    SLICE_X12Y191        LUT3 (Prop_lut3_I0_O)        0.043     1.657 f  gen_mmu_ptw_sv32.m_Ptw/mailbox_m_addr[18]_INST_0/O
                         net (fo=3, routed)           0.373     2.030    gen_mmu_ptw_sv32.m_Ptw/D[13]
    SLICE_X12Y191        LUT4 (Prop_lut4_I0_O)        0.043     2.073 f  gen_mmu_ptw_sv32.m_Ptw/mailbox_m_stb_INST_0_i_3/O
                         net (fo=2, routed)           0.342     2.415    gen_mmu_ptw_sv32.m_Ptw/mailbox_m_stb_INST_0_i_3_n_0
    SLICE_X12Y191        LUT4 (Prop_lut4_I3_O)        0.049     2.464 f  gen_mmu_ptw_sv32.m_Ptw/pte_r[29]_i_9/O
                         net (fo=2, routed)           0.417     2.881    gen_mmu_ptw_sv32.m_Ptw/pte_r[29]_i_9_n_0
    SLICE_X11Y190        LUT3 (Prop_lut3_I2_O)        0.141     3.022 f  gen_mmu_ptw_sv32.m_Ptw/rx_ready_i_6/O
                         net (fo=2, routed)           0.215     3.237    gen_mmu_ptw_sv32.m_Ptw/rx_ready_i_6_n_0
    SLICE_X12Y190        LUT2 (Prop_lut2_I1_O)        0.136     3.373 f  gen_mmu_ptw_sv32.m_Ptw/rx_ready_i_2/O
                         net (fo=1, routed)           0.359     3.732    gen_mmu_ptw_sv32.m_Ptw/rx_ready_i_2_n_0
    SLICE_X12Y190        LUT2 (Prop_lut2_I1_O)        0.050     3.782 f  gen_mmu_ptw_sv32.m_Ptw/pte_r[0]_i_2/O
                         net (fo=6, routed)           0.345     4.127    gen_mmu_ptw_sv32.m_Ptw/pte_r[0]_i_2_n_0
    SLICE_X12Y189        LUT6 (Prop_lut6_I0_O)        0.132     4.259 r  gen_mmu_ptw_sv32.m_Ptw/FSM_sequential_state[2]_i_2/O
                         net (fo=4, routed)           0.351     4.611    gen_mmu_ptw_sv32.m_Ptw/FSM_sequential_state[2]_i_2_n_0
    SLICE_X12Y191        LUT2 (Prop_lut2_I0_O)        0.043     4.654 r  gen_mmu_ptw_sv32.m_Ptw/pte_r[29]_i_1/O
                         net (fo=25, routed)          0.233     4.887    gen_mmu_ptw_sv32.m_Ptw/pte_r[29]_i_1_n_0
    SLICE_X15Y190        FDRE                                         r  gen_mmu_ptw_sv32.m_Ptw/pte_r_reg[1]/CE
  -------------------------------------------------------------------    -------------------

                         (clock clk rise edge)        5.000     5.000 r  <hidden>
                                                      0.000     5.000 r  clk
                         net (fo=582, unset)          0.510     5.510    gen_mmu_ptw_sv32.m_Ptw/clk
    SLICE_X15Y190        FDRE                                         r  gen_mmu_ptw_sv32.m_Ptw/pte_r_reg[1]/C
                         clock pessimism              0.000     5.510    <hidden>
                         clock uncertainty           -0.035     5.475    <hidden>
    SLICE_X15Y190        FDRE (Setup_fdre_C_CE)      -0.201     5.274    gen_mmu_ptw_sv32.m_Ptw/pte_r_reg[1]
  -------------------------------------------------------------------
                         required time                          5.274    <hidden>
                         arrival time                          -4.887    <hidden>
  -------------------------------------------------------------------
                         slack                                  0.387    <hidden>





Min Delay Paths
--------------------------------------------------------------------------------------
Slack (MET) :             0.094ns  (arrival time - required time)
  Source:                 m_reg1/ifetch_fault_regfd_reg/C
                            (rising edge-triggered cell FDRE clocked by clk  {rise@0.000ns fall@2.500ns period=5.000ns})
  Destination:            m_reg2/ifetch_fault_regde_reg/D
                            (rising edge-triggered cell FDRE clocked by clk  {rise@0.000ns fall@2.500ns period=5.000ns})
  Path Group:             clk
  Path Type:              Hold (Min at Fast Process Corner)
  Requirement:            0.000ns  (clk rise@0.000ns - clk rise@0.000ns)
  Data Path Delay:        0.155ns  (logic 0.100ns (64.566%)  route 0.055ns (35.434%))
  Logic Levels:           0  
  Clock Path Skew:        0.014ns (DCD - SCD - CPR)
    Destination Clock Delay (DCD):    0.280ns
    Source Clock Delay      (SCD):    0.266ns
    Clock Pessimism Removal (CPR):    -0.000ns

    Location             Delay type                Incr(ns)  Path(ns)    Netlist Resource(s)
  -------------------------------------------------------------------    -------------------
                         (clock clk rise edge)        0.000     0.000 r  <hidden>
                                                      0.000     0.000 r  clk
                         net (fo=582, unset)          0.266     0.266    m_reg1/clk
    SLICE_X17Y188        FDRE                                         r  m_reg1/ifetch_fault_regfd_reg/C
  -------------------------------------------------------------------    -------------------
    SLICE_X17Y188        FDRE (Prop_fdre_C_Q)         0.100     0.366 r  m_reg1/ifetch_fault_regfd_reg/Q
                         net (fo=1, routed)           0.055     0.421    m_reg2/ifetch_fault_regfd
    SLICE_X17Y188        FDRE                                         r  m_reg2/ifetch_fault_regde_reg/D
  -------------------------------------------------------------------    -------------------

                         (clock clk rise edge)        0.000     0.000 r  <hidden>
                                                      0.000     0.000 r  clk
                         net (fo=582, unset)          0.280     0.280    m_reg2/clk
    SLICE_X17Y188        FDRE                                         r  m_reg2/ifetch_fault_regde_reg/C
                         clock pessimism              0.000     0.280    <hidden>
    SLICE_X17Y188        FDRE (Hold_fdre_C_D)         0.047     0.327    m_reg2/ifetch_fault_regde_reg
  -------------------------------------------------------------------
                         required time                         -0.327    <hidden>
                         arrival time                           0.421    <hidden>
  -------------------------------------------------------------------
                         slack                                  0.094    <hidden>

Slack (MET) :             0.097ns  (arrival time - required time)
  Source:                 m_PC/pc_o_reg[28]/C
                            (rising edge-triggered cell FDRE clocked by clk  {rise@0.000ns fall@2.500ns period=5.000ns})
  Destination:            gen_mmu_tlb_sv32.m_Tlb/tag_reg_r2_0_15_12_17/RAMC/I
                            (rising edge-triggered cell RAMD32 clocked by clk  {rise@0.000ns fall@2.500ns period=5.000ns})
  Path Group:             clk
  Path Type:              Hold (Min at Fast Process Corner)
  Requirement:            0.000ns  (clk rise@0.000ns - clk rise@0.000ns)
  Data Path Delay:        0.202ns  (logic 0.091ns (45.107%)  route 0.111ns (54.893%))
  Logic Levels:           0  
  Clock Path Skew:        0.014ns (DCD - SCD - CPR)
    Destination Clock Delay (DCD):    0.280ns
    Source Clock Delay      (SCD):    0.266ns
    Clock Pessimism Removal (CPR):    -0.000ns

    Location             Delay type                Incr(ns)  Path(ns)    Netlist Resource(s)
  -------------------------------------------------------------------    -------------------
                         (clock clk rise edge)        0.000     0.000 r  <hidden>
                                                      0.000     0.000 r  clk
                         net (fo=582, unset)          0.266     0.266    m_PC/clk
    SLICE_X17Y187        FDRE                                         r  m_PC/pc_o_reg[28]/C
  -------------------------------------------------------------------    -------------------
    SLICE_X17Y187        FDRE (Prop_fdre_C_Q)         0.091     0.357 r  m_PC/pc_o_reg[28]/Q
                         net (fo=5, routed)           0.111     0.468    gen_mmu_tlb_sv32.m_Tlb/tag_reg_r2_0_15_12_17/DIC0
    SLICE_X18Y186        RAMD32                                       r  gen_mmu_tlb_sv32.m_Tlb/tag_reg_r2_0_15_12_17/RAMC/I
  -------------------------------------------------------------------    -------------------

                         (clock clk rise edge)        0.000     0.000 r  <hidden>
                                                      0.000     0.000 r  clk
                         net (fo=582, unset)          0.280     0.280    gen_mmu_tlb_sv32.m_Tlb/tag_reg_r2_0_15_12_17/WCLK
    SLICE_X18Y186        RAMD32                                       r  gen_mmu_tlb_sv32.m_Tlb/tag_reg_r2_0_15_12_17/RAMC/CLK
                         clock pessimism              0.000     0.280    <hidden>
    SLICE_X18Y186        RAMD32 (Hold_ramd32_CLK_I)
                                                      0.091     0.371    gen_mmu_tlb_sv32.m_Tlb/tag_reg_r2_0_15_12_17/RAMC
  -------------------------------------------------------------------
                         required time                         -0.371    <hidden>
                         arrival time                           0.468    <hidden>
  -------------------------------------------------------------------
                         slack                                  0.097    <hidden>

Slack (MET) :             0.098ns  (arrival time - required time)
  Source:                 m_Register/regs_reg[10][18]/C
                            (rising edge-triggered cell FDRE clocked by clk  {rise@0.000ns fall@2.500ns period=5.000ns})
  Destination:            m_Register/regs_reg[10][18]/D
                            (rising edge-triggered cell FDRE clocked by clk  {rise@0.000ns fall@2.500ns period=5.000ns})
  Path Group:             clk
  Path Type:              Hold (Min at Fast Process Corner)
  Requirement:            0.000ns  (clk rise@0.000ns - clk rise@0.000ns)
  Data Path Delay:        0.155ns  (logic 0.100ns (64.566%)  route 0.055ns (35.434%))
  Logic Levels:           0  
  Clock Path Skew:        0.014ns (DCD - SCD - CPR)
    Destination Clock Delay (DCD):    0.280ns
    Source Clock Delay      (SCD):    0.266ns
    Clock Pessimism Removal (CPR):    -0.000ns

    Location             Delay type                Incr(ns)  Path(ns)    Netlist Resource(s)
  -------------------------------------------------------------------    -------------------
                         (clock clk rise edge)        0.000     0.000 r  <hidden>
                                                      0.000     0.000 r  clk
                         net (fo=582, unset)          0.266     0.266    m_Register/clk
    SLICE_X13Y167        FDRE                                         r  m_Register/regs_reg[10][18]/C
  -------------------------------------------------------------------    -------------------
    SLICE_X13Y167        FDRE (Prop_fdre_C_Q)         0.100     0.366 r  m_Register/regs_reg[10][18]/Q
                         net (fo=1, routed)           0.055     0.421    m_Register/debug_x10[18]
    SLICE_X13Y167        FDRE                                         r  m_Register/regs_reg[10][18]/D
  -------------------------------------------------------------------    -------------------

                         (clock clk rise edge)        0.000     0.000 r  <hidden>
                                                      0.000     0.000 r  clk
                         net (fo=582, unset)          0.280     0.280    m_Register/clk
    SLICE_X13Y167        FDRE                                         r  m_Register/regs_reg[10][18]/C
                         clock pessimism              0.000     0.280    <hidden>
    SLICE_X13Y167        FDRE (Hold_fdre_C_D)         0.043     0.323    m_Register/regs_reg[10][18]
  -------------------------------------------------------------------
                         required time                         -0.323    <hidden>
                         arrival time                           0.421    <hidden>
  -------------------------------------------------------------------
                         slack                                  0.098    <hidden>

Slack (MET) :             0.098ns  (arrival time - required time)
  Source:                 m_Register/regs_reg[11][28]/C
                            (rising edge-triggered cell FDRE clocked by clk  {rise@0.000ns fall@2.500ns period=5.000ns})
  Destination:            m_Register/regs_reg[11][28]/D
                            (rising edge-triggered cell FDRE clocked by clk  {rise@0.000ns fall@2.500ns period=5.000ns})
  Path Group:             clk
  Path Type:              Hold (Min at Fast Process Corner)
  Requirement:            0.000ns  (clk rise@0.000ns - clk rise@0.000ns)
  Data Path Delay:        0.155ns  (logic 0.100ns (64.566%)  route 0.055ns (35.434%))
  Logic Levels:           0  
  Clock Path Skew:        0.014ns (DCD - SCD - CPR)
    Destination Clock Delay (DCD):    0.280ns
    Source Clock Delay      (SCD):    0.266ns
    Clock Pessimism Removal (CPR):    -0.000ns

    Location             Delay type                Incr(ns)  Path(ns)    Netlist Resource(s)
  -------------------------------------------------------------------    -------------------
                         (clock clk rise edge)        0.000     0.000 r  <hidden>
                                                      0.000     0.000 r  clk
                         net (fo=582, unset)          0.266     0.266    m_Register/clk
    SLICE_X17Y167        FDRE                                         r  m_Register/regs_reg[11][28]/C
  -------------------------------------------------------------------    -------------------
    SLICE_X17Y167        FDRE (Prop_fdre_C_Q)         0.100     0.366 r  m_Register/regs_reg[11][28]/Q
                         net (fo=1, routed)           0.055     0.421    m_Register/debug_x11[28]
    SLICE_X17Y167        FDRE                                         r  m_Register/regs_reg[11][28]/D
  -------------------------------------------------------------------    -------------------

                         (clock clk rise edge)        0.000     0.000 r  <hidden>
                                                      0.000     0.000 r  clk
                         net (fo=582, unset)          0.280     0.280    m_Register/clk
    SLICE_X17Y167        FDRE                                         r  m_Register/regs_reg[11][28]/C
                         clock pessimism              0.000     0.280    <hidden>
    SLICE_X17Y167        FDRE (Hold_fdre_C_D)         0.043     0.323    m_Register/regs_reg[11][28]
  -------------------------------------------------------------------
                         required time                         -0.323    <hidden>
                         arrival time                           0.421    <hidden>
  -------------------------------------------------------------------
                         slack                                  0.098    <hidden>

Slack (MET) :             0.098ns  (arrival time - required time)
  Source:                 m_Register/regs_reg[11][31]/C
                            (rising edge-triggered cell FDRE clocked by clk  {rise@0.000ns fall@2.500ns period=5.000ns})
  Destination:            m_Register/regs_reg[11][31]/D
                            (rising edge-triggered cell FDRE clocked by clk  {rise@0.000ns fall@2.500ns period=5.000ns})
  Path Group:             clk
  Path Type:              Hold (Min at Fast Process Corner)
  Requirement:            0.000ns  (clk rise@0.000ns - clk rise@0.000ns)
  Data Path Delay:        0.155ns  (logic 0.100ns (64.566%)  route 0.055ns (35.434%))
  Logic Levels:           0  
  Clock Path Skew:        0.014ns (DCD - SCD - CPR)
    Destination Clock Delay (DCD):    0.280ns
    Source Clock Delay      (SCD):    0.266ns
    Clock Pessimism Removal (CPR):    -0.000ns

    Location             Delay type                Incr(ns)  Path(ns)    Netlist Resource(s)
  -------------------------------------------------------------------    -------------------
                         (clock clk rise edge)        0.000     0.000 r  <hidden>
                                                      0.000     0.000 r  clk
                         net (fo=582, unset)          0.266     0.266    m_Register/clk
    SLICE_X15Y174        FDRE                                         r  m_Register/regs_reg[11][31]/C
  -------------------------------------------------------------------    -------------------
    SLICE_X15Y174        FDRE (Prop_fdre_C_Q)         0.100     0.366 r  m_Register/regs_reg[11][31]/Q
                         net (fo=1, routed)           0.055     0.421    m_Register/debug_x11[31]
    SLICE_X15Y174        FDRE                                         r  m_Register/regs_reg[11][31]/D
  -------------------------------------------------------------------    -------------------

                         (clock clk rise edge)        0.000     0.000 r  <hidden>
                                                      0.000     0.000 r  clk
                         net (fo=582, unset)          0.280     0.280    m_Register/clk
    SLICE_X15Y174        FDRE                                         r  m_Register/regs_reg[11][31]/C
                         clock pessimism              0.000     0.280    <hidden>
    SLICE_X15Y174        FDRE (Hold_fdre_C_D)         0.043     0.323    m_Register/regs_reg[11][31]
  -------------------------------------------------------------------
                         required time                         -0.323    <hidden>
                         arrival time                           0.421    <hidden>
  -------------------------------------------------------------------
                         slack                                  0.098    <hidden>

Slack (MET) :             0.098ns  (arrival time - required time)
  Source:                 m_Register/regs_reg[11][3]/C
                            (rising edge-triggered cell FDRE clocked by clk  {rise@0.000ns fall@2.500ns period=5.000ns})
  Destination:            m_Register/regs_reg[11][3]/D
                            (rising edge-triggered cell FDRE clocked by clk  {rise@0.000ns fall@2.500ns period=5.000ns})
  Path Group:             clk
  Path Type:              Hold (Min at Fast Process Corner)
  Requirement:            0.000ns  (clk rise@0.000ns - clk rise@0.000ns)
  Data Path Delay:        0.155ns  (logic 0.100ns (64.566%)  route 0.055ns (35.434%))
  Logic Levels:           0  
  Clock Path Skew:        0.014ns (DCD - SCD - CPR)
    Destination Clock Delay (DCD):    0.280ns
    Source Clock Delay      (SCD):    0.266ns
    Clock Pessimism Removal (CPR):    -0.000ns

    Location             Delay type                Incr(ns)  Path(ns)    Netlist Resource(s)
  -------------------------------------------------------------------    -------------------
                         (clock clk rise edge)        0.000     0.000 r  <hidden>
                                                      0.000     0.000 r  clk
                         net (fo=582, unset)          0.266     0.266    m_Register/clk
    SLICE_X15Y169        FDRE                                         r  m_Register/regs_reg[11][3]/C
  -------------------------------------------------------------------    -------------------
    SLICE_X15Y169        FDRE (Prop_fdre_C_Q)         0.100     0.366 r  m_Register/regs_reg[11][3]/Q
                         net (fo=1, routed)           0.055     0.421    m_Register/debug_x11[3]
    SLICE_X15Y169        FDRE                                         r  m_Register/regs_reg[11][3]/D
  -------------------------------------------------------------------    -------------------

                         (clock clk rise edge)        0.000     0.000 r  <hidden>
                                                      0.000     0.000 r  clk
                         net (fo=582, unset)          0.280     0.280    m_Register/clk
    SLICE_X15Y169        FDRE                                         r  m_Register/regs_reg[11][3]/C
                         clock pessimism              0.000     0.280    <hidden>
    SLICE_X15Y169        FDRE (Hold_fdre_C_D)         0.043     0.323    m_Register/regs_reg[11][3]
  -------------------------------------------------------------------
                         required time                         -0.323    <hidden>
                         arrival time                           0.421    <hidden>
  -------------------------------------------------------------------
                         slack                                  0.098    <hidden>

Slack (MET) :             0.098ns  (arrival time - required time)
  Source:                 m_Register/regs_reg[12][1]/C
                            (rising edge-triggered cell FDRE clocked by clk  {rise@0.000ns fall@2.500ns period=5.000ns})
  Destination:            m_Register/regs_reg[12][1]/D
                            (rising edge-triggered cell FDRE clocked by clk  {rise@0.000ns fall@2.500ns period=5.000ns})
  Path Group:             clk
  Path Type:              Hold (Min at Fast Process Corner)
  Requirement:            0.000ns  (clk rise@0.000ns - clk rise@0.000ns)
  Data Path Delay:        0.155ns  (logic 0.100ns (64.566%)  route 0.055ns (35.434%))
  Logic Levels:           0  
  Clock Path Skew:        0.014ns (DCD - SCD - CPR)
    Destination Clock Delay (DCD):    0.280ns
    Source Clock Delay      (SCD):    0.266ns
    Clock Pessimism Removal (CPR):    -0.000ns

    Location             Delay type                Incr(ns)  Path(ns)    Netlist Resource(s)
  -------------------------------------------------------------------    -------------------
                         (clock clk rise edge)        0.000     0.000 r  <hidden>
                                                      0.000     0.000 r  clk
                         net (fo=582, unset)          0.266     0.266    m_Register/clk
    SLICE_X13Y171        FDRE                                         r  m_Register/regs_reg[12][1]/C
  -------------------------------------------------------------------    -------------------
    SLICE_X13Y171        FDRE (Prop_fdre_C_Q)         0.100     0.366 r  m_Register/regs_reg[12][1]/Q
                         net (fo=1, routed)           0.055     0.421    m_Register/debug_x12[1]
    SLICE_X13Y171        FDRE                                         r  m_Register/regs_reg[12][1]/D
  -------------------------------------------------------------------    -------------------

                         (clock clk rise edge)        0.000     0.000 r  <hidden>
                                                      0.000     0.000 r  clk
                         net (fo=582, unset)          0.280     0.280    m_Register/clk
    SLICE_X13Y171        FDRE                                         r  m_Register/regs_reg[12][1]/C
                         clock pessimism              0.000     0.280    <hidden>
    SLICE_X13Y171        FDRE (Hold_fdre_C_D)         0.043     0.323    m_Register/regs_reg[12][1]
  -------------------------------------------------------------------
                         required time                         -0.323    <hidden>
                         arrival time                           0.421    <hidden>
  -------------------------------------------------------------------
                         slack                                  0.098    <hidden>

Slack (MET) :             0.098ns  (arrival time - required time)
  Source:                 m_Register/regs_reg[12][9]/C
                            (rising edge-triggered cell FDRE clocked by clk  {rise@0.000ns fall@2.500ns period=5.000ns})
  Destination:            m_Register/regs_reg[12][9]/D
                            (rising edge-triggered cell FDRE clocked by clk  {rise@0.000ns fall@2.500ns period=5.000ns})
  Path Group:             clk
  Path Type:              Hold (Min at Fast Process Corner)
  Requirement:            0.000ns  (clk rise@0.000ns - clk rise@0.000ns)
  Data Path Delay:        0.155ns  (logic 0.100ns (64.566%)  route 0.055ns (35.434%))
  Logic Levels:           0  
  Clock Path Skew:        0.014ns (DCD - SCD - CPR)
    Destination Clock Delay (DCD):    0.280ns
    Source Clock Delay      (SCD):    0.266ns
    Clock Pessimism Removal (CPR):    -0.000ns

    Location             Delay type                Incr(ns)  Path(ns)    Netlist Resource(s)
  -------------------------------------------------------------------    -------------------
                         (clock clk rise edge)        0.000     0.000 r  <hidden>
                                                      0.000     0.000 r  clk
                         net (fo=582, unset)          0.266     0.266    m_Register/clk
    SLICE_X19Y174        FDRE                                         r  m_Register/regs_reg[12][9]/C
  -------------------------------------------------------------------    -------------------
    SLICE_X19Y174        FDRE (Prop_fdre_C_Q)         0.100     0.366 r  m_Register/regs_reg[12][9]/Q
                         net (fo=1, routed)           0.055     0.421    m_Register/debug_x12[9]
    SLICE_X19Y174        FDRE                                         r  m_Register/regs_reg[12][9]/D
  -------------------------------------------------------------------    -------------------

                         (clock clk rise edge)        0.000     0.000 r  <hidden>
                                                      0.000     0.000 r  clk
                         net (fo=582, unset)          0.280     0.280    m_Register/clk
    SLICE_X19Y174        FDRE                                         r  m_Register/regs_reg[12][9]/C
                         clock pessimism              0.000     0.280    <hidden>
    SLICE_X19Y174        FDRE (Hold_fdre_C_D)         0.043     0.323    m_Register/regs_reg[12][9]
  -------------------------------------------------------------------
                         required time                         -0.323    <hidden>
                         arrival time                           0.421    <hidden>
  -------------------------------------------------------------------
                         slack                                  0.098    <hidden>

Slack (MET) :             0.098ns  (arrival time - required time)
  Source:                 m_Register/regs_reg[13][10]/C
                            (rising edge-triggered cell FDRE clocked by clk  {rise@0.000ns fall@2.500ns period=5.000ns})
  Destination:            m_Register/regs_reg[13][10]/D
                            (rising edge-triggered cell FDRE clocked by clk  {rise@0.000ns fall@2.500ns period=5.000ns})
  Path Group:             clk
  Path Type:              Hold (Min at Fast Process Corner)
  Requirement:            0.000ns  (clk rise@0.000ns - clk rise@0.000ns)
  Data Path Delay:        0.155ns  (logic 0.100ns (64.566%)  route 0.055ns (35.434%))
  Logic Levels:           0  
  Clock Path Skew:        0.014ns (DCD - SCD - CPR)
    Destination Clock Delay (DCD):    0.280ns
    Source Clock Delay      (SCD):    0.266ns
    Clock Pessimism Removal (CPR):    -0.000ns

    Location             Delay type                Incr(ns)  Path(ns)    Netlist Resource(s)
  -------------------------------------------------------------------    -------------------
                         (clock clk rise edge)        0.000     0.000 r  <hidden>
                                                      0.000     0.000 r  clk
                         net (fo=582, unset)          0.266     0.266    m_Register/clk
    SLICE_X19Y179        FDRE                                         r  m_Register/regs_reg[13][10]/C
  -------------------------------------------------------------------    -------------------
    SLICE_X19Y179        FDRE (Prop_fdre_C_Q)         0.100     0.366 r  m_Register/regs_reg[13][10]/Q
                         net (fo=1, routed)           0.055     0.421    m_Register/debug_x13[10]
    SLICE_X19Y179        FDRE                                         r  m_Register/regs_reg[13][10]/D
  -------------------------------------------------------------------    -------------------

                         (clock clk rise edge)        0.000     0.000 r  <hidden>
                                                      0.000     0.000 r  clk
                         net (fo=582, unset)          0.280     0.280    m_Register/clk
    SLICE_X19Y179        FDRE                                         r  m_Register/regs_reg[13][10]/C
                         clock pessimism              0.000     0.280    <hidden>
    SLICE_X19Y179        FDRE (Hold_fdre_C_D)         0.043     0.323    m_Register/regs_reg[13][10]
  -------------------------------------------------------------------
                         required time                         -0.323    <hidden>
                         arrival time                           0.421    <hidden>
  -------------------------------------------------------------------
                         slack                                  0.098    <hidden>

Slack (MET) :             0.098ns  (arrival time - required time)
  Source:                 m_Register/regs_reg[1][10]/C
                            (rising edge-triggered cell FDRE clocked by clk  {rise@0.000ns fall@2.500ns period=5.000ns})
  Destination:            m_Register/regs_reg[1][10]/D
                            (rising edge-triggered cell FDRE clocked by clk  {rise@0.000ns fall@2.500ns period=5.000ns})
  Path Group:             clk
  Path Type:              Hold (Min at Fast Process Corner)
  Requirement:            0.000ns  (clk rise@0.000ns - clk rise@0.000ns)
  Data Path Delay:        0.155ns  (logic 0.100ns (64.566%)  route 0.055ns (35.434%))
  Logic Levels:           0  
  Clock Path Skew:        0.014ns (DCD - SCD - CPR)
    Destination Clock Delay (DCD):    0.280ns
    Source Clock Delay      (SCD):    0.266ns
    Clock Pessimism Removal (CPR):    -0.000ns

    Location             Delay type                Incr(ns)  Path(ns)    Netlist Resource(s)
  -------------------------------------------------------------------    -------------------
                         (clock clk rise edge)        0.000     0.000 r  <hidden>
                                                      0.000     0.000 r  clk
                         net (fo=582, unset)          0.266     0.266    m_Register/clk
    SLICE_X17Y169        FDRE                                         r  m_Register/regs_reg[1][10]/C
  -------------------------------------------------------------------    -------------------
    SLICE_X17Y169        FDRE (Prop_fdre_C_Q)         0.100     0.366 r  m_Register/regs_reg[1][10]/Q
                         net (fo=1, routed)           0.055     0.421    m_Register/debug_x1[10]
    SLICE_X17Y169        FDRE                                         r  m_Register/regs_reg[1][10]/D
  -------------------------------------------------------------------    -------------------

                         (clock clk rise edge)        0.000     0.000 r  <hidden>
                                                      0.000     0.000 r  clk
                         net (fo=582, unset)          0.280     0.280    m_Register/clk
    SLICE_X17Y169        FDRE                                         r  m_Register/regs_reg[1][10]/C
                         clock pessimism              0.000     0.280    <hidden>
    SLICE_X17Y169        FDRE (Hold_fdre_C_D)         0.043     0.323    m_Register/regs_reg[1][10]
  -------------------------------------------------------------------
                         required time                         -0.323    <hidden>
                         arrival time                           0.421    <hidden>
  -------------------------------------------------------------------
                         slack                                  0.098    <hidden>





Pulse Width Checks
--------------------------------------------------------------------------------------
Clock Name:         clk
Waveform(ns):       { 0.000 2.500 }
Period(ns):         5.000
Sources:            { clk }

Check Type        Corner  Lib Pin     Reference Pin  Required(ns)  Actual(ns)  Slack(ns)  Location       Pin
Min Period        n/a     FDRE/C      n/a            0.750         5.000       4.250      SLICE_X15Y189  gen_mmu_ptw_sv32.m_Ptw/done_reg/C
Min Period        n/a     FDRE/C      n/a            0.750         5.000       4.250      SLICE_X17Y191  gen_mmu_ptw_sv32.m_Ptw/pte_r_reg[0]/C
Min Period        n/a     FDRE/C      n/a            0.750         5.000       4.250      SLICE_X15Y182  m_CSR/mcause_reg[12]/C
Min Period        n/a     FDRE/C      n/a            0.750         5.000       4.250      SLICE_X12Y181  m_CSR/mcause_reg[14]/C
Min Period        n/a     FDRE/C      n/a            0.750         5.000       4.250      SLICE_X18Y180  m_CSR/mcause_reg[16]/C
Min Period        n/a     FDRE/C      n/a            0.750         5.000       4.250      SLICE_X20Y182  m_CSR/mcause_reg[18]/C
Min Period        n/a     FDRE/C      n/a            0.750         5.000       4.250      SLICE_X20Y181  m_CSR/mcause_reg[20]/C
Min Period        n/a     FDRE/C      n/a            0.750         5.000       4.250      SLICE_X20Y181  m_CSR/mcause_reg[22]/C
Min Period        n/a     FDRE/C      n/a            0.750         5.000       4.250      SLICE_X15Y182  m_CSR/mcause_reg[24]/C
Min Period        n/a     FDRE/C      n/a            0.750         5.000       4.250      SLICE_X20Y182  m_CSR/mcause_reg[26]/C
Low Pulse Width   Slow    RAMD32/CLK  n/a            0.768         2.500       1.732      SLICE_X18Y184  gen_mmu_tlb_sv32.m_Tlb/tag_reg_r2_0_15_0_5/RAMA/CLK
Low Pulse Width   Fast    RAMD32/CLK  n/a            0.768         2.500       1.732      SLICE_X18Y184  gen_mmu_tlb_sv32.m_Tlb/tag_reg_r2_0_15_0_5/RAMA/CLK
Low Pulse Width   Slow    RAMD32/CLK  n/a            0.768         2.500       1.732      SLICE_X18Y184  gen_mmu_tlb_sv32.m_Tlb/tag_reg_r2_0_15_0_5/RAMA_D1/CLK
Low Pulse Width   Fast    RAMD32/CLK  n/a            0.768         2.500       1.732      SLICE_X18Y184  gen_mmu_tlb_sv32.m_Tlb/tag_reg_r2_0_15_0_5/RAMA_D1/CLK
Low Pulse Width   Slow    RAMD32/CLK  n/a            0.768         2.500       1.732      SLICE_X18Y184  gen_mmu_tlb_sv32.m_Tlb/tag_reg_r2_0_15_0_5/RAMB/CLK
Low Pulse Width   Fast    RAMD32/CLK  n/a            0.768         2.500       1.732      SLICE_X18Y184  gen_mmu_tlb_sv32.m_Tlb/tag_reg_r2_0_15_0_5/RAMB/CLK
Low Pulse Width   Slow    RAMD32/CLK  n/a            0.768         2.500       1.732      SLICE_X18Y184  gen_mmu_tlb_sv32.m_Tlb/tag_reg_r2_0_15_0_5/RAMB_D1/CLK
Low Pulse Width   Fast    RAMD32/CLK  n/a            0.768         2.500       1.732      SLICE_X18Y184  gen_mmu_tlb_sv32.m_Tlb/tag_reg_r2_0_15_0_5/RAMB_D1/CLK
Low Pulse Width   Slow    RAMD32/CLK  n/a            0.768         2.500       1.732      SLICE_X18Y184  gen_mmu_tlb_sv32.m_Tlb/tag_reg_r2_0_15_0_5/RAMC/CLK
Low Pulse Width   Fast    RAMD32/CLK  n/a            0.768         2.500       1.732      SLICE_X18Y184  gen_mmu_tlb_sv32.m_Tlb/tag_reg_r2_0_15_0_5/RAMC/CLK
High Pulse Width  Slow    RAMD32/CLK  n/a            0.768         2.500       1.732      SLICE_X18Y184  gen_mmu_tlb_sv32.m_Tlb/tag_reg_r2_0_15_0_5/RAMA/CLK
High Pulse Width  Fast    RAMD32/CLK  n/a            0.768         2.500       1.732      SLICE_X18Y184  gen_mmu_tlb_sv32.m_Tlb/tag_reg_r2_0_15_0_5/RAMA/CLK
High Pulse Width  Slow    RAMD32/CLK  n/a            0.768         2.500       1.732      SLICE_X18Y184  gen_mmu_tlb_sv32.m_Tlb/tag_reg_r2_0_15_0_5/RAMA_D1/CLK
High Pulse Width  Fast    RAMD32/CLK  n/a            0.768         2.500       1.732      SLICE_X18Y184  gen_mmu_tlb_sv32.m_Tlb/tag_reg_r2_0_15_0_5/RAMA_D1/CLK
High Pulse Width  Slow    RAMD32/CLK  n/a            0.768         2.500       1.732      SLICE_X18Y184  gen_mmu_tlb_sv32.m_Tlb/tag_reg_r2_0_15_0_5/RAMB/CLK
High Pulse Width  Fast    RAMD32/CLK  n/a            0.768         2.500       1.732      SLICE_X18Y184  gen_mmu_tlb_sv32.m_Tlb/tag_reg_r2_0_15_0_5/RAMB/CLK
High Pulse Width  Slow    RAMD32/CLK  n/a            0.768         2.500       1.732      SLICE_X18Y184  gen_mmu_tlb_sv32.m_Tlb/tag_reg_r2_0_15_0_5/RAMB_D1/CLK
High Pulse Width  Fast    RAMD32/CLK  n/a            0.768         2.500       1.732      SLICE_X18Y184  gen_mmu_tlb_sv32.m_Tlb/tag_reg_r2_0_15_0_5/RAMB_D1/CLK
High Pulse Width  Slow    RAMD32/CLK  n/a            0.768         2.500       1.732      SLICE_X18Y184  gen_mmu_tlb_sv32.m_Tlb/tag_reg_r2_0_15_0_5/RAMC/CLK
High Pulse Width  Fast    RAMD32/CLK  n/a            0.768         2.500       1.732      SLICE_X18Y184  gen_mmu_tlb_sv32.m_Tlb/tag_reg_r2_0_15_0_5/RAMC/CLK



