Copyright 1986-2022 Xilinx, Inc. All Rights Reserved. Copyright 2022-2026 Advanced Micro Devices, Inc. All Rights Reserved.
---------------------------------------------------------------------------------------------------------------------------------------------------------------------------------------------
| Tool Version : Vivado v.2026.1 (win64) Build 6511674 Tue Jun 16 11:02:23 MDT 2026
| Date         : Tue Aug 11 22:52:44 2026
| Host         : DESKTOP-6U6OFON running 64-bit major release  (build 9200)
| Command      : report_timing -sort_by group -max_paths 1 -path_type full -input_pins -file C:/Python/5-stage-pipelined-processor-main/fpga/vivado/reports/inorder/150mhz/critical_path.rpt
| Design       : PIPELINED
| Device       : 7k325t-ffg900
| Speed File   : -2  PRODUCTION 1.12 2017-02-17
| Design State : Routed
---------------------------------------------------------------------------------------------------------------------------------------------------------------------------------------------

Timing Report

Slack (MET) :             1.428ns  (required time - arrival time)
  Source:                 gen_mmu_ptw_sv32.m_Ptw/FSM_sequential_state_reg[1]/C
                            (rising edge-triggered cell FDRE clocked by clk  {rise@0.000ns fall@3.333ns period=6.667ns})
  Destination:            gen_mmu_ptw_sv32.m_Ptw/pte_r_reg[0]/CE
                            (rising edge-triggered cell FDRE clocked by clk  {rise@0.000ns fall@3.333ns period=6.667ns})
  Path Group:             clk
  Path Type:              Setup (Max at Slow Process Corner)
  Requirement:            6.667ns  (clk rise@6.667ns - clk rise@0.000ns)
  Data Path Delay:        4.883ns  (logic 0.878ns (17.982%)  route 4.005ns (82.018%))
  Logic Levels:           8  (LUT2=3 LUT3=2 LUT5=1 LUT6=2)
  Clock Path Skew:        -0.027ns (DCD - SCD + CPR)
    Destination Clock Delay (DCD):    0.510ns = ( 7.177 - 6.667 ) 
    Source Clock Delay      (SCD):    0.537ns
    Clock Pessimism Removal (CPR):    0.000ns
  Clock Uncertainty:      0.035ns  ((TSJ^2 + TIJ^2)^1/2 + DJ) / 2 + PE
    Total System Jitter     (TSJ):    0.071ns
    Total Input Jitter      (TIJ):    0.000ns
    Discrete Jitter          (DJ):    0.000ns
    Phase Error              (PE):    0.000ns

    Location             Delay type                Incr(ns)  Path(ns)    Netlist Resource(s)
  -------------------------------------------------------------------    -------------------
                         (clock clk rise edge)        0.000     0.000 r  <hidden>
                         propagated clock network latency
                                                      0.537     0.537    <hidden>
    SLICE_X128Y191       FDRE                         0.000     0.537 r  gen_mmu_ptw_sv32.m_Ptw/FSM_sequential_state_reg[1]/C
    SLICE_X128Y191       FDRE (Prop_fdre_C_Q)         0.223     0.760 f  gen_mmu_ptw_sv32.m_Ptw/FSM_sequential_state_reg[1]/Q
                         net (fo=29, routed)          0.636     1.396    gen_mmu_ptw_sv32.m_Ptw/state[1]
    SLICE_X133Y193                                                    f  gen_mmu_ptw_sv32.m_Ptw/mailbox_m_addr[31]_INST_0_i_1/I0
    SLICE_X133Y193       LUT3 (Prop_lut3_I0_O)        0.043     1.439 r  gen_mmu_ptw_sv32.m_Ptw/mailbox_m_addr[31]_INST_0_i_1/O
                         net (fo=23, routed)          0.595     2.034    gen_mmu_ptw_sv32.m_Ptw/mailbox_m_addr[31]_INST_0_i_1_n_0
    SLICE_X129Y194                                                    r  gen_mmu_ptw_sv32.m_Ptw/mailbox_m_addr[23]_INST_0/I0
    SLICE_X129Y194       LUT3 (Prop_lut3_I0_O)        0.052     2.086 f  gen_mmu_ptw_sv32.m_Ptw/mailbox_m_addr[23]_INST_0/O
                         net (fo=3, routed)           0.415     2.502    gen_mmu_ptw_sv32.m_Ptw/D[18]
    SLICE_X132Y196                                                    f  gen_mmu_ptw_sv32.m_Ptw/mailbox_m_stb_INST_0_i_5/I5
    SLICE_X132Y196       LUT6 (Prop_lut6_I5_O)        0.136     2.638 f  gen_mmu_ptw_sv32.m_Ptw/mailbox_m_stb_INST_0_i_5/O
                         net (fo=2, routed)           0.336     2.973    gen_mmu_ptw_sv32.m_Ptw/mailbox_m_stb_INST_0_i_5_n_0
    SLICE_X132Y197                                                    f  gen_mmu_ptw_sv32.m_Ptw/mailbox_m_stb_INST_0_i_2/I0
    SLICE_X132Y197       LUT5 (Prop_lut5_I0_O)        0.043     3.016 f  gen_mmu_ptw_sv32.m_Ptw/mailbox_m_stb_INST_0_i_2/O
                         net (fo=3, routed)           0.423     3.439    gen_mmu_ptw_sv32.m_Ptw/mailbox_m_stb_INST_0_i_2_n_0
    SLICE_X132Y194                                                    f  gen_mmu_ptw_sv32.m_Ptw/rx_ready_i_2/I0
    SLICE_X132Y194       LUT2 (Prop_lut2_I0_O)        0.049     3.488 f  gen_mmu_ptw_sv32.m_Ptw/rx_ready_i_2/O
                         net (fo=1, routed)           0.450     3.938    gen_mmu_ptw_sv32.m_Ptw/rx_ready_i_2_n_0
    SLICE_X132Y191                                                    f  gen_mmu_ptw_sv32.m_Ptw/pte_r[0]_i_2/I1
    SLICE_X132Y191       LUT2 (Prop_lut2_I1_O)        0.142     4.080 f  gen_mmu_ptw_sv32.m_Ptw/pte_r[0]_i_2/O
                         net (fo=6, routed)           0.237     4.317    gen_mmu_ptw_sv32.m_Ptw/pte_r[0]_i_2_n_0
    SLICE_X132Y191                                                    f  gen_mmu_ptw_sv32.m_Ptw/FSM_sequential_state[2]_i_2/I0
    SLICE_X132Y191       LUT6 (Prop_lut6_I0_O)        0.138     4.455 r  gen_mmu_ptw_sv32.m_Ptw/FSM_sequential_state[2]_i_2/O
                         net (fo=4, routed)           0.441     4.895    gen_mmu_ptw_sv32.m_Ptw/FSM_sequential_state[2]_i_2_n_0
    SLICE_X133Y192                                                    r  gen_mmu_ptw_sv32.m_Ptw/pte_r[29]_i_1/I0
    SLICE_X133Y192       LUT2 (Prop_lut2_I0_O)        0.052     4.947 r  gen_mmu_ptw_sv32.m_Ptw/pte_r[29]_i_1/O
                         net (fo=25, routed)          0.472     5.420    gen_mmu_ptw_sv32.m_Ptw/pte_r[29]_i_1_n_0
    SLICE_X129Y190       FDRE                                         r  gen_mmu_ptw_sv32.m_Ptw/pte_r_reg[0]/CE
  -------------------------------------------------------------------    -------------------

                         (clock clk rise edge)        6.667     6.667 r  <hidden>
                         propagated clock network latency
                                                      0.510     7.177    <hidden>
                         clock pessimism              0.000     7.177    <hidden>
                         clock uncertainty           -0.035     7.142    <hidden>
    SLICE_X129Y190       FDRE (Setup_fdre_C_CE)      -0.294     6.848    gen_mmu_ptw_sv32.m_Ptw/pte_r_reg[0]
  -------------------------------------------------------------------
                         required time                          6.848    <hidden>
                         arrival time                          -5.420    <hidden>
  -------------------------------------------------------------------
                         slack                                  1.428    <hidden>




