Copyright 1986-2022 Xilinx, Inc. All Rights Reserved. Copyright 2022-2026 Advanced Micro Devices, Inc. All Rights Reserved.
---------------------------------------------------------------------------------------------------------------------------------------------------------------------------------------------
| Tool Version : Vivado v.2026.1 (win64) Build 6511674 Tue Jun 16 11:02:23 MDT 2026
| Date         : Tue Aug 11 22:42:59 2026
| Host         : DESKTOP-6U6OFON running 64-bit major release  (build 9200)
| Command      : report_timing -sort_by group -max_paths 1 -path_type full -input_pins -file C:/Python/5-stage-pipelined-processor-main/fpga/vivado/reports/inorder/100mhz/critical_path.rpt
| Design       : PIPELINED
| Device       : 7k325t-ffg900
| Speed File   : -2  PRODUCTION 1.12 2017-02-17
| Design State : Routed
---------------------------------------------------------------------------------------------------------------------------------------------------------------------------------------------

Timing Report

Slack (MET) :             3.984ns  (required time - arrival time)
  Source:                 gen_mmu_ptw_sv32.m_Ptw/FSM_sequential_state_reg[1]/C
                            (rising edge-triggered cell FDRE clocked by clk  {rise@0.000ns fall@5.000ns period=10.000ns})
  Destination:            gen_mmu_ptw_sv32.m_Ptw/pte_r_reg[17]/CE
                            (rising edge-triggered cell FDRE clocked by clk  {rise@0.000ns fall@5.000ns period=10.000ns})
  Path Group:             clk
  Path Type:              Setup (Max at Slow Process Corner)
  Requirement:            10.000ns  (clk rise@10.000ns - clk rise@0.000ns)
  Data Path Delay:        5.684ns  (logic 1.122ns (19.741%)  route 4.562ns (80.259%))
  Logic Levels:           9  (LUT2=4 LUT3=4 LUT6=1)
  Clock Path Skew:        -0.027ns (DCD - SCD + CPR)
    Destination Clock Delay (DCD):    0.510ns = ( 10.510 - 10.000 ) 
    Source Clock Delay      (SCD):    0.537ns
    Clock Pessimism Removal (CPR):    0.000ns
  Clock Uncertainty:      0.035ns  ((TSJ^2 + TIJ^2)^1/2 + DJ) / 2 + PE
    Total System Jitter     (TSJ):    0.071ns
    Total Input Jitter      (TIJ):    0.000ns
    Discrete Jitter          (DJ):    0.000ns
    Phase Error              (PE):    0.000ns

    Location             Delay type                Incr(ns)  Path(ns)    Netlist Resource(s)
  -------------------------------------------------------------------    -------------------
                         (clock clk rise edge)        0.000     0.000 r  <hidden>
                         propagated clock network latency
                                                      0.537     0.537    <hidden>
    SLICE_X129Y191       FDRE                         0.000     0.537 r  gen_mmu_ptw_sv32.m_Ptw/FSM_sequential_state_reg[1]/C
    SLICE_X129Y191       FDRE (Prop_fdre_C_Q)         0.223     0.760 f  gen_mmu_ptw_sv32.m_Ptw/FSM_sequential_state_reg[1]/Q
                         net (fo=29, routed)          0.675     1.435    gen_mmu_ptw_sv32.m_Ptw/state[1]
    SLICE_X133Y192                                                    f  gen_mmu_ptw_sv32.m_Ptw/mailbox_m_addr[31]_INST_0_i_1/I0
    SLICE_X133Y192       LUT3 (Prop_lut3_I0_O)        0.043     1.478 r  gen_mmu_ptw_sv32.m_Ptw/mailbox_m_addr[31]_INST_0_i_1/O
                         net (fo=23, routed)          0.458     1.936    gen_mmu_ptw_sv32.m_Ptw/mailbox_m_addr[31]_INST_0_i_1_n_0
    SLICE_X133Y193                                                    r  gen_mmu_ptw_sv32.m_Ptw/mailbox_m_addr[13]_INST_0/I0
    SLICE_X133Y193       LUT3 (Prop_lut3_I0_O)        0.054     1.990 f  gen_mmu_ptw_sv32.m_Ptw/mailbox_m_addr[13]_INST_0/O
                         net (fo=7, routed)           0.448     2.438    gen_mmu_ptw_sv32.m_Ptw/D[8]
    SLICE_X134Y195                                                    f  gen_mmu_ptw_sv32.m_Ptw/mailbox_m_stb_INST_0_i_6/I2
    SLICE_X134Y195       LUT3 (Prop_lut3_I2_O)        0.145     2.583 f  gen_mmu_ptw_sv32.m_Ptw/mailbox_m_stb_INST_0_i_6/O
                         net (fo=2, routed)           0.453     3.036    gen_mmu_ptw_sv32.m_Ptw/mailbox_m_stb_INST_0_i_6_n_0
    SLICE_X134Y194                                                    f  gen_mmu_ptw_sv32.m_Ptw/mailbox_m_stb_INST_0_i_4/I0
    SLICE_X134Y194       LUT2 (Prop_lut2_I0_O)        0.142     3.178 f  gen_mmu_ptw_sv32.m_Ptw/mailbox_m_stb_INST_0_i_4/O
                         net (fo=2, routed)           0.387     3.565    gen_mmu_ptw_sv32.m_Ptw/mailbox_m_stb_INST_0_i_4_n_0
    SLICE_X132Y195                                                    f  gen_mmu_ptw_sv32.m_Ptw/rx_ready_i_6/I0
    SLICE_X132Y195       LUT3 (Prop_lut3_I0_O)        0.138     3.703 f  gen_mmu_ptw_sv32.m_Ptw/rx_ready_i_6/O
                         net (fo=2, routed)           0.435     4.138    gen_mmu_ptw_sv32.m_Ptw/rx_ready_i_6_n_0
    SLICE_X132Y194                                                    f  gen_mmu_ptw_sv32.m_Ptw/rx_ready_i_2/I1
    SLICE_X132Y194       LUT2 (Prop_lut2_I1_O)        0.051     4.189 f  gen_mmu_ptw_sv32.m_Ptw/rx_ready_i_2/O
                         net (fo=1, routed)           0.369     4.558    gen_mmu_ptw_sv32.m_Ptw/rx_ready_i_2_n_0
    SLICE_X132Y192                                                    f  gen_mmu_ptw_sv32.m_Ptw/pte_r[0]_i_2/I1
    SLICE_X132Y192       LUT2 (Prop_lut2_I1_O)        0.141     4.699 f  gen_mmu_ptw_sv32.m_Ptw/pte_r[0]_i_2/O
                         net (fo=6, routed)           0.378     5.077    gen_mmu_ptw_sv32.m_Ptw/pte_r[0]_i_2_n_0
    SLICE_X132Y192                                                    f  gen_mmu_ptw_sv32.m_Ptw/FSM_sequential_state[2]_i_2/I0
    SLICE_X132Y192       LUT6 (Prop_lut6_I0_O)        0.132     5.209 r  gen_mmu_ptw_sv32.m_Ptw/FSM_sequential_state[2]_i_2/O
                         net (fo=4, routed)           0.495     5.704    gen_mmu_ptw_sv32.m_Ptw/FSM_sequential_state[2]_i_2_n_0
    SLICE_X128Y191                                                    r  gen_mmu_ptw_sv32.m_Ptw/pte_r[29]_i_1/I0
    SLICE_X128Y191       LUT2 (Prop_lut2_I0_O)        0.053     5.757 r  gen_mmu_ptw_sv32.m_Ptw/pte_r[29]_i_1/O
                         net (fo=25, routed)          0.464     6.221    gen_mmu_ptw_sv32.m_Ptw/pte_r[29]_i_1_n_0
    SLICE_X132Y193       FDRE                                         r  gen_mmu_ptw_sv32.m_Ptw/pte_r_reg[17]/CE
  -------------------------------------------------------------------    -------------------

                         (clock clk rise edge)       10.000    10.000 r  <hidden>
                         propagated clock network latency
                                                      0.510    10.510    <hidden>
                         clock pessimism              0.000    10.510    <hidden>
                         clock uncertainty           -0.035    10.475    <hidden>
    SLICE_X132Y193       FDRE (Setup_fdre_C_CE)      -0.270    10.205    gen_mmu_ptw_sv32.m_Ptw/pte_r_reg[17]
  -------------------------------------------------------------------
                         required time                         10.205    <hidden>
                         arrival time                          -6.221    <hidden>
  -------------------------------------------------------------------
                         slack                                  3.984    <hidden>




