Copyright 1986-2022 Xilinx, Inc. All Rights Reserved. Copyright 2022-2026 Advanced Micro Devices, Inc. All Rights Reserved.
---------------------------------------------------------------------------------------------------------------------------------------------------------------------------------------------
| Tool Version : Vivado v.2026.1 (win64) Build 6511674 Tue Jun 16 11:02:23 MDT 2026
| Date         : Tue Aug 11 23:11:29 2026
| Host         : DESKTOP-6U6OFON running 64-bit major release  (build 9200)
| Command      : report_timing -sort_by group -max_paths 1 -path_type full -input_pins -file C:/Python/5-stage-pipelined-processor-main/fpga/vivado/reports/inorder/225mhz/critical_path.rpt
| Design       : PIPELINED
| Device       : 7k325t-ffg900
| Speed File   : -2  PRODUCTION 1.12 2017-02-17
| Design State : Routed
---------------------------------------------------------------------------------------------------------------------------------------------------------------------------------------------

Timing Report

Slack (MET) :             0.519ns  (required time - arrival time)
  Source:                 gen_mmu_ptw_sv32.m_Ptw/FSM_sequential_state_reg[1]/C
                            (rising edge-triggered cell FDRE clocked by clk  {rise@0.000ns fall@2.222ns period=4.444ns})
  Destination:            gen_mmu_ptw_sv32.m_Ptw/pte_r_reg[15]/CE
                            (rising edge-triggered cell FDRE clocked by clk  {rise@0.000ns fall@2.222ns period=4.444ns})
  Path Group:             clk
  Path Type:              Setup (Max at Slow Process Corner)
  Requirement:            4.444ns  (clk rise@4.444ns - clk rise@0.000ns)
  Data Path Delay:        3.662ns  (logic 0.910ns (24.851%)  route 2.752ns (75.149%))
  Logic Levels:           9  (LUT2=3 LUT3=4 LUT6=2)
  Clock Path Skew:        -0.027ns (DCD - SCD + CPR)
    Destination Clock Delay (DCD):    0.510ns = ( 4.954 - 4.444 ) 
    Source Clock Delay      (SCD):    0.537ns
    Clock Pessimism Removal (CPR):    0.000ns
  Clock Uncertainty:      0.035ns  ((TSJ^2 + TIJ^2)^1/2 + DJ) / 2 + PE
    Total System Jitter     (TSJ):    0.071ns
    Total Input Jitter      (TIJ):    0.000ns
    Discrete Jitter          (DJ):    0.000ns
    Phase Error              (PE):    0.000ns

    Location             Delay type                Incr(ns)  Path(ns)    Netlist Resource(s)
  -------------------------------------------------------------------    -------------------
                         (clock clk rise edge)        0.000     0.000 r  <hidden>
                         propagated clock network latency
                                                      0.537     0.537    <hidden>
    SLICE_X44Y178        FDRE                         0.000     0.537 r  gen_mmu_ptw_sv32.m_Ptw/FSM_sequential_state_reg[1]/C
    SLICE_X44Y178        FDRE (Prop_fdre_C_Q)         0.223     0.760 f  gen_mmu_ptw_sv32.m_Ptw/FSM_sequential_state_reg[1]/Q
                         net (fo=29, routed)          0.278     1.038    gen_mmu_ptw_sv32.m_Ptw/state[1]
    SLICE_X44Y178                                                     f  gen_mmu_ptw_sv32.m_Ptw/mailbox_m_addr[31]_INST_0_i_1/I0
    SLICE_X44Y178        LUT3 (Prop_lut3_I0_O)        0.043     1.081 r  gen_mmu_ptw_sv32.m_Ptw/mailbox_m_addr[31]_INST_0_i_1/O
                         net (fo=23, routed)          0.369     1.450    gen_mmu_ptw_sv32.m_Ptw/mailbox_m_addr[31]_INST_0_i_1_n_0
    SLICE_X45Y178                                                     r  gen_mmu_ptw_sv32.m_Ptw/mailbox_m_addr[13]_INST_0/I0
    SLICE_X45Y178        LUT3 (Prop_lut3_I0_O)        0.051     1.501 f  gen_mmu_ptw_sv32.m_Ptw/mailbox_m_addr[13]_INST_0/O
                         net (fo=7, routed)           0.342     1.843    gen_mmu_ptw_sv32.m_Ptw/D[8]
    SLICE_X41Y178                                                     f  gen_mmu_ptw_sv32.m_Ptw/mailbox_m_stb_INST_0_i_6/I2
    SLICE_X41Y178        LUT3 (Prop_lut3_I2_O)        0.145     1.988 f  gen_mmu_ptw_sv32.m_Ptw/mailbox_m_stb_INST_0_i_6/O
                         net (fo=2, routed)           0.342     2.329    gen_mmu_ptw_sv32.m_Ptw/mailbox_m_stb_INST_0_i_6_n_0
    SLICE_X39Y178                                                     f  gen_mmu_ptw_sv32.m_Ptw/mailbox_m_stb_INST_0_i_4/I0
    SLICE_X39Y178        LUT2 (Prop_lut2_I0_O)        0.140     2.469 f  gen_mmu_ptw_sv32.m_Ptw/mailbox_m_stb_INST_0_i_4/O
                         net (fo=2, routed)           0.191     2.660    gen_mmu_ptw_sv32.m_Ptw/mailbox_m_stb_INST_0_i_4_n_0
    SLICE_X39Y179                                                     f  gen_mmu_ptw_sv32.m_Ptw/pte_r[0]_i_5/I0
    SLICE_X39Y179        LUT3 (Prop_lut3_I0_O)        0.136     2.796 f  gen_mmu_ptw_sv32.m_Ptw/pte_r[0]_i_5/O
                         net (fo=2, routed)           0.188     2.984    gen_mmu_ptw_sv32.m_Ptw/pte_r[0]_i_5_n_0
    SLICE_X39Y178                                                     f  gen_mmu_ptw_sv32.m_Ptw/req_addr_r[31]_i_4/I0
    SLICE_X39Y178        LUT6 (Prop_lut6_I0_O)        0.043     3.027 f  gen_mmu_ptw_sv32.m_Ptw/req_addr_r[31]_i_4/O
                         net (fo=2, routed)           0.278     3.305    m_DataMemory/FSM_sequential_state[2]_i_2
    SLICE_X41Y180                                                     f  m_DataMemory/FSM_sequential_state[2]_i_4/I1
    SLICE_X41Y180        LUT2 (Prop_lut2_I1_O)        0.043     3.348 r  m_DataMemory/FSM_sequential_state[2]_i_4/O
                         net (fo=1, routed)           0.185     3.532    gen_mmu_ptw_sv32.m_Ptw/FSM_sequential_state_reg[0]_0
    SLICE_X39Y180                                                     r  gen_mmu_ptw_sv32.m_Ptw/FSM_sequential_state[2]_i_2/I2
    SLICE_X39Y180        LUT6 (Prop_lut6_I2_O)        0.043     3.575 r  gen_mmu_ptw_sv32.m_Ptw/FSM_sequential_state[2]_i_2/O
                         net (fo=4, routed)           0.238     3.814    gen_mmu_ptw_sv32.m_Ptw/FSM_sequential_state[2]_i_2_n_0
    SLICE_X39Y180                                                     r  gen_mmu_ptw_sv32.m_Ptw/pte_r[29]_i_1/I0
    SLICE_X39Y180        LUT2 (Prop_lut2_I0_O)        0.043     3.857 r  gen_mmu_ptw_sv32.m_Ptw/pte_r[29]_i_1/O
                         net (fo=25, routed)          0.342     4.199    gen_mmu_ptw_sv32.m_Ptw/pte_r[29]_i_1_n_0
    SLICE_X36Y180        FDRE                                         r  gen_mmu_ptw_sv32.m_Ptw/pte_r_reg[15]/CE
  -------------------------------------------------------------------    -------------------

                         (clock clk rise edge)        4.444     4.444 r  <hidden>
                         propagated clock network latency
                                                      0.510     4.954    <hidden>
                         clock pessimism              0.000     4.954    <hidden>
                         clock uncertainty           -0.035     4.919    <hidden>
    SLICE_X36Y180        FDRE (Setup_fdre_C_CE)      -0.201     4.718    gen_mmu_ptw_sv32.m_Ptw/pte_r_reg[15]
  -------------------------------------------------------------------
                         required time                          4.718    <hidden>
                         arrival time                          -4.199    <hidden>
  -------------------------------------------------------------------
                         slack                                  0.519    <hidden>




