Copyright 1986-2022 Xilinx, Inc. All Rights Reserved. Copyright 2022-2026 Advanced Micro Devices, Inc. All Rights Reserved.
------------------------------------------------------------------------------------------------------------------------------------------------------------------------
| Tool Version : Vivado v.2026.1 (win64) Build 6511674 Tue Jun 16 11:02:23 MDT 2026
| Date         : Tue Aug 11 23:11:28 2026
| Host         : DESKTOP-6U6OFON running 64-bit major release  (build 9200)
| Command      : report_utilization -hierarchical -file C:/Python/5-stage-pipelined-processor-main/fpga/vivado/reports/inorder/225mhz/impl_utilization_hierarchical.rpt
| Design       : PIPELINED
| Device       : xc7k325tffg900-2
| Speed File   : -2
| Design State : Routed
------------------------------------------------------------------------------------------------------------------------------------------------------------------------

Utilization Design Information

Table of Contents
-----------------
1. Utilization by Hierarchy

1. Utilization by Hierarchy
---------------------------

+--------------------------+----------+------------+------------+---------+------+-----+--------+--------+------------+
|         Instance         |  Module  | Total LUTs | Logic LUTs | LUTRAMs | SRLs | FFs | RAMB36 | RAMB18 | DSP Blocks |
+--------------------------+----------+------------+------------+---------+------+-----+--------+--------+------------+
| PIPELINED                |    (top) |        218 |        204 |      14 |    0 | 556 |      0 |      0 |          0 |
|   (PIPELINED)            |    (top) |          0 |          0 |       0 |    0 |   2 |      0 |      0 |          0 |
|   gen_mmu_ptw_sv32.m_Ptw |      Ptw |         93 |         93 |       0 |    0 |  31 |      0 |      0 |          0 |
|   m_CSR                  |      CSR |         14 |         14 |       0 |    0 |  65 |      0 |      0 |          0 |
|   m_Register             | Register |          1 |          1 |       0 |    0 | 224 |      0 |      0 |          0 |
|   m_Timer                |    Timer |          1 |          1 |       0 |    0 |  64 |      0 |      0 |          0 |
+--------------------------+----------+------------+------------+---------+------+-----+--------+--------+------------+
* Note: The sum of lower-level cells may be larger than their parent cells total, due to cross-hierarchy LUT combining


