Copyright 1986-2022 Xilinx, Inc. All Rights Reserved. Copyright 2022-2026 Advanced Micro Devices, Inc. All Rights Reserved.
------------------------------------------------------------------------------------------------------------------------------------------------------------
| Tool Version : Vivado v.2026.1 (win64) Build 6511674 Tue Jun 16 11:02:23 MDT 2026
| Date         : Tue Aug 11 23:11:29 2026
| Host         : DESKTOP-6U6OFON running 64-bit major release  (build 9200)
| Command      : report_timing_summary -file C:/Python/5-stage-pipelined-processor-main/fpga/vivado/reports/inorder/225mhz/timing_summary.rpt -max_paths 10
| Design       : PIPELINED
| Device       : 7k325t-ffg900
| Speed File   : -2  PRODUCTION 1.12 2017-02-17
| Design State : Routed
------------------------------------------------------------------------------------------------------------------------------------------------------------

Timing Summary Report

------------------------------------------------------------------------------------------------
| Timer Settings
| --------------
------------------------------------------------------------------------------------------------

  Enable Multi Corner Analysis               :  Yes
  Enable Pessimism Removal                   :  Yes
  Pessimism Removal Resolution               :  Nearest Common Node
  Enable Input Delay Default Clock           :  No
  Enable Preset / Clear Arcs                 :  No
  Disable Flight Delays                      :  No
  Ignore I/O Paths                           :  No
  Timing Early Launch at Borrowing Latches   :  No
  Borrow Time for Max Delay Exceptions       :  Yes
  Merge Timing Exceptions                    :  Yes
  Inter-SLR Compensation                     :  Conservative

  Corner  Analyze    Analyze    
  Name    Max Paths  Min Paths  
  ------  ---------  ---------  
  Slow    Yes        Yes        
  Fast    Yes        Yes        


------------------------------------------------------------------------------------------------
| Report Methodology
| ------------------
------------------------------------------------------------------------------------------------

Rule       Severity  Description                     Violations  
---------  --------  ------------------------------  ----------  
TIMING-18  Warning   Missing input or output delay   628         
TIMING-20  Warning   Non-clocked latch               1           
LATCH-1    Advisory  Existing latches in the design  1           

Note: This report is based on the most recent report_methodology run and may not be up-to-date. Run report_methodology on the current design for the latest report.



check_timing report

Table of Contents
-----------------
1. checking no_clock (1)
2. checking constant_clock (0)
3. checking pulse_width_clock (0)
4. checking unconstrained_internal_endpoints (2)
5. checking no_input_delay (28)
6. checking no_output_delay (477)
7. checking multiple_clock (0)
8. checking generated_clocks (0)
9. checking loops (0)
10. checking partial_input_delay (0)
11. checking partial_output_delay (0)
12. checking latch_loops (0)

1. checking no_clock (1)
------------------------
 There is 1 register/latch pin with no clock driven by root clock pin: m_reg2/ALUSrc_regde_reg/Q (HIGH)


2. checking constant_clock (0)
------------------------------
 There are 0 register/latch pins with constant_clock.


3. checking pulse_width_clock (0)
---------------------------------
 There are 0 register/latch pins which need pulse_width check


4. checking unconstrained_internal_endpoints (2)
------------------------------------------------
 There are 2 pins that are not constrained for maximum delay. (HIGH)

 There are 0 pins that are not constrained for maximum delay due to constant clock.


5. checking no_input_delay (28)
-------------------------------
 There are 28 input ports with no input delay specified. (HIGH)

 There are 0 input ports with no input delay but user has a false path constraint.


6. checking no_output_delay (477)
---------------------------------
 There are 477 ports with no output delay specified. (HIGH)

 There are 0 ports with no output delay but user has a false path constraint

 There are 0 ports with no output delay but with a timing clock defined on it or propagating through it


7. checking multiple_clock (0)
------------------------------
 There are 0 register/latch pins with multiple clocks.


8. checking generated_clocks (0)
--------------------------------
 There are 0 generated clocks that are not connected to a clock source.


9. checking loops (0)
---------------------
 There are 0 combinational loops in the design.


10. checking partial_input_delay (0)
------------------------------------
 There are 0 input ports with partial input delay specified.


11. checking partial_output_delay (0)
-------------------------------------
 There are 0 ports with partial output delay specified.


12. checking latch_loops (0)
----------------------------
 There are 0 combinational latch loops in the design through latch input



------------------------------------------------------------------------------------------------
| Design Timing Summary
| ---------------------
------------------------------------------------------------------------------------------------

    WNS(ns)      TNS(ns)  TNS Failing Endpoints  TNS Total Endpoints      WHS(ns)      THS(ns)  THS Failing Endpoints  THS Total Endpoints     WPWS(ns)     TPWS(ns)  TPWS Failing Endpoints  TPWS Total Endpoints  
    -------      -------  ---------------------  -------------------      -------      -------  ---------------------  -------------------     --------     --------  ----------------------  --------------------  
      0.519        0.000                      0                  864        0.088        0.000                      0                  864        1.454        0.000                       0                   583  


All user specified timing constraints are met.


------------------------------------------------------------------------------------------------
| Clock Summary
| -------------
------------------------------------------------------------------------------------------------

Clock  Waveform(ns)         Period(ns)      Frequency(MHz)
-----  ------------         ----------      --------------
clk    {0.000 2.222}        4.444           225.023         


------------------------------------------------------------------------------------------------
| Intra Clock Table
| -----------------
------------------------------------------------------------------------------------------------

Clock             WNS(ns)      TNS(ns)  TNS Failing Endpoints  TNS Total Endpoints      WHS(ns)      THS(ns)  THS Failing Endpoints  THS Total Endpoints     WPWS(ns)     TPWS(ns)  TPWS Failing Endpoints  TPWS Total Endpoints  
-----             -------      -------  ---------------------  -------------------      -------      -------  ---------------------  -------------------     --------     --------  ----------------------  --------------------  
clk                 0.519        0.000                      0                  864        0.088        0.000                      0                  864        1.454        0.000                       0                   583  


------------------------------------------------------------------------------------------------
| Inter Clock Table
| -----------------
------------------------------------------------------------------------------------------------

From Clock    To Clock          WNS(ns)      TNS(ns)  TNS Failing Endpoints  TNS Total Endpoints      WHS(ns)      THS(ns)  THS Failing Endpoints  THS Total Endpoints  
----------    --------          -------      -------  ---------------------  -------------------      -------      -------  ---------------------  -------------------  


------------------------------------------------------------------------------------------------
| Other Path Groups Table
| -----------------------
------------------------------------------------------------------------------------------------

Path Group    From Clock    To Clock          WNS(ns)      TNS(ns)  TNS Failing Endpoints  TNS Total Endpoints      WHS(ns)      THS(ns)  THS Failing Endpoints  THS Total Endpoints  
----------    ----------    --------          -------      -------  ---------------------  -------------------      -------      -------  ---------------------  -------------------  


------------------------------------------------------------------------------------------------
| Timing Details
| --------------
------------------------------------------------------------------------------------------------


---------------------------------------------------------------------------------------------------
From Clock:  clk
  To Clock:  clk

Setup :            0  Failing Endpoints,  Worst Slack        0.519ns,  Total Violation        0.000ns
Hold  :            0  Failing Endpoints,  Worst Slack        0.088ns,  Total Violation        0.000ns
PW    :            0  Failing Endpoints,  Worst Slack        1.454ns,  Total Violation        0.000ns
---------------------------------------------------------------------------------------------------


Max Delay Paths
--------------------------------------------------------------------------------------
Slack (MET) :             0.519ns  (required time - arrival time)
  Source:                 gen_mmu_ptw_sv32.m_Ptw/FSM_sequential_state_reg[1]/C
                            (rising edge-triggered cell FDRE clocked by clk  {rise@0.000ns fall@2.222ns period=4.444ns})
  Destination:            gen_mmu_ptw_sv32.m_Ptw/pte_r_reg[15]/CE
                            (rising edge-triggered cell FDRE clocked by clk  {rise@0.000ns fall@2.222ns period=4.444ns})
  Path Group:             clk
  Path Type:              Setup (Max at Slow Process Corner)
  Requirement:            4.444ns  (clk rise@4.444ns - clk rise@0.000ns)
  Data Path Delay:        3.662ns  (logic 0.910ns (24.851%)  route 2.752ns (75.149%))
  Logic Levels:           9  (LUT2=3 LUT3=4 LUT6=2)
  Clock Path Skew:        -0.027ns (DCD - SCD + CPR)
    Destination Clock Delay (DCD):    0.510ns = ( 4.954 - 4.444 ) 
    Source Clock Delay      (SCD):    0.537ns
    Clock Pessimism Removal (CPR):    0.000ns
  Clock Uncertainty:      0.035ns  ((TSJ^2 + TIJ^2)^1/2 + DJ) / 2 + PE
    Total System Jitter     (TSJ):    0.071ns
    Total Input Jitter      (TIJ):    0.000ns
    Discrete Jitter          (DJ):    0.000ns
    Phase Error              (PE):    0.000ns

    Location             Delay type                Incr(ns)  Path(ns)    Netlist Resource(s)
  -------------------------------------------------------------------    -------------------
                         (clock clk rise edge)        0.000     0.000 r  <hidden>
                                                      0.000     0.000 r  clk
                         net (fo=582, unset)          0.537     0.537    gen_mmu_ptw_sv32.m_Ptw/clk
    SLICE_X44Y178        FDRE                                         r  gen_mmu_ptw_sv32.m_Ptw/FSM_sequential_state_reg[1]/C
  -------------------------------------------------------------------    -------------------
    SLICE_X44Y178        FDRE (Prop_fdre_C_Q)         0.223     0.760 f  gen_mmu_ptw_sv32.m_Ptw/FSM_sequential_state_reg[1]/Q
                         net (fo=29, routed)          0.278     1.038    gen_mmu_ptw_sv32.m_Ptw/state[1]
    SLICE_X44Y178        LUT3 (Prop_lut3_I0_O)        0.043     1.081 r  gen_mmu_ptw_sv32.m_Ptw/mailbox_m_addr[31]_INST_0_i_1/O
                         net (fo=23, routed)          0.369     1.450    gen_mmu_ptw_sv32.m_Ptw/mailbox_m_addr[31]_INST_0_i_1_n_0
    SLICE_X45Y178        LUT3 (Prop_lut3_I0_O)        0.051     1.501 f  gen_mmu_ptw_sv32.m_Ptw/mailbox_m_addr[13]_INST_0/O
                         net (fo=7, routed)           0.342     1.843    gen_mmu_ptw_sv32.m_Ptw/D[8]
    SLICE_X41Y178        LUT3 (Prop_lut3_I2_O)        0.145     1.988 f  gen_mmu_ptw_sv32.m_Ptw/mailbox_m_stb_INST_0_i_6/O
                         net (fo=2, routed)           0.342     2.329    gen_mmu_ptw_sv32.m_Ptw/mailbox_m_stb_INST_0_i_6_n_0
    SLICE_X39Y178        LUT2 (Prop_lut2_I0_O)        0.140     2.469 f  gen_mmu_ptw_sv32.m_Ptw/mailbox_m_stb_INST_0_i_4/O
                         net (fo=2, routed)           0.191     2.660    gen_mmu_ptw_sv32.m_Ptw/mailbox_m_stb_INST_0_i_4_n_0
    SLICE_X39Y179        LUT3 (Prop_lut3_I0_O)        0.136     2.796 f  gen_mmu_ptw_sv32.m_Ptw/pte_r[0]_i_5/O
                         net (fo=2, routed)           0.188     2.984    gen_mmu_ptw_sv32.m_Ptw/pte_r[0]_i_5_n_0
    SLICE_X39Y178        LUT6 (Prop_lut6_I0_O)        0.043     3.027 f  gen_mmu_ptw_sv32.m_Ptw/req_addr_r[31]_i_4/O
                         net (fo=2, routed)           0.278     3.305    m_DataMemory/FSM_sequential_state[2]_i_2
    SLICE_X41Y180        LUT2 (Prop_lut2_I1_O)        0.043     3.348 r  m_DataMemory/FSM_sequential_state[2]_i_4/O
                         net (fo=1, routed)           0.185     3.532    gen_mmu_ptw_sv32.m_Ptw/FSM_sequential_state_reg[0]_0
    SLICE_X39Y180        LUT6 (Prop_lut6_I2_O)        0.043     3.575 r  gen_mmu_ptw_sv32.m_Ptw/FSM_sequential_state[2]_i_2/O
                         net (fo=4, routed)           0.238     3.814    gen_mmu_ptw_sv32.m_Ptw/FSM_sequential_state[2]_i_2_n_0
    SLICE_X39Y180        LUT2 (Prop_lut2_I0_O)        0.043     3.857 r  gen_mmu_ptw_sv32.m_Ptw/pte_r[29]_i_1/O
                         net (fo=25, routed)          0.342     4.199    gen_mmu_ptw_sv32.m_Ptw/pte_r[29]_i_1_n_0
    SLICE_X36Y180        FDRE                                         r  gen_mmu_ptw_sv32.m_Ptw/pte_r_reg[15]/CE
  -------------------------------------------------------------------    -------------------

                         (clock clk rise edge)        4.444     4.444 r  <hidden>
                                                      0.000     4.444 r  clk
                         net (fo=582, unset)          0.510     4.954    gen_mmu_ptw_sv32.m_Ptw/clk
    SLICE_X36Y180        FDRE                                         r  gen_mmu_ptw_sv32.m_Ptw/pte_r_reg[15]/C
                         clock pessimism              0.000     4.954    <hidden>
                         clock uncertainty           -0.035     4.919    <hidden>
    SLICE_X36Y180        FDRE (Setup_fdre_C_CE)      -0.201     4.718    gen_mmu_ptw_sv32.m_Ptw/pte_r_reg[15]
  -------------------------------------------------------------------
                         required time                          4.718    <hidden>
                         arrival time                          -4.199    <hidden>
  -------------------------------------------------------------------
                         slack                                  0.519    <hidden>

Slack (MET) :             0.519ns  (required time - arrival time)
  Source:                 gen_mmu_ptw_sv32.m_Ptw/FSM_sequential_state_reg[1]/C
                            (rising edge-triggered cell FDRE clocked by clk  {rise@0.000ns fall@2.222ns period=4.444ns})
  Destination:            gen_mmu_ptw_sv32.m_Ptw/pte_r_reg[25]/CE
                            (rising edge-triggered cell FDRE clocked by clk  {rise@0.000ns fall@2.222ns period=4.444ns})
  Path Group:             clk
  Path Type:              Setup (Max at Slow Process Corner)
  Requirement:            4.444ns  (clk rise@4.444ns - clk rise@0.000ns)
  Data Path Delay:        3.662ns  (logic 0.910ns (24.851%)  route 2.752ns (75.149%))
  Logic Levels:           9  (LUT2=3 LUT3=4 LUT6=2)
  Clock Path Skew:        -0.027ns (DCD - SCD + CPR)
    Destination Clock Delay (DCD):    0.510ns = ( 4.954 - 4.444 ) 
    Source Clock Delay      (SCD):    0.537ns
    Clock Pessimism Removal (CPR):    0.000ns
  Clock Uncertainty:      0.035ns  ((TSJ^2 + TIJ^2)^1/2 + DJ) / 2 + PE
    Total System Jitter     (TSJ):    0.071ns
    Total Input Jitter      (TIJ):    0.000ns
    Discrete Jitter          (DJ):    0.000ns
    Phase Error              (PE):    0.000ns

    Location             Delay type                Incr(ns)  Path(ns)    Netlist Resource(s)
  -------------------------------------------------------------------    -------------------
                         (clock clk rise edge)        0.000     0.000 r  <hidden>
                                                      0.000     0.000 r  clk
                         net (fo=582, unset)          0.537     0.537    gen_mmu_ptw_sv32.m_Ptw/clk
    SLICE_X44Y178        FDRE                                         r  gen_mmu_ptw_sv32.m_Ptw/FSM_sequential_state_reg[1]/C
  -------------------------------------------------------------------    -------------------
    SLICE_X44Y178        FDRE (Prop_fdre_C_Q)         0.223     0.760 f  gen_mmu_ptw_sv32.m_Ptw/FSM_sequential_state_reg[1]/Q
                         net (fo=29, routed)          0.278     1.038    gen_mmu_ptw_sv32.m_Ptw/state[1]
    SLICE_X44Y178        LUT3 (Prop_lut3_I0_O)        0.043     1.081 r  gen_mmu_ptw_sv32.m_Ptw/mailbox_m_addr[31]_INST_0_i_1/O
                         net (fo=23, routed)          0.369     1.450    gen_mmu_ptw_sv32.m_Ptw/mailbox_m_addr[31]_INST_0_i_1_n_0
    SLICE_X45Y178        LUT3 (Prop_lut3_I0_O)        0.051     1.501 f  gen_mmu_ptw_sv32.m_Ptw/mailbox_m_addr[13]_INST_0/O
                         net (fo=7, routed)           0.342     1.843    gen_mmu_ptw_sv32.m_Ptw/D[8]
    SLICE_X41Y178        LUT3 (Prop_lut3_I2_O)        0.145     1.988 f  gen_mmu_ptw_sv32.m_Ptw/mailbox_m_stb_INST_0_i_6/O
                         net (fo=2, routed)           0.342     2.329    gen_mmu_ptw_sv32.m_Ptw/mailbox_m_stb_INST_0_i_6_n_0
    SLICE_X39Y178        LUT2 (Prop_lut2_I0_O)        0.140     2.469 f  gen_mmu_ptw_sv32.m_Ptw/mailbox_m_stb_INST_0_i_4/O
                         net (fo=2, routed)           0.191     2.660    gen_mmu_ptw_sv32.m_Ptw/mailbox_m_stb_INST_0_i_4_n_0
    SLICE_X39Y179        LUT3 (Prop_lut3_I0_O)        0.136     2.796 f  gen_mmu_ptw_sv32.m_Ptw/pte_r[0]_i_5/O
                         net (fo=2, routed)           0.188     2.984    gen_mmu_ptw_sv32.m_Ptw/pte_r[0]_i_5_n_0
    SLICE_X39Y178        LUT6 (Prop_lut6_I0_O)        0.043     3.027 f  gen_mmu_ptw_sv32.m_Ptw/req_addr_r[31]_i_4/O
                         net (fo=2, routed)           0.278     3.305    m_DataMemory/FSM_sequential_state[2]_i_2
    SLICE_X41Y180        LUT2 (Prop_lut2_I1_O)        0.043     3.348 r  m_DataMemory/FSM_sequential_state[2]_i_4/O
                         net (fo=1, routed)           0.185     3.532    gen_mmu_ptw_sv32.m_Ptw/FSM_sequential_state_reg[0]_0
    SLICE_X39Y180        LUT6 (Prop_lut6_I2_O)        0.043     3.575 r  gen_mmu_ptw_sv32.m_Ptw/FSM_sequential_state[2]_i_2/O
                         net (fo=4, routed)           0.238     3.814    gen_mmu_ptw_sv32.m_Ptw/FSM_sequential_state[2]_i_2_n_0
    SLICE_X39Y180        LUT2 (Prop_lut2_I0_O)        0.043     3.857 r  gen_mmu_ptw_sv32.m_Ptw/pte_r[29]_i_1/O
                         net (fo=25, routed)          0.342     4.199    gen_mmu_ptw_sv32.m_Ptw/pte_r[29]_i_1_n_0
    SLICE_X36Y180        FDRE                                         r  gen_mmu_ptw_sv32.m_Ptw/pte_r_reg[25]/CE
  -------------------------------------------------------------------    -------------------

                         (clock clk rise edge)        4.444     4.444 r  <hidden>
                                                      0.000     4.444 r  clk
                         net (fo=582, unset)          0.510     4.954    gen_mmu_ptw_sv32.m_Ptw/clk
    SLICE_X36Y180        FDRE                                         r  gen_mmu_ptw_sv32.m_Ptw/pte_r_reg[25]/C
                         clock pessimism              0.000     4.954    <hidden>
                         clock uncertainty           -0.035     4.919    <hidden>
    SLICE_X36Y180        FDRE (Setup_fdre_C_CE)      -0.201     4.718    gen_mmu_ptw_sv32.m_Ptw/pte_r_reg[25]
  -------------------------------------------------------------------
                         required time                          4.718    <hidden>
                         arrival time                          -4.199    <hidden>
  -------------------------------------------------------------------
                         slack                                  0.519    <hidden>

Slack (MET) :             0.519ns  (required time - arrival time)
  Source:                 gen_mmu_ptw_sv32.m_Ptw/FSM_sequential_state_reg[1]/C
                            (rising edge-triggered cell FDRE clocked by clk  {rise@0.000ns fall@2.222ns period=4.444ns})
  Destination:            gen_mmu_ptw_sv32.m_Ptw/pte_r_reg[2]/CE
                            (rising edge-triggered cell FDRE clocked by clk  {rise@0.000ns fall@2.222ns period=4.444ns})
  Path Group:             clk
  Path Type:              Setup (Max at Slow Process Corner)
  Requirement:            4.444ns  (clk rise@4.444ns - clk rise@0.000ns)
  Data Path Delay:        3.662ns  (logic 0.910ns (24.851%)  route 2.752ns (75.149%))
  Logic Levels:           9  (LUT2=3 LUT3=4 LUT6=2)
  Clock Path Skew:        -0.027ns (DCD - SCD + CPR)
    Destination Clock Delay (DCD):    0.510ns = ( 4.954 - 4.444 ) 
    Source Clock Delay      (SCD):    0.537ns
    Clock Pessimism Removal (CPR):    0.000ns
  Clock Uncertainty:      0.035ns  ((TSJ^2 + TIJ^2)^1/2 + DJ) / 2 + PE
    Total System Jitter     (TSJ):    0.071ns
    Total Input Jitter      (TIJ):    0.000ns
    Discrete Jitter          (DJ):    0.000ns
    Phase Error              (PE):    0.000ns

    Location             Delay type                Incr(ns)  Path(ns)    Netlist Resource(s)
  -------------------------------------------------------------------    -------------------
                         (clock clk rise edge)        0.000     0.000 r  <hidden>
                                                      0.000     0.000 r  clk
                         net (fo=582, unset)          0.537     0.537    gen_mmu_ptw_sv32.m_Ptw/clk
    SLICE_X44Y178        FDRE                                         r  gen_mmu_ptw_sv32.m_Ptw/FSM_sequential_state_reg[1]/C
  -------------------------------------------------------------------    -------------------
    SLICE_X44Y178        FDRE (Prop_fdre_C_Q)         0.223     0.760 f  gen_mmu_ptw_sv32.m_Ptw/FSM_sequential_state_reg[1]/Q
                         net (fo=29, routed)          0.278     1.038    gen_mmu_ptw_sv32.m_Ptw/state[1]
    SLICE_X44Y178        LUT3 (Prop_lut3_I0_O)        0.043     1.081 r  gen_mmu_ptw_sv32.m_Ptw/mailbox_m_addr[31]_INST_0_i_1/O
                         net (fo=23, routed)          0.369     1.450    gen_mmu_ptw_sv32.m_Ptw/mailbox_m_addr[31]_INST_0_i_1_n_0
    SLICE_X45Y178        LUT3 (Prop_lut3_I0_O)        0.051     1.501 f  gen_mmu_ptw_sv32.m_Ptw/mailbox_m_addr[13]_INST_0/O
                         net (fo=7, routed)           0.342     1.843    gen_mmu_ptw_sv32.m_Ptw/D[8]
    SLICE_X41Y178        LUT3 (Prop_lut3_I2_O)        0.145     1.988 f  gen_mmu_ptw_sv32.m_Ptw/mailbox_m_stb_INST_0_i_6/O
                         net (fo=2, routed)           0.342     2.329    gen_mmu_ptw_sv32.m_Ptw/mailbox_m_stb_INST_0_i_6_n_0
    SLICE_X39Y178        LUT2 (Prop_lut2_I0_O)        0.140     2.469 f  gen_mmu_ptw_sv32.m_Ptw/mailbox_m_stb_INST_0_i_4/O
                         net (fo=2, routed)           0.191     2.660    gen_mmu_ptw_sv32.m_Ptw/mailbox_m_stb_INST_0_i_4_n_0
    SLICE_X39Y179        LUT3 (Prop_lut3_I0_O)        0.136     2.796 f  gen_mmu_ptw_sv32.m_Ptw/pte_r[0]_i_5/O
                         net (fo=2, routed)           0.188     2.984    gen_mmu_ptw_sv32.m_Ptw/pte_r[0]_i_5_n_0
    SLICE_X39Y178        LUT6 (Prop_lut6_I0_O)        0.043     3.027 f  gen_mmu_ptw_sv32.m_Ptw/req_addr_r[31]_i_4/O
                         net (fo=2, routed)           0.278     3.305    m_DataMemory/FSM_sequential_state[2]_i_2
    SLICE_X41Y180        LUT2 (Prop_lut2_I1_O)        0.043     3.348 r  m_DataMemory/FSM_sequential_state[2]_i_4/O
                         net (fo=1, routed)           0.185     3.532    gen_mmu_ptw_sv32.m_Ptw/FSM_sequential_state_reg[0]_0
    SLICE_X39Y180        LUT6 (Prop_lut6_I2_O)        0.043     3.575 r  gen_mmu_ptw_sv32.m_Ptw/FSM_sequential_state[2]_i_2/O
                         net (fo=4, routed)           0.238     3.814    gen_mmu_ptw_sv32.m_Ptw/FSM_sequential_state[2]_i_2_n_0
    SLICE_X39Y180        LUT2 (Prop_lut2_I0_O)        0.043     3.857 r  gen_mmu_ptw_sv32.m_Ptw/pte_r[29]_i_1/O
                         net (fo=25, routed)          0.342     4.199    gen_mmu_ptw_sv32.m_Ptw/pte_r[29]_i_1_n_0
    SLICE_X36Y180        FDRE                                         r  gen_mmu_ptw_sv32.m_Ptw/pte_r_reg[2]/CE
  -------------------------------------------------------------------    -------------------

                         (clock clk rise edge)        4.444     4.444 r  <hidden>
                                                      0.000     4.444 r  clk
                         net (fo=582, unset)          0.510     4.954    gen_mmu_ptw_sv32.m_Ptw/clk
    SLICE_X36Y180        FDRE                                         r  gen_mmu_ptw_sv32.m_Ptw/pte_r_reg[2]/C
                         clock pessimism              0.000     4.954    <hidden>
                         clock uncertainty           -0.035     4.919    <hidden>
    SLICE_X36Y180        FDRE (Setup_fdre_C_CE)      -0.201     4.718    gen_mmu_ptw_sv32.m_Ptw/pte_r_reg[2]
  -------------------------------------------------------------------
                         required time                          4.718    <hidden>
                         arrival time                          -4.199    <hidden>
  -------------------------------------------------------------------
                         slack                                  0.519    <hidden>

Slack (MET) :             0.519ns  (required time - arrival time)
  Source:                 gen_mmu_ptw_sv32.m_Ptw/FSM_sequential_state_reg[1]/C
                            (rising edge-triggered cell FDRE clocked by clk  {rise@0.000ns fall@2.222ns period=4.444ns})
  Destination:            gen_mmu_ptw_sv32.m_Ptw/pte_r_reg[3]/CE
                            (rising edge-triggered cell FDRE clocked by clk  {rise@0.000ns fall@2.222ns period=4.444ns})
  Path Group:             clk
  Path Type:              Setup (Max at Slow Process Corner)
  Requirement:            4.444ns  (clk rise@4.444ns - clk rise@0.000ns)
  Data Path Delay:        3.662ns  (logic 0.910ns (24.851%)  route 2.752ns (75.149%))
  Logic Levels:           9  (LUT2=3 LUT3=4 LUT6=2)
  Clock Path Skew:        -0.027ns (DCD - SCD + CPR)
    Destination Clock Delay (DCD):    0.510ns = ( 4.954 - 4.444 ) 
    Source Clock Delay      (SCD):    0.537ns
    Clock Pessimism Removal (CPR):    0.000ns
  Clock Uncertainty:      0.035ns  ((TSJ^2 + TIJ^2)^1/2 + DJ) / 2 + PE
    Total System Jitter     (TSJ):    0.071ns
    Total Input Jitter      (TIJ):    0.000ns
    Discrete Jitter          (DJ):    0.000ns
    Phase Error              (PE):    0.000ns

    Location             Delay type                Incr(ns)  Path(ns)    Netlist Resource(s)
  -------------------------------------------------------------------    -------------------
                         (clock clk rise edge)        0.000     0.000 r  <hidden>
                                                      0.000     0.000 r  clk
                         net (fo=582, unset)          0.537     0.537    gen_mmu_ptw_sv32.m_Ptw/clk
    SLICE_X44Y178        FDRE                                         r  gen_mmu_ptw_sv32.m_Ptw/FSM_sequential_state_reg[1]/C
  -------------------------------------------------------------------    -------------------
    SLICE_X44Y178        FDRE (Prop_fdre_C_Q)         0.223     0.760 f  gen_mmu_ptw_sv32.m_Ptw/FSM_sequential_state_reg[1]/Q
                         net (fo=29, routed)          0.278     1.038    gen_mmu_ptw_sv32.m_Ptw/state[1]
    SLICE_X44Y178        LUT3 (Prop_lut3_I0_O)        0.043     1.081 r  gen_mmu_ptw_sv32.m_Ptw/mailbox_m_addr[31]_INST_0_i_1/O
                         net (fo=23, routed)          0.369     1.450    gen_mmu_ptw_sv32.m_Ptw/mailbox_m_addr[31]_INST_0_i_1_n_0
    SLICE_X45Y178        LUT3 (Prop_lut3_I0_O)        0.051     1.501 f  gen_mmu_ptw_sv32.m_Ptw/mailbox_m_addr[13]_INST_0/O
                         net (fo=7, routed)           0.342     1.843    gen_mmu_ptw_sv32.m_Ptw/D[8]
    SLICE_X41Y178        LUT3 (Prop_lut3_I2_O)        0.145     1.988 f  gen_mmu_ptw_sv32.m_Ptw/mailbox_m_stb_INST_0_i_6/O
                         net (fo=2, routed)           0.342     2.329    gen_mmu_ptw_sv32.m_Ptw/mailbox_m_stb_INST_0_i_6_n_0
    SLICE_X39Y178        LUT2 (Prop_lut2_I0_O)        0.140     2.469 f  gen_mmu_ptw_sv32.m_Ptw/mailbox_m_stb_INST_0_i_4/O
                         net (fo=2, routed)           0.191     2.660    gen_mmu_ptw_sv32.m_Ptw/mailbox_m_stb_INST_0_i_4_n_0
    SLICE_X39Y179        LUT3 (Prop_lut3_I0_O)        0.136     2.796 f  gen_mmu_ptw_sv32.m_Ptw/pte_r[0]_i_5/O
                         net (fo=2, routed)           0.188     2.984    gen_mmu_ptw_sv32.m_Ptw/pte_r[0]_i_5_n_0
    SLICE_X39Y178        LUT6 (Prop_lut6_I0_O)        0.043     3.027 f  gen_mmu_ptw_sv32.m_Ptw/req_addr_r[31]_i_4/O
                         net (fo=2, routed)           0.278     3.305    m_DataMemory/FSM_sequential_state[2]_i_2
    SLICE_X41Y180        LUT2 (Prop_lut2_I1_O)        0.043     3.348 r  m_DataMemory/FSM_sequential_state[2]_i_4/O
                         net (fo=1, routed)           0.185     3.532    gen_mmu_ptw_sv32.m_Ptw/FSM_sequential_state_reg[0]_0
    SLICE_X39Y180        LUT6 (Prop_lut6_I2_O)        0.043     3.575 r  gen_mmu_ptw_sv32.m_Ptw/FSM_sequential_state[2]_i_2/O
                         net (fo=4, routed)           0.238     3.814    gen_mmu_ptw_sv32.m_Ptw/FSM_sequential_state[2]_i_2_n_0
    SLICE_X39Y180        LUT2 (Prop_lut2_I0_O)        0.043     3.857 r  gen_mmu_ptw_sv32.m_Ptw/pte_r[29]_i_1/O
                         net (fo=25, routed)          0.342     4.199    gen_mmu_ptw_sv32.m_Ptw/pte_r[29]_i_1_n_0
    SLICE_X36Y180        FDRE                                         r  gen_mmu_ptw_sv32.m_Ptw/pte_r_reg[3]/CE
  -------------------------------------------------------------------    -------------------

                         (clock clk rise edge)        4.444     4.444 r  <hidden>
                                                      0.000     4.444 r  clk
                         net (fo=582, unset)          0.510     4.954    gen_mmu_ptw_sv32.m_Ptw/clk
    SLICE_X36Y180        FDRE                                         r  gen_mmu_ptw_sv32.m_Ptw/pte_r_reg[3]/C
                         clock pessimism              0.000     4.954    <hidden>
                         clock uncertainty           -0.035     4.919    <hidden>
    SLICE_X36Y180        FDRE (Setup_fdre_C_CE)      -0.201     4.718    gen_mmu_ptw_sv32.m_Ptw/pte_r_reg[3]
  -------------------------------------------------------------------
                         required time                          4.718    <hidden>
                         arrival time                          -4.199    <hidden>
  -------------------------------------------------------------------
                         slack                                  0.519    <hidden>

Slack (MET) :             0.536ns  (required time - arrival time)
  Source:                 gen_mmu_ptw_sv32.m_Ptw/FSM_sequential_state_reg[1]/C
                            (rising edge-triggered cell FDRE clocked by clk  {rise@0.000ns fall@2.222ns period=4.444ns})
  Destination:            gen_mmu_ptw_sv32.m_Ptw/pte_r_reg[17]/CE
                            (rising edge-triggered cell FDRE clocked by clk  {rise@0.000ns fall@2.222ns period=4.444ns})
  Path Group:             clk
  Path Type:              Setup (Max at Slow Process Corner)
  Requirement:            4.444ns  (clk rise@4.444ns - clk rise@0.000ns)
  Data Path Delay:        3.645ns  (logic 0.910ns (24.965%)  route 2.735ns (75.035%))
  Logic Levels:           9  (LUT2=3 LUT3=4 LUT6=2)
  Clock Path Skew:        -0.027ns (DCD - SCD + CPR)
    Destination Clock Delay (DCD):    0.510ns = ( 4.954 - 4.444 ) 
    Source Clock Delay      (SCD):    0.537ns
    Clock Pessimism Removal (CPR):    0.000ns
  Clock Uncertainty:      0.035ns  ((TSJ^2 + TIJ^2)^1/2 + DJ) / 2 + PE
    Total System Jitter     (TSJ):    0.071ns
    Total Input Jitter      (TIJ):    0.000ns
    Discrete Jitter          (DJ):    0.000ns
    Phase Error              (PE):    0.000ns

    Location             Delay type                Incr(ns)  Path(ns)    Netlist Resource(s)
  -------------------------------------------------------------------    -------------------
                         (clock clk rise edge)        0.000     0.000 r  <hidden>
                                                      0.000     0.000 r  clk
                         net (fo=582, unset)          0.537     0.537    gen_mmu_ptw_sv32.m_Ptw/clk
    SLICE_X44Y178        FDRE                                         r  gen_mmu_ptw_sv32.m_Ptw/FSM_sequential_state_reg[1]/C
  -------------------------------------------------------------------    -------------------
    SLICE_X44Y178        FDRE (Prop_fdre_C_Q)         0.223     0.760 f  gen_mmu_ptw_sv32.m_Ptw/FSM_sequential_state_reg[1]/Q
                         net (fo=29, routed)          0.278     1.038    gen_mmu_ptw_sv32.m_Ptw/state[1]
    SLICE_X44Y178        LUT3 (Prop_lut3_I0_O)        0.043     1.081 r  gen_mmu_ptw_sv32.m_Ptw/mailbox_m_addr[31]_INST_0_i_1/O
                         net (fo=23, routed)          0.369     1.450    gen_mmu_ptw_sv32.m_Ptw/mailbox_m_addr[31]_INST_0_i_1_n_0
    SLICE_X45Y178        LUT3 (Prop_lut3_I0_O)        0.051     1.501 f  gen_mmu_ptw_sv32.m_Ptw/mailbox_m_addr[13]_INST_0/O
                         net (fo=7, routed)           0.342     1.843    gen_mmu_ptw_sv32.m_Ptw/D[8]
    SLICE_X41Y178        LUT3 (Prop_lut3_I2_O)        0.145     1.988 f  gen_mmu_ptw_sv32.m_Ptw/mailbox_m_stb_INST_0_i_6/O
                         net (fo=2, routed)           0.342     2.329    gen_mmu_ptw_sv32.m_Ptw/mailbox_m_stb_INST_0_i_6_n_0
    SLICE_X39Y178        LUT2 (Prop_lut2_I0_O)        0.140     2.469 f  gen_mmu_ptw_sv32.m_Ptw/mailbox_m_stb_INST_0_i_4/O
                         net (fo=2, routed)           0.191     2.660    gen_mmu_ptw_sv32.m_Ptw/mailbox_m_stb_INST_0_i_4_n_0
    SLICE_X39Y179        LUT3 (Prop_lut3_I0_O)        0.136     2.796 f  gen_mmu_ptw_sv32.m_Ptw/pte_r[0]_i_5/O
                         net (fo=2, routed)           0.188     2.984    gen_mmu_ptw_sv32.m_Ptw/pte_r[0]_i_5_n_0
    SLICE_X39Y178        LUT6 (Prop_lut6_I0_O)        0.043     3.027 f  gen_mmu_ptw_sv32.m_Ptw/req_addr_r[31]_i_4/O
                         net (fo=2, routed)           0.278     3.305    m_DataMemory/FSM_sequential_state[2]_i_2
    SLICE_X41Y180        LUT2 (Prop_lut2_I1_O)        0.043     3.348 r  m_DataMemory/FSM_sequential_state[2]_i_4/O
                         net (fo=1, routed)           0.185     3.532    gen_mmu_ptw_sv32.m_Ptw/FSM_sequential_state_reg[0]_0
    SLICE_X39Y180        LUT6 (Prop_lut6_I2_O)        0.043     3.575 r  gen_mmu_ptw_sv32.m_Ptw/FSM_sequential_state[2]_i_2/O
                         net (fo=4, routed)           0.238     3.814    gen_mmu_ptw_sv32.m_Ptw/FSM_sequential_state[2]_i_2_n_0
    SLICE_X39Y180        LUT2 (Prop_lut2_I0_O)        0.043     3.857 r  gen_mmu_ptw_sv32.m_Ptw/pte_r[29]_i_1/O
                         net (fo=25, routed)          0.325     4.182    gen_mmu_ptw_sv32.m_Ptw/pte_r[29]_i_1_n_0
    SLICE_X39Y181        FDRE                                         r  gen_mmu_ptw_sv32.m_Ptw/pte_r_reg[17]/CE
  -------------------------------------------------------------------    -------------------

                         (clock clk rise edge)        4.444     4.444 r  <hidden>
                                                      0.000     4.444 r  clk
                         net (fo=582, unset)          0.510     4.954    gen_mmu_ptw_sv32.m_Ptw/clk
    SLICE_X39Y181        FDRE                                         r  gen_mmu_ptw_sv32.m_Ptw/pte_r_reg[17]/C
                         clock pessimism              0.000     4.954    <hidden>
                         clock uncertainty           -0.035     4.919    <hidden>
    SLICE_X39Y181        FDRE (Setup_fdre_C_CE)      -0.201     4.718    gen_mmu_ptw_sv32.m_Ptw/pte_r_reg[17]
  -------------------------------------------------------------------
                         required time                          4.718    <hidden>
                         arrival time                          -4.182    <hidden>
  -------------------------------------------------------------------
                         slack                                  0.536    <hidden>

Slack (MET) :             0.536ns  (required time - arrival time)
  Source:                 gen_mmu_ptw_sv32.m_Ptw/FSM_sequential_state_reg[1]/C
                            (rising edge-triggered cell FDRE clocked by clk  {rise@0.000ns fall@2.222ns period=4.444ns})
  Destination:            gen_mmu_ptw_sv32.m_Ptw/pte_r_reg[21]/CE
                            (rising edge-triggered cell FDRE clocked by clk  {rise@0.000ns fall@2.222ns period=4.444ns})
  Path Group:             clk
  Path Type:              Setup (Max at Slow Process Corner)
  Requirement:            4.444ns  (clk rise@4.444ns - clk rise@0.000ns)
  Data Path Delay:        3.645ns  (logic 0.910ns (24.965%)  route 2.735ns (75.035%))
  Logic Levels:           9  (LUT2=3 LUT3=4 LUT6=2)
  Clock Path Skew:        -0.027ns (DCD - SCD + CPR)
    Destination Clock Delay (DCD):    0.510ns = ( 4.954 - 4.444 ) 
    Source Clock Delay      (SCD):    0.537ns
    Clock Pessimism Removal (CPR):    0.000ns
  Clock Uncertainty:      0.035ns  ((TSJ^2 + TIJ^2)^1/2 + DJ) / 2 + PE
    Total System Jitter     (TSJ):    0.071ns
    Total Input Jitter      (TIJ):    0.000ns
    Discrete Jitter          (DJ):    0.000ns
    Phase Error              (PE):    0.000ns

    Location             Delay type                Incr(ns)  Path(ns)    Netlist Resource(s)
  -------------------------------------------------------------------    -------------------
                         (clock clk rise edge)        0.000     0.000 r  <hidden>
                                                      0.000     0.000 r  clk
                         net (fo=582, unset)          0.537     0.537    gen_mmu_ptw_sv32.m_Ptw/clk
    SLICE_X44Y178        FDRE                                         r  gen_mmu_ptw_sv32.m_Ptw/FSM_sequential_state_reg[1]/C
  -------------------------------------------------------------------    -------------------
    SLICE_X44Y178        FDRE (Prop_fdre_C_Q)         0.223     0.760 f  gen_mmu_ptw_sv32.m_Ptw/FSM_sequential_state_reg[1]/Q
                         net (fo=29, routed)          0.278     1.038    gen_mmu_ptw_sv32.m_Ptw/state[1]
    SLICE_X44Y178        LUT3 (Prop_lut3_I0_O)        0.043     1.081 r  gen_mmu_ptw_sv32.m_Ptw/mailbox_m_addr[31]_INST_0_i_1/O
                         net (fo=23, routed)          0.369     1.450    gen_mmu_ptw_sv32.m_Ptw/mailbox_m_addr[31]_INST_0_i_1_n_0
    SLICE_X45Y178        LUT3 (Prop_lut3_I0_O)        0.051     1.501 f  gen_mmu_ptw_sv32.m_Ptw/mailbox_m_addr[13]_INST_0/O
                         net (fo=7, routed)           0.342     1.843    gen_mmu_ptw_sv32.m_Ptw/D[8]
    SLICE_X41Y178        LUT3 (Prop_lut3_I2_O)        0.145     1.988 f  gen_mmu_ptw_sv32.m_Ptw/mailbox_m_stb_INST_0_i_6/O
                         net (fo=2, routed)           0.342     2.329    gen_mmu_ptw_sv32.m_Ptw/mailbox_m_stb_INST_0_i_6_n_0
    SLICE_X39Y178        LUT2 (Prop_lut2_I0_O)        0.140     2.469 f  gen_mmu_ptw_sv32.m_Ptw/mailbox_m_stb_INST_0_i_4/O
                         net (fo=2, routed)           0.191     2.660    gen_mmu_ptw_sv32.m_Ptw/mailbox_m_stb_INST_0_i_4_n_0
    SLICE_X39Y179        LUT3 (Prop_lut3_I0_O)        0.136     2.796 f  gen_mmu_ptw_sv32.m_Ptw/pte_r[0]_i_5/O
                         net (fo=2, routed)           0.188     2.984    gen_mmu_ptw_sv32.m_Ptw/pte_r[0]_i_5_n_0
    SLICE_X39Y178        LUT6 (Prop_lut6_I0_O)        0.043     3.027 f  gen_mmu_ptw_sv32.m_Ptw/req_addr_r[31]_i_4/O
                         net (fo=2, routed)           0.278     3.305    m_DataMemory/FSM_sequential_state[2]_i_2
    SLICE_X41Y180        LUT2 (Prop_lut2_I1_O)        0.043     3.348 r  m_DataMemory/FSM_sequential_state[2]_i_4/O
                         net (fo=1, routed)           0.185     3.532    gen_mmu_ptw_sv32.m_Ptw/FSM_sequential_state_reg[0]_0
    SLICE_X39Y180        LUT6 (Prop_lut6_I2_O)        0.043     3.575 r  gen_mmu_ptw_sv32.m_Ptw/FSM_sequential_state[2]_i_2/O
                         net (fo=4, routed)           0.238     3.814    gen_mmu_ptw_sv32.m_Ptw/FSM_sequential_state[2]_i_2_n_0
    SLICE_X39Y180        LUT2 (Prop_lut2_I0_O)        0.043     3.857 r  gen_mmu_ptw_sv32.m_Ptw/pte_r[29]_i_1/O
                         net (fo=25, routed)          0.325     4.182    gen_mmu_ptw_sv32.m_Ptw/pte_r[29]_i_1_n_0
    SLICE_X39Y181        FDRE                                         r  gen_mmu_ptw_sv32.m_Ptw/pte_r_reg[21]/CE
  -------------------------------------------------------------------    -------------------

                         (clock clk rise edge)        4.444     4.444 r  <hidden>
                                                      0.000     4.444 r  clk
                         net (fo=582, unset)          0.510     4.954    gen_mmu_ptw_sv32.m_Ptw/clk
    SLICE_X39Y181        FDRE                                         r  gen_mmu_ptw_sv32.m_Ptw/pte_r_reg[21]/C
                         clock pessimism              0.000     4.954    <hidden>
                         clock uncertainty           -0.035     4.919    <hidden>
    SLICE_X39Y181        FDRE (Setup_fdre_C_CE)      -0.201     4.718    gen_mmu_ptw_sv32.m_Ptw/pte_r_reg[21]
  -------------------------------------------------------------------
                         required time                          4.718    <hidden>
                         arrival time                          -4.182    <hidden>
  -------------------------------------------------------------------
                         slack                                  0.536    <hidden>

Slack (MET) :             0.536ns  (required time - arrival time)
  Source:                 gen_mmu_ptw_sv32.m_Ptw/FSM_sequential_state_reg[1]/C
                            (rising edge-triggered cell FDRE clocked by clk  {rise@0.000ns fall@2.222ns period=4.444ns})
  Destination:            gen_mmu_ptw_sv32.m_Ptw/pte_r_reg[29]/CE
                            (rising edge-triggered cell FDRE clocked by clk  {rise@0.000ns fall@2.222ns period=4.444ns})
  Path Group:             clk
  Path Type:              Setup (Max at Slow Process Corner)
  Requirement:            4.444ns  (clk rise@4.444ns - clk rise@0.000ns)
  Data Path Delay:        3.645ns  (logic 0.910ns (24.965%)  route 2.735ns (75.035%))
  Logic Levels:           9  (LUT2=3 LUT3=4 LUT6=2)
  Clock Path Skew:        -0.027ns (DCD - SCD + CPR)
    Destination Clock Delay (DCD):    0.510ns = ( 4.954 - 4.444 ) 
    Source Clock Delay      (SCD):    0.537ns
    Clock Pessimism Removal (CPR):    0.000ns
  Clock Uncertainty:      0.035ns  ((TSJ^2 + TIJ^2)^1/2 + DJ) / 2 + PE
    Total System Jitter     (TSJ):    0.071ns
    Total Input Jitter      (TIJ):    0.000ns
    Discrete Jitter          (DJ):    0.000ns
    Phase Error              (PE):    0.000ns

    Location             Delay type                Incr(ns)  Path(ns)    Netlist Resource(s)
  -------------------------------------------------------------------    -------------------
                         (clock clk rise edge)        0.000     0.000 r  <hidden>
                                                      0.000     0.000 r  clk
                         net (fo=582, unset)          0.537     0.537    gen_mmu_ptw_sv32.m_Ptw/clk
    SLICE_X44Y178        FDRE                                         r  gen_mmu_ptw_sv32.m_Ptw/FSM_sequential_state_reg[1]/C
  -------------------------------------------------------------------    -------------------
    SLICE_X44Y178        FDRE (Prop_fdre_C_Q)         0.223     0.760 f  gen_mmu_ptw_sv32.m_Ptw/FSM_sequential_state_reg[1]/Q
                         net (fo=29, routed)          0.278     1.038    gen_mmu_ptw_sv32.m_Ptw/state[1]
    SLICE_X44Y178        LUT3 (Prop_lut3_I0_O)        0.043     1.081 r  gen_mmu_ptw_sv32.m_Ptw/mailbox_m_addr[31]_INST_0_i_1/O
                         net (fo=23, routed)          0.369     1.450    gen_mmu_ptw_sv32.m_Ptw/mailbox_m_addr[31]_INST_0_i_1_n_0
    SLICE_X45Y178        LUT3 (Prop_lut3_I0_O)        0.051     1.501 f  gen_mmu_ptw_sv32.m_Ptw/mailbox_m_addr[13]_INST_0/O
                         net (fo=7, routed)           0.342     1.843    gen_mmu_ptw_sv32.m_Ptw/D[8]
    SLICE_X41Y178        LUT3 (Prop_lut3_I2_O)        0.145     1.988 f  gen_mmu_ptw_sv32.m_Ptw/mailbox_m_stb_INST_0_i_6/O
                         net (fo=2, routed)           0.342     2.329    gen_mmu_ptw_sv32.m_Ptw/mailbox_m_stb_INST_0_i_6_n_0
    SLICE_X39Y178        LUT2 (Prop_lut2_I0_O)        0.140     2.469 f  gen_mmu_ptw_sv32.m_Ptw/mailbox_m_stb_INST_0_i_4/O
                         net (fo=2, routed)           0.191     2.660    gen_mmu_ptw_sv32.m_Ptw/mailbox_m_stb_INST_0_i_4_n_0
    SLICE_X39Y179        LUT3 (Prop_lut3_I0_O)        0.136     2.796 f  gen_mmu_ptw_sv32.m_Ptw/pte_r[0]_i_5/O
                         net (fo=2, routed)           0.188     2.984    gen_mmu_ptw_sv32.m_Ptw/pte_r[0]_i_5_n_0
    SLICE_X39Y178        LUT6 (Prop_lut6_I0_O)        0.043     3.027 f  gen_mmu_ptw_sv32.m_Ptw/req_addr_r[31]_i_4/O
                         net (fo=2, routed)           0.278     3.305    m_DataMemory/FSM_sequential_state[2]_i_2
    SLICE_X41Y180        LUT2 (Prop_lut2_I1_O)        0.043     3.348 r  m_DataMemory/FSM_sequential_state[2]_i_4/O
                         net (fo=1, routed)           0.185     3.532    gen_mmu_ptw_sv32.m_Ptw/FSM_sequential_state_reg[0]_0
    SLICE_X39Y180        LUT6 (Prop_lut6_I2_O)        0.043     3.575 r  gen_mmu_ptw_sv32.m_Ptw/FSM_sequential_state[2]_i_2/O
                         net (fo=4, routed)           0.238     3.814    gen_mmu_ptw_sv32.m_Ptw/FSM_sequential_state[2]_i_2_n_0
    SLICE_X39Y180        LUT2 (Prop_lut2_I0_O)        0.043     3.857 r  gen_mmu_ptw_sv32.m_Ptw/pte_r[29]_i_1/O
                         net (fo=25, routed)          0.325     4.182    gen_mmu_ptw_sv32.m_Ptw/pte_r[29]_i_1_n_0
    SLICE_X39Y181        FDRE                                         r  gen_mmu_ptw_sv32.m_Ptw/pte_r_reg[29]/CE
  -------------------------------------------------------------------    -------------------

                         (clock clk rise edge)        4.444     4.444 r  <hidden>
                                                      0.000     4.444 r  clk
                         net (fo=582, unset)          0.510     4.954    gen_mmu_ptw_sv32.m_Ptw/clk
    SLICE_X39Y181        FDRE                                         r  gen_mmu_ptw_sv32.m_Ptw/pte_r_reg[29]/C
                         clock pessimism              0.000     4.954    <hidden>
                         clock uncertainty           -0.035     4.919    <hidden>
    SLICE_X39Y181        FDRE (Setup_fdre_C_CE)      -0.201     4.718    gen_mmu_ptw_sv32.m_Ptw/pte_r_reg[29]
  -------------------------------------------------------------------
                         required time                          4.718    <hidden>
                         arrival time                          -4.182    <hidden>
  -------------------------------------------------------------------
                         slack                                  0.536    <hidden>

Slack (MET) :             0.536ns  (required time - arrival time)
  Source:                 gen_mmu_ptw_sv32.m_Ptw/FSM_sequential_state_reg[1]/C
                            (rising edge-triggered cell FDRE clocked by clk  {rise@0.000ns fall@2.222ns period=4.444ns})
  Destination:            gen_mmu_ptw_sv32.m_Ptw/pte_r_reg[4]/CE
                            (rising edge-triggered cell FDRE clocked by clk  {rise@0.000ns fall@2.222ns period=4.444ns})
  Path Group:             clk
  Path Type:              Setup (Max at Slow Process Corner)
  Requirement:            4.444ns  (clk rise@4.444ns - clk rise@0.000ns)
  Data Path Delay:        3.645ns  (logic 0.910ns (24.965%)  route 2.735ns (75.035%))
  Logic Levels:           9  (LUT2=3 LUT3=4 LUT6=2)
  Clock Path Skew:        -0.027ns (DCD - SCD + CPR)
    Destination Clock Delay (DCD):    0.510ns = ( 4.954 - 4.444 ) 
    Source Clock Delay      (SCD):    0.537ns
    Clock Pessimism Removal (CPR):    0.000ns
  Clock Uncertainty:      0.035ns  ((TSJ^2 + TIJ^2)^1/2 + DJ) / 2 + PE
    Total System Jitter     (TSJ):    0.071ns
    Total Input Jitter      (TIJ):    0.000ns
    Discrete Jitter          (DJ):    0.000ns
    Phase Error              (PE):    0.000ns

    Location             Delay type                Incr(ns)  Path(ns)    Netlist Resource(s)
  -------------------------------------------------------------------    -------------------
                         (clock clk rise edge)        0.000     0.000 r  <hidden>
                                                      0.000     0.000 r  clk
                         net (fo=582, unset)          0.537     0.537    gen_mmu_ptw_sv32.m_Ptw/clk
    SLICE_X44Y178        FDRE                                         r  gen_mmu_ptw_sv32.m_Ptw/FSM_sequential_state_reg[1]/C
  -------------------------------------------------------------------    -------------------
    SLICE_X44Y178        FDRE (Prop_fdre_C_Q)         0.223     0.760 f  gen_mmu_ptw_sv32.m_Ptw/FSM_sequential_state_reg[1]/Q
                         net (fo=29, routed)          0.278     1.038    gen_mmu_ptw_sv32.m_Ptw/state[1]
    SLICE_X44Y178        LUT3 (Prop_lut3_I0_O)        0.043     1.081 r  gen_mmu_ptw_sv32.m_Ptw/mailbox_m_addr[31]_INST_0_i_1/O
                         net (fo=23, routed)          0.369     1.450    gen_mmu_ptw_sv32.m_Ptw/mailbox_m_addr[31]_INST_0_i_1_n_0
    SLICE_X45Y178        LUT3 (Prop_lut3_I0_O)        0.051     1.501 f  gen_mmu_ptw_sv32.m_Ptw/mailbox_m_addr[13]_INST_0/O
                         net (fo=7, routed)           0.342     1.843    gen_mmu_ptw_sv32.m_Ptw/D[8]
    SLICE_X41Y178        LUT3 (Prop_lut3_I2_O)        0.145     1.988 f  gen_mmu_ptw_sv32.m_Ptw/mailbox_m_stb_INST_0_i_6/O
                         net (fo=2, routed)           0.342     2.329    gen_mmu_ptw_sv32.m_Ptw/mailbox_m_stb_INST_0_i_6_n_0
    SLICE_X39Y178        LUT2 (Prop_lut2_I0_O)        0.140     2.469 f  gen_mmu_ptw_sv32.m_Ptw/mailbox_m_stb_INST_0_i_4/O
                         net (fo=2, routed)           0.191     2.660    gen_mmu_ptw_sv32.m_Ptw/mailbox_m_stb_INST_0_i_4_n_0
    SLICE_X39Y179        LUT3 (Prop_lut3_I0_O)        0.136     2.796 f  gen_mmu_ptw_sv32.m_Ptw/pte_r[0]_i_5/O
                         net (fo=2, routed)           0.188     2.984    gen_mmu_ptw_sv32.m_Ptw/pte_r[0]_i_5_n_0
    SLICE_X39Y178        LUT6 (Prop_lut6_I0_O)        0.043     3.027 f  gen_mmu_ptw_sv32.m_Ptw/req_addr_r[31]_i_4/O
                         net (fo=2, routed)           0.278     3.305    m_DataMemory/FSM_sequential_state[2]_i_2
    SLICE_X41Y180        LUT2 (Prop_lut2_I1_O)        0.043     3.348 r  m_DataMemory/FSM_sequential_state[2]_i_4/O
                         net (fo=1, routed)           0.185     3.532    gen_mmu_ptw_sv32.m_Ptw/FSM_sequential_state_reg[0]_0
    SLICE_X39Y180        LUT6 (Prop_lut6_I2_O)        0.043     3.575 r  gen_mmu_ptw_sv32.m_Ptw/FSM_sequential_state[2]_i_2/O
                         net (fo=4, routed)           0.238     3.814    gen_mmu_ptw_sv32.m_Ptw/FSM_sequential_state[2]_i_2_n_0
    SLICE_X39Y180        LUT2 (Prop_lut2_I0_O)        0.043     3.857 r  gen_mmu_ptw_sv32.m_Ptw/pte_r[29]_i_1/O
                         net (fo=25, routed)          0.325     4.182    gen_mmu_ptw_sv32.m_Ptw/pte_r[29]_i_1_n_0
    SLICE_X39Y181        FDRE                                         r  gen_mmu_ptw_sv32.m_Ptw/pte_r_reg[4]/CE
  -------------------------------------------------------------------    -------------------

                         (clock clk rise edge)        4.444     4.444 r  <hidden>
                                                      0.000     4.444 r  clk
                         net (fo=582, unset)          0.510     4.954    gen_mmu_ptw_sv32.m_Ptw/clk
    SLICE_X39Y181        FDRE                                         r  gen_mmu_ptw_sv32.m_Ptw/pte_r_reg[4]/C
                         clock pessimism              0.000     4.954    <hidden>
                         clock uncertainty           -0.035     4.919    <hidden>
    SLICE_X39Y181        FDRE (Setup_fdre_C_CE)      -0.201     4.718    gen_mmu_ptw_sv32.m_Ptw/pte_r_reg[4]
  -------------------------------------------------------------------
                         required time                          4.718    <hidden>
                         arrival time                          -4.182    <hidden>
  -------------------------------------------------------------------
                         slack                                  0.536    <hidden>

Slack (MET) :             0.551ns  (required time - arrival time)
  Source:                 gen_mmu_ptw_sv32.m_Ptw/FSM_sequential_state_reg[1]/C
                            (rising edge-triggered cell FDRE clocked by clk  {rise@0.000ns fall@2.222ns period=4.444ns})
  Destination:            gen_mmu_ptw_sv32.m_Ptw/pte_r_reg[12]/CE
                            (rising edge-triggered cell FDRE clocked by clk  {rise@0.000ns fall@2.222ns period=4.444ns})
  Path Group:             clk
  Path Type:              Setup (Max at Slow Process Corner)
  Requirement:            4.444ns  (clk rise@4.444ns - clk rise@0.000ns)
  Data Path Delay:        3.630ns  (logic 0.910ns (25.067%)  route 2.720ns (74.933%))
  Logic Levels:           9  (LUT2=3 LUT3=4 LUT6=2)
  Clock Path Skew:        -0.027ns (DCD - SCD + CPR)
    Destination Clock Delay (DCD):    0.510ns = ( 4.954 - 4.444 ) 
    Source Clock Delay      (SCD):    0.537ns
    Clock Pessimism Removal (CPR):    0.000ns
  Clock Uncertainty:      0.035ns  ((TSJ^2 + TIJ^2)^1/2 + DJ) / 2 + PE
    Total System Jitter     (TSJ):    0.071ns
    Total Input Jitter      (TIJ):    0.000ns
    Discrete Jitter          (DJ):    0.000ns
    Phase Error              (PE):    0.000ns

    Location             Delay type                Incr(ns)  Path(ns)    Netlist Resource(s)
  -------------------------------------------------------------------    -------------------
                         (clock clk rise edge)        0.000     0.000 r  <hidden>
                                                      0.000     0.000 r  clk
                         net (fo=582, unset)          0.537     0.537    gen_mmu_ptw_sv32.m_Ptw/clk
    SLICE_X44Y178        FDRE                                         r  gen_mmu_ptw_sv32.m_Ptw/FSM_sequential_state_reg[1]/C
  -------------------------------------------------------------------    -------------------
    SLICE_X44Y178        FDRE (Prop_fdre_C_Q)         0.223     0.760 f  gen_mmu_ptw_sv32.m_Ptw/FSM_sequential_state_reg[1]/Q
                         net (fo=29, routed)          0.278     1.038    gen_mmu_ptw_sv32.m_Ptw/state[1]
    SLICE_X44Y178        LUT3 (Prop_lut3_I0_O)        0.043     1.081 r  gen_mmu_ptw_sv32.m_Ptw/mailbox_m_addr[31]_INST_0_i_1/O
                         net (fo=23, routed)          0.369     1.450    gen_mmu_ptw_sv32.m_Ptw/mailbox_m_addr[31]_INST_0_i_1_n_0
    SLICE_X45Y178        LUT3 (Prop_lut3_I0_O)        0.051     1.501 f  gen_mmu_ptw_sv32.m_Ptw/mailbox_m_addr[13]_INST_0/O
                         net (fo=7, routed)           0.342     1.843    gen_mmu_ptw_sv32.m_Ptw/D[8]
    SLICE_X41Y178        LUT3 (Prop_lut3_I2_O)        0.145     1.988 f  gen_mmu_ptw_sv32.m_Ptw/mailbox_m_stb_INST_0_i_6/O
                         net (fo=2, routed)           0.342     2.329    gen_mmu_ptw_sv32.m_Ptw/mailbox_m_stb_INST_0_i_6_n_0
    SLICE_X39Y178        LUT2 (Prop_lut2_I0_O)        0.140     2.469 f  gen_mmu_ptw_sv32.m_Ptw/mailbox_m_stb_INST_0_i_4/O
                         net (fo=2, routed)           0.191     2.660    gen_mmu_ptw_sv32.m_Ptw/mailbox_m_stb_INST_0_i_4_n_0
    SLICE_X39Y179        LUT3 (Prop_lut3_I0_O)        0.136     2.796 f  gen_mmu_ptw_sv32.m_Ptw/pte_r[0]_i_5/O
                         net (fo=2, routed)           0.188     2.984    gen_mmu_ptw_sv32.m_Ptw/pte_r[0]_i_5_n_0
    SLICE_X39Y178        LUT6 (Prop_lut6_I0_O)        0.043     3.027 f  gen_mmu_ptw_sv32.m_Ptw/req_addr_r[31]_i_4/O
                         net (fo=2, routed)           0.278     3.305    m_DataMemory/FSM_sequential_state[2]_i_2
    SLICE_X41Y180        LUT2 (Prop_lut2_I1_O)        0.043     3.348 r  m_DataMemory/FSM_sequential_state[2]_i_4/O
                         net (fo=1, routed)           0.185     3.532    gen_mmu_ptw_sv32.m_Ptw/FSM_sequential_state_reg[0]_0
    SLICE_X39Y180        LUT6 (Prop_lut6_I2_O)        0.043     3.575 r  gen_mmu_ptw_sv32.m_Ptw/FSM_sequential_state[2]_i_2/O
                         net (fo=4, routed)           0.238     3.814    gen_mmu_ptw_sv32.m_Ptw/FSM_sequential_state[2]_i_2_n_0
    SLICE_X39Y180        LUT2 (Prop_lut2_I0_O)        0.043     3.857 r  gen_mmu_ptw_sv32.m_Ptw/pte_r[29]_i_1/O
                         net (fo=25, routed)          0.310     4.167    gen_mmu_ptw_sv32.m_Ptw/pte_r[29]_i_1_n_0
    SLICE_X40Y179        FDRE                                         r  gen_mmu_ptw_sv32.m_Ptw/pte_r_reg[12]/CE
  -------------------------------------------------------------------    -------------------

                         (clock clk rise edge)        4.444     4.444 r  <hidden>
                                                      0.000     4.444 r  clk
                         net (fo=582, unset)          0.510     4.954    gen_mmu_ptw_sv32.m_Ptw/clk
    SLICE_X40Y179        FDRE                                         r  gen_mmu_ptw_sv32.m_Ptw/pte_r_reg[12]/C
                         clock pessimism              0.000     4.954    <hidden>
                         clock uncertainty           -0.035     4.919    <hidden>
    SLICE_X40Y179        FDRE (Setup_fdre_C_CE)      -0.201     4.718    gen_mmu_ptw_sv32.m_Ptw/pte_r_reg[12]
  -------------------------------------------------------------------
                         required time                          4.718    <hidden>
                         arrival time                          -4.167    <hidden>
  -------------------------------------------------------------------
                         slack                                  0.551    <hidden>

Slack (MET) :             0.580ns  (required time - arrival time)
  Source:                 gen_mmu_ptw_sv32.m_Ptw/FSM_sequential_state_reg[1]/C
                            (rising edge-triggered cell FDRE clocked by clk  {rise@0.000ns fall@2.222ns period=4.444ns})
  Destination:            gen_mmu_ptw_sv32.m_Ptw/pte_r_reg[3]/D
                            (rising edge-triggered cell FDRE clocked by clk  {rise@0.000ns fall@2.222ns period=4.444ns})
  Path Group:             clk
  Path Type:              Setup (Max at Slow Process Corner)
  Requirement:            4.444ns  (clk rise@4.444ns - clk rise@0.000ns)
  Data Path Delay:        3.836ns  (logic 1.067ns (27.815%)  route 2.769ns (72.185%))
  Logic Levels:           8  (LUT2=1 LUT3=5 LUT4=2)
  Clock Path Skew:        -0.027ns (DCD - SCD + CPR)
    Destination Clock Delay (DCD):    0.510ns = ( 4.954 - 4.444 ) 
    Source Clock Delay      (SCD):    0.537ns
    Clock Pessimism Removal (CPR):    0.000ns
  Clock Uncertainty:      0.035ns  ((TSJ^2 + TIJ^2)^1/2 + DJ) / 2 + PE
    Total System Jitter     (TSJ):    0.071ns
    Total Input Jitter      (TIJ):    0.000ns
    Discrete Jitter          (DJ):    0.000ns
    Phase Error              (PE):    0.000ns

    Location             Delay type                Incr(ns)  Path(ns)    Netlist Resource(s)
  -------------------------------------------------------------------    -------------------
                         (clock clk rise edge)        0.000     0.000 r  <hidden>
                                                      0.000     0.000 r  clk
                         net (fo=582, unset)          0.537     0.537    gen_mmu_ptw_sv32.m_Ptw/clk
    SLICE_X44Y178        FDRE                                         r  gen_mmu_ptw_sv32.m_Ptw/FSM_sequential_state_reg[1]/C
  -------------------------------------------------------------------    -------------------
    SLICE_X44Y178        FDRE (Prop_fdre_C_Q)         0.223     0.760 f  gen_mmu_ptw_sv32.m_Ptw/FSM_sequential_state_reg[1]/Q
                         net (fo=29, routed)          0.278     1.038    gen_mmu_ptw_sv32.m_Ptw/state[1]
    SLICE_X44Y178        LUT3 (Prop_lut3_I0_O)        0.043     1.081 r  gen_mmu_ptw_sv32.m_Ptw/mailbox_m_addr[31]_INST_0_i_1/O
                         net (fo=23, routed)          0.369     1.450    gen_mmu_ptw_sv32.m_Ptw/mailbox_m_addr[31]_INST_0_i_1_n_0
    SLICE_X45Y178        LUT3 (Prop_lut3_I0_O)        0.051     1.501 f  gen_mmu_ptw_sv32.m_Ptw/mailbox_m_addr[13]_INST_0/O
                         net (fo=7, routed)           0.342     1.843    gen_mmu_ptw_sv32.m_Ptw/D[8]
    SLICE_X41Y178        LUT3 (Prop_lut3_I2_O)        0.145     1.988 f  gen_mmu_ptw_sv32.m_Ptw/mailbox_m_stb_INST_0_i_6/O
                         net (fo=2, routed)           0.342     2.329    gen_mmu_ptw_sv32.m_Ptw/mailbox_m_stb_INST_0_i_6_n_0
    SLICE_X39Y178        LUT2 (Prop_lut2_I0_O)        0.140     2.469 f  gen_mmu_ptw_sv32.m_Ptw/mailbox_m_stb_INST_0_i_4/O
                         net (fo=2, routed)           0.191     2.660    gen_mmu_ptw_sv32.m_Ptw/mailbox_m_stb_INST_0_i_4_n_0
    SLICE_X39Y179        LUT3 (Prop_lut3_I0_O)        0.136     2.796 f  gen_mmu_ptw_sv32.m_Ptw/pte_r[0]_i_5/O
                         net (fo=2, routed)           0.322     3.118    gen_mmu_ptw_sv32.m_Ptw/pte_r[0]_i_5_n_0
    SLICE_X39Y180        LUT4 (Prop_lut4_I1_O)        0.052     3.170 f  gen_mmu_ptw_sv32.m_Ptw/pte_r[0]_i_2/O
                         net (fo=6, routed)           0.446     3.615    gen_mmu_ptw_sv32.m_Ptw/pte_r[0]_i_2_n_0
    SLICE_X40Y177        LUT3 (Prop_lut3_I0_O)        0.145     3.760 f  gen_mmu_ptw_sv32.m_Ptw/pte_r[3]_i_2/O
                         net (fo=1, routed)           0.481     4.241    gen_mmu_ptw_sv32.m_Ptw/pte_r[3]_i_2_n_0
    SLICE_X36Y180        LUT4 (Prop_lut4_I2_O)        0.132     4.373 r  gen_mmu_ptw_sv32.m_Ptw/pte_r[3]_i_1/O
                         net (fo=1, routed)           0.000     4.373    gen_mmu_ptw_sv32.m_Ptw/pte_r[3]_i_1_n_0
    SLICE_X36Y180        FDRE                                         r  gen_mmu_ptw_sv32.m_Ptw/pte_r_reg[3]/D
  -------------------------------------------------------------------    -------------------

                         (clock clk rise edge)        4.444     4.444 r  <hidden>
                                                      0.000     4.444 r  clk
                         net (fo=582, unset)          0.510     4.954    gen_mmu_ptw_sv32.m_Ptw/clk
    SLICE_X36Y180        FDRE                                         r  gen_mmu_ptw_sv32.m_Ptw/pte_r_reg[3]/C
                         clock pessimism              0.000     4.954    <hidden>
                         clock uncertainty           -0.035     4.919    <hidden>
    SLICE_X36Y180        FDRE (Setup_fdre_C_D)        0.034     4.953    gen_mmu_ptw_sv32.m_Ptw/pte_r_reg[3]
  -------------------------------------------------------------------
                         required time                          4.953    <hidden>
                         arrival time                          -4.373    <hidden>
  -------------------------------------------------------------------
                         slack                                  0.580    <hidden>





Min Delay Paths
--------------------------------------------------------------------------------------
Slack (MET) :             0.088ns  (arrival time - required time)
  Source:                 m_PC/pc_o_reg[12]/C
                            (rising edge-triggered cell FDRE clocked by clk  {rise@0.000ns fall@2.222ns period=4.444ns})
  Destination:            gen_mmu_tlb_sv32.m_Tlb/tag_reg_r2_0_15_0_5/RAMA/WADR0
                            (rising edge-triggered cell RAMD32 clocked by clk  {rise@0.000ns fall@2.222ns period=4.444ns})
  Path Group:             clk
  Path Type:              Hold (Min at Fast Process Corner)
  Requirement:            0.000ns  (clk rise@0.000ns - clk rise@0.000ns)
  Data Path Delay:        0.399ns  (logic 0.100ns (25.074%)  route 0.299ns (74.926%))
  Logic Levels:           0  
  Clock Path Skew:        0.014ns (DCD - SCD - CPR)
    Destination Clock Delay (DCD):    0.280ns
    Source Clock Delay      (SCD):    0.266ns
    Clock Pessimism Removal (CPR):    -0.000ns

    Location             Delay type                Incr(ns)  Path(ns)    Netlist Resource(s)
  -------------------------------------------------------------------    -------------------
                         (clock clk rise edge)        0.000     0.000 r  <hidden>
                                                      0.000     0.000 r  clk
                         net (fo=582, unset)          0.266     0.266    m_PC/clk
    SLICE_X41Y169        FDRE                                         r  m_PC/pc_o_reg[12]/C
  -------------------------------------------------------------------    -------------------
    SLICE_X41Y169        FDRE (Prop_fdre_C_Q)         0.100     0.366 r  m_PC/pc_o_reg[12]/Q
                         net (fo=75, routed)          0.299     0.665    gen_mmu_tlb_sv32.m_Tlb/tag_reg_r2_0_15_0_5/ADDRD0
    SLICE_X38Y171        RAMD32                                       r  gen_mmu_tlb_sv32.m_Tlb/tag_reg_r2_0_15_0_5/RAMA/WADR0
  -------------------------------------------------------------------    -------------------

                         (clock clk rise edge)        0.000     0.000 r  <hidden>
                                                      0.000     0.000 r  clk
                         net (fo=582, unset)          0.280     0.280    gen_mmu_tlb_sv32.m_Tlb/tag_reg_r2_0_15_0_5/WCLK
    SLICE_X38Y171        RAMD32                                       r  gen_mmu_tlb_sv32.m_Tlb/tag_reg_r2_0_15_0_5/RAMA/CLK
                         clock pessimism              0.000     0.280    <hidden>
    SLICE_X38Y171        RAMD32 (Hold_ramd32_CLK_WADR0)
                                                      0.297     0.577    gen_mmu_tlb_sv32.m_Tlb/tag_reg_r2_0_15_0_5/RAMA
  -------------------------------------------------------------------
                         required time                         -0.577    <hidden>
                         arrival time                           0.665    <hidden>
  -------------------------------------------------------------------
                         slack                                  0.088    <hidden>

Slack (MET) :             0.088ns  (arrival time - required time)
  Source:                 m_PC/pc_o_reg[12]/C
                            (rising edge-triggered cell FDRE clocked by clk  {rise@0.000ns fall@2.222ns period=4.444ns})
  Destination:            gen_mmu_tlb_sv32.m_Tlb/tag_reg_r2_0_15_0_5/RAMA_D1/WADR0
                            (rising edge-triggered cell RAMD32 clocked by clk  {rise@0.000ns fall@2.222ns period=4.444ns})
  Path Group:             clk
  Path Type:              Hold (Min at Fast Process Corner)
  Requirement:            0.000ns  (clk rise@0.000ns - clk rise@0.000ns)
  Data Path Delay:        0.399ns  (logic 0.100ns (25.074%)  route 0.299ns (74.926%))
  Logic Levels:           0  
  Clock Path Skew:        0.014ns (DCD - SCD - CPR)
    Destination Clock Delay (DCD):    0.280ns
    Source Clock Delay      (SCD):    0.266ns
    Clock Pessimism Removal (CPR):    -0.000ns

    Location             Delay type                Incr(ns)  Path(ns)    Netlist Resource(s)
  -------------------------------------------------------------------    -------------------
                         (clock clk rise edge)        0.000     0.000 r  <hidden>
                                                      0.000     0.000 r  clk
                         net (fo=582, unset)          0.266     0.266    m_PC/clk
    SLICE_X41Y169        FDRE                                         r  m_PC/pc_o_reg[12]/C
  -------------------------------------------------------------------    -------------------
    SLICE_X41Y169        FDRE (Prop_fdre_C_Q)         0.100     0.366 r  m_PC/pc_o_reg[12]/Q
                         net (fo=75, routed)          0.299     0.665    gen_mmu_tlb_sv32.m_Tlb/tag_reg_r2_0_15_0_5/ADDRD0
    SLICE_X38Y171        RAMD32                                       r  gen_mmu_tlb_sv32.m_Tlb/tag_reg_r2_0_15_0_5/RAMA_D1/WADR0
  -------------------------------------------------------------------    -------------------

                         (clock clk rise edge)        0.000     0.000 r  <hidden>
                                                      0.000     0.000 r  clk
                         net (fo=582, unset)          0.280     0.280    gen_mmu_tlb_sv32.m_Tlb/tag_reg_r2_0_15_0_5/WCLK
    SLICE_X38Y171        RAMD32                                       r  gen_mmu_tlb_sv32.m_Tlb/tag_reg_r2_0_15_0_5/RAMA_D1/CLK
                         clock pessimism              0.000     0.280    <hidden>
    SLICE_X38Y171        RAMD32 (Hold_ramd32_CLK_WADR0)
                                                      0.297     0.577    gen_mmu_tlb_sv32.m_Tlb/tag_reg_r2_0_15_0_5/RAMA_D1
  -------------------------------------------------------------------
                         required time                         -0.577    <hidden>
                         arrival time                           0.665    <hidden>
  -------------------------------------------------------------------
                         slack                                  0.088    <hidden>

Slack (MET) :             0.088ns  (arrival time - required time)
  Source:                 m_PC/pc_o_reg[12]/C
                            (rising edge-triggered cell FDRE clocked by clk  {rise@0.000ns fall@2.222ns period=4.444ns})
  Destination:            gen_mmu_tlb_sv32.m_Tlb/tag_reg_r2_0_15_0_5/RAMB/WADR0
                            (rising edge-triggered cell RAMD32 clocked by clk  {rise@0.000ns fall@2.222ns period=4.444ns})
  Path Group:             clk
  Path Type:              Hold (Min at Fast Process Corner)
  Requirement:            0.000ns  (clk rise@0.000ns - clk rise@0.000ns)
  Data Path Delay:        0.399ns  (logic 0.100ns (25.074%)  route 0.299ns (74.926%))
  Logic Levels:           0  
  Clock Path Skew:        0.014ns (DCD - SCD - CPR)
    Destination Clock Delay (DCD):    0.280ns
    Source Clock Delay      (SCD):    0.266ns
    Clock Pessimism Removal (CPR):    -0.000ns

    Location             Delay type                Incr(ns)  Path(ns)    Netlist Resource(s)
  -------------------------------------------------------------------    -------------------
                         (clock clk rise edge)        0.000     0.000 r  <hidden>
                                                      0.000     0.000 r  clk
                         net (fo=582, unset)          0.266     0.266    m_PC/clk
    SLICE_X41Y169        FDRE                                         r  m_PC/pc_o_reg[12]/C
  -------------------------------------------------------------------    -------------------
    SLICE_X41Y169        FDRE (Prop_fdre_C_Q)         0.100     0.366 r  m_PC/pc_o_reg[12]/Q
                         net (fo=75, routed)          0.299     0.665    gen_mmu_tlb_sv32.m_Tlb/tag_reg_r2_0_15_0_5/ADDRD0
    SLICE_X38Y171        RAMD32                                       r  gen_mmu_tlb_sv32.m_Tlb/tag_reg_r2_0_15_0_5/RAMB/WADR0
  -------------------------------------------------------------------    -------------------

                         (clock clk rise edge)        0.000     0.000 r  <hidden>
                                                      0.000     0.000 r  clk
                         net (fo=582, unset)          0.280     0.280    gen_mmu_tlb_sv32.m_Tlb/tag_reg_r2_0_15_0_5/WCLK
    SLICE_X38Y171        RAMD32                                       r  gen_mmu_tlb_sv32.m_Tlb/tag_reg_r2_0_15_0_5/RAMB/CLK
                         clock pessimism              0.000     0.280    <hidden>
    SLICE_X38Y171        RAMD32 (Hold_ramd32_CLK_WADR0)
                                                      0.297     0.577    gen_mmu_tlb_sv32.m_Tlb/tag_reg_r2_0_15_0_5/RAMB
  -------------------------------------------------------------------
                         required time                         -0.577    <hidden>
                         arrival time                           0.665    <hidden>
  -------------------------------------------------------------------
                         slack                                  0.088    <hidden>

Slack (MET) :             0.088ns  (arrival time - required time)
  Source:                 m_PC/pc_o_reg[12]/C
                            (rising edge-triggered cell FDRE clocked by clk  {rise@0.000ns fall@2.222ns period=4.444ns})
  Destination:            gen_mmu_tlb_sv32.m_Tlb/tag_reg_r2_0_15_0_5/RAMB_D1/WADR0
                            (rising edge-triggered cell RAMD32 clocked by clk  {rise@0.000ns fall@2.222ns period=4.444ns})
  Path Group:             clk
  Path Type:              Hold (Min at Fast Process Corner)
  Requirement:            0.000ns  (clk rise@0.000ns - clk rise@0.000ns)
  Data Path Delay:        0.399ns  (logic 0.100ns (25.074%)  route 0.299ns (74.926%))
  Logic Levels:           0  
  Clock Path Skew:        0.014ns (DCD - SCD - CPR)
    Destination Clock Delay (DCD):    0.280ns
    Source Clock Delay      (SCD):    0.266ns
    Clock Pessimism Removal (CPR):    -0.000ns

    Location             Delay type                Incr(ns)  Path(ns)    Netlist Resource(s)
  -------------------------------------------------------------------    -------------------
                         (clock clk rise edge)        0.000     0.000 r  <hidden>
                                                      0.000     0.000 r  clk
                         net (fo=582, unset)          0.266     0.266    m_PC/clk
    SLICE_X41Y169        FDRE                                         r  m_PC/pc_o_reg[12]/C
  -------------------------------------------------------------------    -------------------
    SLICE_X41Y169        FDRE (Prop_fdre_C_Q)         0.100     0.366 r  m_PC/pc_o_reg[12]/Q
                         net (fo=75, routed)          0.299     0.665    gen_mmu_tlb_sv32.m_Tlb/tag_reg_r2_0_15_0_5/ADDRD0
    SLICE_X38Y171        RAMD32                                       r  gen_mmu_tlb_sv32.m_Tlb/tag_reg_r2_0_15_0_5/RAMB_D1/WADR0
  -------------------------------------------------------------------    -------------------

                         (clock clk rise edge)        0.000     0.000 r  <hidden>
                                                      0.000     0.000 r  clk
                         net (fo=582, unset)          0.280     0.280    gen_mmu_tlb_sv32.m_Tlb/tag_reg_r2_0_15_0_5/WCLK
    SLICE_X38Y171        RAMD32                                       r  gen_mmu_tlb_sv32.m_Tlb/tag_reg_r2_0_15_0_5/RAMB_D1/CLK
                         clock pessimism              0.000     0.280    <hidden>
    SLICE_X38Y171        RAMD32 (Hold_ramd32_CLK_WADR0)
                                                      0.297     0.577    gen_mmu_tlb_sv32.m_Tlb/tag_reg_r2_0_15_0_5/RAMB_D1
  -------------------------------------------------------------------
                         required time                         -0.577    <hidden>
                         arrival time                           0.665    <hidden>
  -------------------------------------------------------------------
                         slack                                  0.088    <hidden>

Slack (MET) :             0.088ns  (arrival time - required time)
  Source:                 m_PC/pc_o_reg[12]/C
                            (rising edge-triggered cell FDRE clocked by clk  {rise@0.000ns fall@2.222ns period=4.444ns})
  Destination:            gen_mmu_tlb_sv32.m_Tlb/tag_reg_r2_0_15_0_5/RAMC/WADR0
                            (rising edge-triggered cell RAMD32 clocked by clk  {rise@0.000ns fall@2.222ns period=4.444ns})
  Path Group:             clk
  Path Type:              Hold (Min at Fast Process Corner)
  Requirement:            0.000ns  (clk rise@0.000ns - clk rise@0.000ns)
  Data Path Delay:        0.399ns  (logic 0.100ns (25.074%)  route 0.299ns (74.926%))
  Logic Levels:           0  
  Clock Path Skew:        0.014ns (DCD - SCD - CPR)
    Destination Clock Delay (DCD):    0.280ns
    Source Clock Delay      (SCD):    0.266ns
    Clock Pessimism Removal (CPR):    -0.000ns

    Location             Delay type                Incr(ns)  Path(ns)    Netlist Resource(s)
  -------------------------------------------------------------------    -------------------
                         (clock clk rise edge)        0.000     0.000 r  <hidden>
                                                      0.000     0.000 r  clk
                         net (fo=582, unset)          0.266     0.266    m_PC/clk
    SLICE_X41Y169        FDRE                                         r  m_PC/pc_o_reg[12]/C
  -------------------------------------------------------------------    -------------------
    SLICE_X41Y169        FDRE (Prop_fdre_C_Q)         0.100     0.366 r  m_PC/pc_o_reg[12]/Q
                         net (fo=75, routed)          0.299     0.665    gen_mmu_tlb_sv32.m_Tlb/tag_reg_r2_0_15_0_5/ADDRD0
    SLICE_X38Y171        RAMD32                                       r  gen_mmu_tlb_sv32.m_Tlb/tag_reg_r2_0_15_0_5/RAMC/WADR0
  -------------------------------------------------------------------    -------------------

                         (clock clk rise edge)        0.000     0.000 r  <hidden>
                                                      0.000     0.000 r  clk
                         net (fo=582, unset)          0.280     0.280    gen_mmu_tlb_sv32.m_Tlb/tag_reg_r2_0_15_0_5/WCLK
    SLICE_X38Y171        RAMD32                                       r  gen_mmu_tlb_sv32.m_Tlb/tag_reg_r2_0_15_0_5/RAMC/CLK
                         clock pessimism              0.000     0.280    <hidden>
    SLICE_X38Y171        RAMD32 (Hold_ramd32_CLK_WADR0)
                                                      0.297     0.577    gen_mmu_tlb_sv32.m_Tlb/tag_reg_r2_0_15_0_5/RAMC
  -------------------------------------------------------------------
                         required time                         -0.577    <hidden>
                         arrival time                           0.665    <hidden>
  -------------------------------------------------------------------
                         slack                                  0.088    <hidden>

Slack (MET) :             0.088ns  (arrival time - required time)
  Source:                 m_PC/pc_o_reg[12]/C
                            (rising edge-triggered cell FDRE clocked by clk  {rise@0.000ns fall@2.222ns period=4.444ns})
  Destination:            gen_mmu_tlb_sv32.m_Tlb/tag_reg_r2_0_15_0_5/RAMC_D1/WADR0
                            (rising edge-triggered cell RAMD32 clocked by clk  {rise@0.000ns fall@2.222ns period=4.444ns})
  Path Group:             clk
  Path Type:              Hold (Min at Fast Process Corner)
  Requirement:            0.000ns  (clk rise@0.000ns - clk rise@0.000ns)
  Data Path Delay:        0.399ns  (logic 0.100ns (25.074%)  route 0.299ns (74.926%))
  Logic Levels:           0  
  Clock Path Skew:        0.014ns (DCD - SCD - CPR)
    Destination Clock Delay (DCD):    0.280ns
    Source Clock Delay      (SCD):    0.266ns
    Clock Pessimism Removal (CPR):    -0.000ns

    Location             Delay type                Incr(ns)  Path(ns)    Netlist Resource(s)
  -------------------------------------------------------------------    -------------------
                         (clock clk rise edge)        0.000     0.000 r  <hidden>
                                                      0.000     0.000 r  clk
                         net (fo=582, unset)          0.266     0.266    m_PC/clk
    SLICE_X41Y169        FDRE                                         r  m_PC/pc_o_reg[12]/C
  -------------------------------------------------------------------    -------------------
    SLICE_X41Y169        FDRE (Prop_fdre_C_Q)         0.100     0.366 r  m_PC/pc_o_reg[12]/Q
                         net (fo=75, routed)          0.299     0.665    gen_mmu_tlb_sv32.m_Tlb/tag_reg_r2_0_15_0_5/ADDRD0
    SLICE_X38Y171        RAMD32                                       r  gen_mmu_tlb_sv32.m_Tlb/tag_reg_r2_0_15_0_5/RAMC_D1/WADR0
  -------------------------------------------------------------------    -------------------

                         (clock clk rise edge)        0.000     0.000 r  <hidden>
                                                      0.000     0.000 r  clk
                         net (fo=582, unset)          0.280     0.280    gen_mmu_tlb_sv32.m_Tlb/tag_reg_r2_0_15_0_5/WCLK
    SLICE_X38Y171        RAMD32                                       r  gen_mmu_tlb_sv32.m_Tlb/tag_reg_r2_0_15_0_5/RAMC_D1/CLK
                         clock pessimism              0.000     0.280    <hidden>
    SLICE_X38Y171        RAMD32 (Hold_ramd32_CLK_WADR0)
                                                      0.297     0.577    gen_mmu_tlb_sv32.m_Tlb/tag_reg_r2_0_15_0_5/RAMC_D1
  -------------------------------------------------------------------
                         required time                         -0.577    <hidden>
                         arrival time                           0.665    <hidden>
  -------------------------------------------------------------------
                         slack                                  0.088    <hidden>

Slack (MET) :             0.088ns  (arrival time - required time)
  Source:                 m_PC/pc_o_reg[12]/C
                            (rising edge-triggered cell FDRE clocked by clk  {rise@0.000ns fall@2.222ns period=4.444ns})
  Destination:            gen_mmu_tlb_sv32.m_Tlb/tag_reg_r2_0_15_0_5/RAMD/ADR0
                            (rising edge-triggered cell RAMS32 clocked by clk  {rise@0.000ns fall@2.222ns period=4.444ns})
  Path Group:             clk
  Path Type:              Hold (Min at Fast Process Corner)
  Requirement:            0.000ns  (clk rise@0.000ns - clk rise@0.000ns)
  Data Path Delay:        0.399ns  (logic 0.100ns (25.074%)  route 0.299ns (74.926%))
  Logic Levels:           0  
  Clock Path Skew:        0.014ns (DCD - SCD - CPR)
    Destination Clock Delay (DCD):    0.280ns
    Source Clock Delay      (SCD):    0.266ns
    Clock Pessimism Removal (CPR):    -0.000ns

    Location             Delay type                Incr(ns)  Path(ns)    Netlist Resource(s)
  -------------------------------------------------------------------    -------------------
                         (clock clk rise edge)        0.000     0.000 r  <hidden>
                                                      0.000     0.000 r  clk
                         net (fo=582, unset)          0.266     0.266    m_PC/clk
    SLICE_X41Y169        FDRE                                         r  m_PC/pc_o_reg[12]/C
  -------------------------------------------------------------------    -------------------
    SLICE_X41Y169        FDRE (Prop_fdre_C_Q)         0.100     0.366 r  m_PC/pc_o_reg[12]/Q
                         net (fo=75, routed)          0.299     0.665    gen_mmu_tlb_sv32.m_Tlb/tag_reg_r2_0_15_0_5/ADDRD0
    SLICE_X38Y171        RAMS32                                       r  gen_mmu_tlb_sv32.m_Tlb/tag_reg_r2_0_15_0_5/RAMD/ADR0
  -------------------------------------------------------------------    -------------------

                         (clock clk rise edge)        0.000     0.000 r  <hidden>
                                                      0.000     0.000 r  clk
                         net (fo=582, unset)          0.280     0.280    gen_mmu_tlb_sv32.m_Tlb/tag_reg_r2_0_15_0_5/WCLK
    SLICE_X38Y171        RAMS32                                       r  gen_mmu_tlb_sv32.m_Tlb/tag_reg_r2_0_15_0_5/RAMD/CLK
                         clock pessimism              0.000     0.280    <hidden>
    SLICE_X38Y171        RAMS32 (Hold_rams32_CLK_ADR0)
                                                      0.297     0.577    gen_mmu_tlb_sv32.m_Tlb/tag_reg_r2_0_15_0_5/RAMD
  -------------------------------------------------------------------
                         required time                         -0.577    <hidden>
                         arrival time                           0.665    <hidden>
  -------------------------------------------------------------------
                         slack                                  0.088    <hidden>

Slack (MET) :             0.088ns  (arrival time - required time)
  Source:                 m_PC/pc_o_reg[12]/C
                            (rising edge-triggered cell FDRE clocked by clk  {rise@0.000ns fall@2.222ns period=4.444ns})
  Destination:            gen_mmu_tlb_sv32.m_Tlb/tag_reg_r2_0_15_0_5/RAMD_D1/ADR0
                            (rising edge-triggered cell RAMS32 clocked by clk  {rise@0.000ns fall@2.222ns period=4.444ns})
  Path Group:             clk
  Path Type:              Hold (Min at Fast Process Corner)
  Requirement:            0.000ns  (clk rise@0.000ns - clk rise@0.000ns)
  Data Path Delay:        0.399ns  (logic 0.100ns (25.074%)  route 0.299ns (74.926%))
  Logic Levels:           0  
  Clock Path Skew:        0.014ns (DCD - SCD - CPR)
    Destination Clock Delay (DCD):    0.280ns
    Source Clock Delay      (SCD):    0.266ns
    Clock Pessimism Removal (CPR):    -0.000ns

    Location             Delay type                Incr(ns)  Path(ns)    Netlist Resource(s)
  -------------------------------------------------------------------    -------------------
                         (clock clk rise edge)        0.000     0.000 r  <hidden>
                                                      0.000     0.000 r  clk
                         net (fo=582, unset)          0.266     0.266    m_PC/clk
    SLICE_X41Y169        FDRE                                         r  m_PC/pc_o_reg[12]/C
  -------------------------------------------------------------------    -------------------
    SLICE_X41Y169        FDRE (Prop_fdre_C_Q)         0.100     0.366 r  m_PC/pc_o_reg[12]/Q
                         net (fo=75, routed)          0.299     0.665    gen_mmu_tlb_sv32.m_Tlb/tag_reg_r2_0_15_0_5/ADDRD0
    SLICE_X38Y171        RAMS32                                       r  gen_mmu_tlb_sv32.m_Tlb/tag_reg_r2_0_15_0_5/RAMD_D1/ADR0
  -------------------------------------------------------------------    -------------------

                         (clock clk rise edge)        0.000     0.000 r  <hidden>
                                                      0.000     0.000 r  clk
                         net (fo=582, unset)          0.280     0.280    gen_mmu_tlb_sv32.m_Tlb/tag_reg_r2_0_15_0_5/WCLK
    SLICE_X38Y171        RAMS32                                       r  gen_mmu_tlb_sv32.m_Tlb/tag_reg_r2_0_15_0_5/RAMD_D1/CLK
                         clock pessimism              0.000     0.280    <hidden>
    SLICE_X38Y171        RAMS32 (Hold_rams32_CLK_ADR0)
                                                      0.297     0.577    gen_mmu_tlb_sv32.m_Tlb/tag_reg_r2_0_15_0_5/RAMD_D1
  -------------------------------------------------------------------
                         required time                         -0.577    <hidden>
                         arrival time                           0.665    <hidden>
  -------------------------------------------------------------------
                         slack                                  0.088    <hidden>

Slack (MET) :             0.091ns  (arrival time - required time)
  Source:                 m_PC/pc_o_reg[24]/C
                            (rising edge-triggered cell FDRE clocked by clk  {rise@0.000ns fall@2.222ns period=4.444ns})
  Destination:            gen_mmu_tlb_sv32.m_Tlb/tag_reg_r2_0_15_12_17/RAMA/I
                            (rising edge-triggered cell RAMD32 clocked by clk  {rise@0.000ns fall@2.222ns period=4.444ns})
  Path Group:             clk
  Path Type:              Hold (Min at Fast Process Corner)
  Requirement:            0.000ns  (clk rise@0.000ns - clk rise@0.000ns)
  Data Path Delay:        0.200ns  (logic 0.091ns (45.515%)  route 0.109ns (54.485%))
  Logic Levels:           0  
  Clock Path Skew:        0.014ns (DCD - SCD - CPR)
    Destination Clock Delay (DCD):    0.280ns
    Source Clock Delay      (SCD):    0.266ns
    Clock Pessimism Removal (CPR):    -0.000ns

    Location             Delay type                Incr(ns)  Path(ns)    Netlist Resource(s)
  -------------------------------------------------------------------    -------------------
                         (clock clk rise edge)        0.000     0.000 r  <hidden>
                                                      0.000     0.000 r  clk
                         net (fo=582, unset)          0.266     0.266    m_PC/clk
    SLICE_X41Y172        FDRE                                         r  m_PC/pc_o_reg[24]/C
  -------------------------------------------------------------------    -------------------
    SLICE_X41Y172        FDRE (Prop_fdre_C_Q)         0.091     0.357 r  m_PC/pc_o_reg[24]/Q
                         net (fo=5, routed)           0.109     0.466    gen_mmu_tlb_sv32.m_Tlb/tag_reg_r2_0_15_12_17/DIA0
    SLICE_X38Y173        RAMD32                                       r  gen_mmu_tlb_sv32.m_Tlb/tag_reg_r2_0_15_12_17/RAMA/I
  -------------------------------------------------------------------    -------------------

                         (clock clk rise edge)        0.000     0.000 r  <hidden>
                                                      0.000     0.000 r  clk
                         net (fo=582, unset)          0.280     0.280    gen_mmu_tlb_sv32.m_Tlb/tag_reg_r2_0_15_12_17/WCLK
    SLICE_X38Y173        RAMD32                                       r  gen_mmu_tlb_sv32.m_Tlb/tag_reg_r2_0_15_12_17/RAMA/CLK
                         clock pessimism              0.000     0.280    <hidden>
    SLICE_X38Y173        RAMD32 (Hold_ramd32_CLK_I)
                                                      0.095     0.375    gen_mmu_tlb_sv32.m_Tlb/tag_reg_r2_0_15_12_17/RAMA
  -------------------------------------------------------------------
                         required time                         -0.375    <hidden>
                         arrival time                           0.466    <hidden>
  -------------------------------------------------------------------
                         slack                                  0.091    <hidden>

Slack (MET) :             0.098ns  (arrival time - required time)
  Source:                 m_Register/regs_reg[10][1]/C
                            (rising edge-triggered cell FDRE clocked by clk  {rise@0.000ns fall@2.222ns period=4.444ns})
  Destination:            m_Register/regs_reg[10][1]/D
                            (rising edge-triggered cell FDRE clocked by clk  {rise@0.000ns fall@2.222ns period=4.444ns})
  Path Group:             clk
  Path Type:              Hold (Min at Fast Process Corner)
  Requirement:            0.000ns  (clk rise@0.000ns - clk rise@0.000ns)
  Data Path Delay:        0.155ns  (logic 0.100ns (64.566%)  route 0.055ns (35.434%))
  Logic Levels:           0  
  Clock Path Skew:        0.014ns (DCD - SCD - CPR)
    Destination Clock Delay (DCD):    0.280ns
    Source Clock Delay      (SCD):    0.266ns
    Clock Pessimism Removal (CPR):    -0.000ns

    Location             Delay type                Incr(ns)  Path(ns)    Netlist Resource(s)
  -------------------------------------------------------------------    -------------------
                         (clock clk rise edge)        0.000     0.000 r  <hidden>
                                                      0.000     0.000 r  clk
                         net (fo=582, unset)          0.266     0.266    m_Register/clk
    SLICE_X39Y161        FDRE                                         r  m_Register/regs_reg[10][1]/C
  -------------------------------------------------------------------    -------------------
    SLICE_X39Y161        FDRE (Prop_fdre_C_Q)         0.100     0.366 r  m_Register/regs_reg[10][1]/Q
                         net (fo=1, routed)           0.055     0.421    m_Register/debug_x10[1]
    SLICE_X39Y161        FDRE                                         r  m_Register/regs_reg[10][1]/D
  -------------------------------------------------------------------    -------------------

                         (clock clk rise edge)        0.000     0.000 r  <hidden>
                                                      0.000     0.000 r  clk
                         net (fo=582, unset)          0.280     0.280    m_Register/clk
    SLICE_X39Y161        FDRE                                         r  m_Register/regs_reg[10][1]/C
                         clock pessimism              0.000     0.280    <hidden>
    SLICE_X39Y161        FDRE (Hold_fdre_C_D)         0.043     0.323    m_Register/regs_reg[10][1]
  -------------------------------------------------------------------
                         required time                         -0.323    <hidden>
                         arrival time                           0.421    <hidden>
  -------------------------------------------------------------------
                         slack                                  0.098    <hidden>





Pulse Width Checks
--------------------------------------------------------------------------------------
Clock Name:         clk
Waveform(ns):       { 0.000 2.222 }
Period(ns):         4.444
Sources:            { clk }

Check Type        Corner  Lib Pin     Reference Pin  Required(ns)  Actual(ns)  Slack(ns)  Location       Pin
Min Period        n/a     FDRE/C      n/a            0.750         4.444       3.694      SLICE_X38Y178  gen_mmu_ptw_sv32.m_Ptw/pte_r_reg[0]/C
Min Period        n/a     FDRE/C      n/a            0.750         4.444       3.694      SLICE_X38Y178  gen_mmu_ptw_sv32.m_Ptw/pte_r_reg[10]/C
Min Period        n/a     FDRE/C      n/a            0.750         4.444       3.694      SLICE_X46Y170  m_CSR/mcause_reg[12]/C
Min Period        n/a     FDRE/C      n/a            0.750         4.444       3.694      SLICE_X46Y170  m_CSR/mcause_reg[14]/C
Min Period        n/a     FDRE/C      n/a            0.750         4.444       3.694      SLICE_X45Y170  m_CSR/mcause_reg[16]/C
Min Period        n/a     FDRE/C      n/a            0.750         4.444       3.694      SLICE_X46Y169  m_CSR/mcause_reg[18]/C
Min Period        n/a     FDRE/C      n/a            0.750         4.444       3.694      SLICE_X45Y170  m_CSR/mcause_reg[20]/C
Min Period        n/a     FDRE/C      n/a            0.750         4.444       3.694      SLICE_X46Y169  m_CSR/mcause_reg[22]/C
Min Period        n/a     FDRE/C      n/a            0.750         4.444       3.694      SLICE_X46Y169  m_CSR/mcause_reg[24]/C
Min Period        n/a     FDRE/C      n/a            0.750         4.444       3.694      SLICE_X46Y169  m_CSR/mcause_reg[26]/C
Low Pulse Width   Slow    RAMD32/CLK  n/a            0.768         2.222       1.454      SLICE_X38Y171  gen_mmu_tlb_sv32.m_Tlb/tag_reg_r2_0_15_0_5/RAMA/CLK
Low Pulse Width   Fast    RAMD32/CLK  n/a            0.768         2.222       1.454      SLICE_X38Y171  gen_mmu_tlb_sv32.m_Tlb/tag_reg_r2_0_15_0_5/RAMA/CLK
Low Pulse Width   Slow    RAMD32/CLK  n/a            0.768         2.222       1.454      SLICE_X38Y171  gen_mmu_tlb_sv32.m_Tlb/tag_reg_r2_0_15_0_5/RAMA_D1/CLK
Low Pulse Width   Fast    RAMD32/CLK  n/a            0.768         2.222       1.454      SLICE_X38Y171  gen_mmu_tlb_sv32.m_Tlb/tag_reg_r2_0_15_0_5/RAMA_D1/CLK
Low Pulse Width   Slow    RAMD32/CLK  n/a            0.768         2.222       1.454      SLICE_X38Y171  gen_mmu_tlb_sv32.m_Tlb/tag_reg_r2_0_15_0_5/RAMB/CLK
Low Pulse Width   Fast    RAMD32/CLK  n/a            0.768         2.222       1.454      SLICE_X38Y171  gen_mmu_tlb_sv32.m_Tlb/tag_reg_r2_0_15_0_5/RAMB/CLK
Low Pulse Width   Slow    RAMD32/CLK  n/a            0.768         2.222       1.454      SLICE_X38Y171  gen_mmu_tlb_sv32.m_Tlb/tag_reg_r2_0_15_0_5/RAMB_D1/CLK
Low Pulse Width   Fast    RAMD32/CLK  n/a            0.768         2.222       1.454      SLICE_X38Y171  gen_mmu_tlb_sv32.m_Tlb/tag_reg_r2_0_15_0_5/RAMB_D1/CLK
Low Pulse Width   Slow    RAMD32/CLK  n/a            0.768         2.222       1.454      SLICE_X38Y171  gen_mmu_tlb_sv32.m_Tlb/tag_reg_r2_0_15_0_5/RAMC/CLK
Low Pulse Width   Fast    RAMD32/CLK  n/a            0.768         2.222       1.454      SLICE_X38Y171  gen_mmu_tlb_sv32.m_Tlb/tag_reg_r2_0_15_0_5/RAMC/CLK
High Pulse Width  Slow    RAMD32/CLK  n/a            0.768         2.222       1.454      SLICE_X38Y171  gen_mmu_tlb_sv32.m_Tlb/tag_reg_r2_0_15_0_5/RAMA/CLK
High Pulse Width  Fast    RAMD32/CLK  n/a            0.768         2.222       1.454      SLICE_X38Y171  gen_mmu_tlb_sv32.m_Tlb/tag_reg_r2_0_15_0_5/RAMA/CLK
High Pulse Width  Slow    RAMD32/CLK  n/a            0.768         2.222       1.454      SLICE_X38Y171  gen_mmu_tlb_sv32.m_Tlb/tag_reg_r2_0_15_0_5/RAMA_D1/CLK
High Pulse Width  Fast    RAMD32/CLK  n/a            0.768         2.222       1.454      SLICE_X38Y171  gen_mmu_tlb_sv32.m_Tlb/tag_reg_r2_0_15_0_5/RAMA_D1/CLK
High Pulse Width  Slow    RAMD32/CLK  n/a            0.768         2.222       1.454      SLICE_X38Y171  gen_mmu_tlb_sv32.m_Tlb/tag_reg_r2_0_15_0_5/RAMB/CLK
High Pulse Width  Fast    RAMD32/CLK  n/a            0.768         2.222       1.454      SLICE_X38Y171  gen_mmu_tlb_sv32.m_Tlb/tag_reg_r2_0_15_0_5/RAMB/CLK
High Pulse Width  Slow    RAMD32/CLK  n/a            0.768         2.222       1.454      SLICE_X38Y171  gen_mmu_tlb_sv32.m_Tlb/tag_reg_r2_0_15_0_5/RAMB_D1/CLK
High Pulse Width  Fast    RAMD32/CLK  n/a            0.768         2.222       1.454      SLICE_X38Y171  gen_mmu_tlb_sv32.m_Tlb/tag_reg_r2_0_15_0_5/RAMB_D1/CLK
High Pulse Width  Slow    RAMD32/CLK  n/a            0.768         2.222       1.454      SLICE_X38Y171  gen_mmu_tlb_sv32.m_Tlb/tag_reg_r2_0_15_0_5/RAMC/CLK
High Pulse Width  Fast    RAMD32/CLK  n/a            0.768         2.222       1.454      SLICE_X38Y171  gen_mmu_tlb_sv32.m_Tlb/tag_reg_r2_0_15_0_5/RAMC/CLK



